Archive member included to satisfy reference by file (symbol)

C:/ST/STM32CubeIDE_1.13.2/STM32CubeIDE/plugins/com.st.stm32cube.ide.mcu.externaltools.gnu-tools-for-stm32.12.3.rel1.win32_1.0.200.202406191623/tools/bin/../lib/gcc/arm-none-eabi/12.3.1/../../../../arm-none-eabi/lib/thumb/v7e-m+fp/hard\libc_nano.a(libc_a-exit.o)
                              C:/ST/STM32CubeIDE_1.13.2/STM32CubeIDE/plugins/com.st.stm32cube.ide.mcu.externaltools.gnu-tools-for-stm32.12.3.rel1.win32_1.0.200.202406191623/tools/bin/../lib/gcc/arm-none-eabi/12.3.1/../../../../arm-none-eabi/lib/thumb/v7e-m+fp/hard/crt0.o (exit)
C:/ST/STM32CubeIDE_1.13.2/STM32CubeIDE/plugins/com.st.stm32cube.ide.mcu.externaltools.gnu-tools-for-stm32.12.3.rel1.win32_1.0.200.202406191623/tools/bin/../lib/gcc/arm-none-eabi/12.3.1/../../../../arm-none-eabi/lib/thumb/v7e-m+fp/hard\libc_nano.a(libc_a-findfp.o)
                              C:/ST/STM32CubeIDE_1.13.2/STM32CubeIDE/plugins/com.st.stm32cube.ide.mcu.externaltools.gnu-tools-for-stm32.12.3.rel1.win32_1.0.200.202406191623/tools/bin/../lib/gcc/arm-none-eabi/12.3.1/../../../../arm-none-eabi/lib/thumb/v7e-m+fp/hard\libc_nano.a(libc_a-exit.o) (__stdio_exit_handler)
C:/ST/STM32CubeIDE_1.13.2/STM32CubeIDE/plugins/com.st.stm32cube.ide.mcu.externaltools.gnu-tools-for-stm32.12.3.rel1.win32_1.0.200.202406191623/tools/bin/../lib/gcc/arm-none-eabi/12.3.1/../../../../arm-none-eabi/lib/thumb/v7e-m+fp/hard\libc_nano.a(libc_a-fwalk.o)
                              C:/ST/STM32CubeIDE_1.13.2/STM32CubeIDE/plugins/com.st.stm32cube.ide.mcu.externaltools.gnu-tools-for-stm32.12.3.rel1.win32_1.0.200.202406191623/tools/bin/../lib/gcc/arm-none-eabi/12.3.1/../../../../arm-none-eabi/lib/thumb/v7e-m+fp/hard\libc_nano.a(libc_a-findfp.o) (_fwalk_sglue)
C:/ST/STM32CubeIDE_1.13.2/STM32CubeIDE/plugins/com.st.stm32cube.ide.mcu.externaltools.gnu-tools-for-stm32.12.3.rel1.win32_1.0.200.202406191623/tools/bin/../lib/gcc/arm-none-eabi/12.3.1/../../../../arm-none-eabi/lib/thumb/v7e-m+fp/hard\libc_nano.a(libc_a-stdio.o)
                              C:/ST/STM32CubeIDE_1.13.2/STM32CubeIDE/plugins/com.st.stm32cube.ide.mcu.externaltools.gnu-tools-for-stm32.12.3.rel1.win32_1.0.200.202406191623/tools/bin/../lib/gcc/arm-none-eabi/12.3.1/../../../../arm-none-eabi/lib/thumb/v7e-m+fp/hard\libc_nano.a(libc_a-findfp.o) (__sread)
C:/ST/STM32CubeIDE_1.13.2/STM32CubeIDE/plugins/com.st.stm32cube.ide.mcu.externaltools.gnu-tools-for-stm32.12.3.rel1.win32_1.0.200.202406191623/tools/bin/../lib/gcc/arm-none-eabi/12.3.1/../../../../arm-none-eabi/lib/thumb/v7e-m+fp/hard\libc_nano.a(libc_a-memset.o)
                              C:/ST/STM32CubeIDE_1.13.2/STM32CubeIDE/plugins/com.st.stm32cube.ide.mcu.externaltools.gnu-tools-for-stm32.12.3.rel1.win32_1.0.200.202406191623/tools/bin/../lib/gcc/arm-none-eabi/12.3.1/../../../../arm-none-eabi/lib/thumb/v7e-m+fp/hard/crt0.o (memset)
C:/ST/STM32CubeIDE_1.13.2/STM32CubeIDE/plugins/com.st.stm32cube.ide.mcu.externaltools.gnu-tools-for-stm32.12.3.rel1.win32_1.0.200.202406191623/tools/bin/../lib/gcc/arm-none-eabi/12.3.1/../../../../arm-none-eabi/lib/thumb/v7e-m+fp/hard\libc_nano.a(libc_a-closer.o)
                              C:/ST/STM32CubeIDE_1.13.2/STM32CubeIDE/plugins/com.st.stm32cube.ide.mcu.externaltools.gnu-tools-for-stm32.12.3.rel1.win32_1.0.200.202406191623/tools/bin/../lib/gcc/arm-none-eabi/12.3.1/../../../../arm-none-eabi/lib/thumb/v7e-m+fp/hard\libc_nano.a(libc_a-stdio.o) (_close_r)
C:/ST/STM32CubeIDE_1.13.2/STM32CubeIDE/plugins/com.st.stm32cube.ide.mcu.externaltools.gnu-tools-for-stm32.12.3.rel1.win32_1.0.200.202406191623/tools/bin/../lib/gcc/arm-none-eabi/12.3.1/../../../../arm-none-eabi/lib/thumb/v7e-m+fp/hard\libc_nano.a(libc_a-reent.o)
                              C:/ST/STM32CubeIDE_1.13.2/STM32CubeIDE/plugins/com.st.stm32cube.ide.mcu.externaltools.gnu-tools-for-stm32.12.3.rel1.win32_1.0.200.202406191623/tools/bin/../lib/gcc/arm-none-eabi/12.3.1/../../../../arm-none-eabi/lib/thumb/v7e-m+fp/hard\libc_nano.a(libc_a-closer.o) (errno)
C:/ST/STM32CubeIDE_1.13.2/STM32CubeIDE/plugins/com.st.stm32cube.ide.mcu.externaltools.gnu-tools-for-stm32.12.3.rel1.win32_1.0.200.202406191623/tools/bin/../lib/gcc/arm-none-eabi/12.3.1/../../../../arm-none-eabi/lib/thumb/v7e-m+fp/hard\libc_nano.a(libc_a-impure.o)
                              C:/ST/STM32CubeIDE_1.13.2/STM32CubeIDE/plugins/com.st.stm32cube.ide.mcu.externaltools.gnu-tools-for-stm32.12.3.rel1.win32_1.0.200.202406191623/tools/bin/../lib/gcc/arm-none-eabi/12.3.1/../../../../arm-none-eabi/lib/thumb/v7e-m+fp/hard\libc_nano.a(libc_a-reent.o) (_impure_ptr)
C:/ST/STM32CubeIDE_1.13.2/STM32CubeIDE/plugins/com.st.stm32cube.ide.mcu.externaltools.gnu-tools-for-stm32.12.3.rel1.win32_1.0.200.202406191623/tools/bin/../lib/gcc/arm-none-eabi/12.3.1/../../../../arm-none-eabi/lib/thumb/v7e-m+fp/hard\libc_nano.a(libc_a-lseekr.o)
[...]
Memory Configuration

Name             Origin             Length             Attributes
CCMRAM           0x10000000         0x00010000         xrw
RAM              0x20000000         0x00030000         xrw
FLASH            0x08000000         0x00200000         xr
*default*        0x00000000         0xffffffff

Linker script and memory map

LOAD C:/ST/STM32CubeIDE_1.13.2/STM32CubeIDE/plugins/com.st.stm32cube.ide.mcu.externaltools.gnu-tools-for-stm32.12.3.rel1.win32_1.0.200.202406191623/tools/bin/../lib/gcc/arm-none-eabi/12.3.1/thumb/v7e-m+fp/hard/crti.o
LOAD C:/ST/STM32CubeIDE_1.13.2/STM32CubeIDE/plugins/com.st.stm32cube.ide.mcu.externaltools.gnu-tools-for-stm32.12.3.rel1.win32_1.0.200.202406191623/tools/bin/../lib/gcc/arm-none-eabi/12.3.1/thumb/v7e-m+fp/hard/crtbegin.o
LOAD C:/ST/STM32CubeIDE_1.13.2/STM32CubeIDE/plugins/com.st.stm32cube.ide.mcu.externaltools.gnu-tools-for-stm32.12.3.rel1.win32_1.0.200.202406191623/tools/bin/../lib/gcc/arm-none-eabi/12.3.1/../../../../arm-none-eabi/lib/thumb/v7e-m+fp/hard/crt0.o
LOAD ./Core/Src/freertos.o
LOAD ./Core/Src/main.o
LOAD ./Core/Src/stm32f4xx_hal_msp.o
LOAD ./Core/Src/stm32f4xx_hal_timebase_tim.o
LOAD ./Core/Src/stm32f4xx_it.o
LOAD ./Core/Src/syscalls.o
LOAD ./Core/Src/sysmem.o
LOAD ./Core/Src/system_stm32f4xx.o
LOAD ./Core/Startup/startup_stm32f429zitx.o
LOAD ./Drivers/STM32F4xx_HAL_Driver/Src/stm32f4xx_hal.o
LOAD ./Drivers/STM32F4xx_HAL_Driver/Src/stm32f4xx_hal_cortex.o
LOAD ./Drivers/STM32F4xx_HAL_Driver/Src/stm32f4xx_hal_crc.o
LOAD ./Drivers/STM32F4xx_HAL_Driver/Src/stm32f4xx_hal_dma.o
LOAD ./Drivers/STM32F4xx_HAL_Driver/Src/stm32f4xx_hal_dma2d.o
LOAD ./Drivers/STM32F4xx_HAL_Driver/Src/stm32f4xx_hal_dma_ex.o
LOAD ./Drivers/STM32F4xx_HAL_Driver/Src/stm32f4xx_hal_dsi.o
LOAD ./Drivers/STM32F4xx_HAL_Driver/Src/stm32f4xx_hal_exti.o
LOAD ./Drivers/STM32F4xx_HAL_Driver/Src/stm32f4xx_hal_flash.o
LOAD ./Drivers/STM32F4xx_HAL_Driver/Src/stm32f4xx_hal_flash_ex.o
LOAD ./Drivers/STM32F4xx_HAL_Driver/Src/stm32f4xx_hal_flash_ramfunc.o
LOAD ./Drivers/STM32F4xx_HAL_Driver/Src/stm32f4xx_hal_gpio.o
LOAD ./Drivers/STM32F4xx_HAL_Driver/Src/stm32f4xx_hal_i2c.o
LOAD ./Drivers/STM32F4xx_HAL_Driver/Src/stm32f4xx_hal_i2c_ex.o
LOAD ./Drivers/STM32F4xx_HAL_Driver/Src/stm32f4xx_hal_ltdc.o
LOAD ./Drivers/STM32F4xx_HAL_Driver/Src/stm32f4xx_hal_ltdc_ex.o
LOAD ./Drivers/STM32F4xx_HAL_Driver/Src/stm32f4xx_hal_pcd.o
LOAD ./Drivers/STM32F4xx_HAL_Driver/Src/stm32f4xx_hal_pcd_ex.o
LOAD ./Drivers/STM32F4xx_HAL_Driver/Src/stm32f4xx_hal_pwr.o
LOAD ./Drivers/STM32F4xx_HAL_Driver/Src/stm32f4xx_hal_pwr_ex.o
LOAD ./Drivers/STM32F4xx_HAL_Driver/Src/stm32f4xx_hal_rcc.o
LOAD ./Drivers/STM32F4xx_HAL_Driver/Src/stm32f4xx_hal_rcc_ex.o
LOAD ./Drivers/STM32F4xx_HAL_Driver/Src/stm32f4xx_hal_sdram.o
LOAD ./Drivers/STM32F4xx_HAL_Driver/Src/stm32f4xx_hal_spi.o
LOAD ./Drivers/STM32F4xx_HAL_Driver/Src/stm32f4xx_hal_tim.o
LOAD ./Drivers/STM32F4xx_HAL_Driver/Src/stm32f4xx_hal_tim_ex.o
LOAD ./Drivers/STM32F4xx_HAL_Driver/Src/stm32f4xx_hal_uart.o
LOAD ./Drivers/STM32F4xx_HAL_Driver/Src/stm32f4xx_ll_fmc.o
LOAD ./Drivers/STM32F4xx_HAL_Driver/Src/stm32f4xx_ll_usb.o
LOAD ./Middlewares/ST/STM32_USB_Device_Library/Class/CDC/Src/usbd_cdc.o
LOAD ./Middlewares/ST/STM32_USB_Device_Library/Core/Src/usbd_core.o
LOAD ./Middlewares/ST/STM32_USB_Device_Library/Core/Src/usbd_ctlreq.o
LOAD ./Middlewares/ST/STM32_USB_Device_Library/Core/Src/usbd_ioreq.o
LOAD ./Middlewares/Third_Party/FreeRTOS/Source/CMSIS_RTOS/cmsis_os.o
LOAD ./Middlewares/Third_Party/FreeRTOS/Source/croutine.o
LOAD ./Middlewares/Third_Party/FreeRTOS/Source/event_groups.o
LOAD ./Middlewares/Third_Party/FreeRTOS/Source/list.o
LOAD ./Middlewares/Third_Party/FreeRTOS/Source/queue.o
LOAD ./Middlewares/Third_Party/FreeRTOS/Source/stream_buffer.o
LOAD ./Middlewares/Third_Party/FreeRTOS/Source/tasks.o
LOAD ./Middlewares/Third_Party/FreeRTOS/Source/timers.o
LOAD ./Middlewares/Third_Party/FreeRTOS/Source/portable/GCC/ARM_CM4F/port.o
LOAD ./Middlewares/Third_Party/FreeRTOS/Source/portable/MemMang/heap_4.o
LOAD ./USB_DEVICE/App/usb_device.o
LOAD ./USB_DEVICE/App/usbd_cdc_if.o
LOAD ./USB_DEVICE/App/usbd_desc.o
LOAD ./USB_DEVICE/Target/usbd_conf.o
START GROUP
LOAD C:/ST/STM32CubeIDE_1.13.2/STM32CubeIDE/plugins/com.st.stm32cube.ide.mcu.externaltools.gnu-tools-for-stm32.12.3.rel1.win32_1.0.200.202406191623/tools/bin/../lib/gcc/arm-none-eabi/12.3.1/../../../../arm-none-eabi/lib/thumb/v7e-m+fp/hard\libc_nano.a
LOAD C:/ST/STM32CubeIDE_1.13.2/STM32CubeIDE/plugins/com.st.stm32cube.ide.mcu.externaltools.gnu-tools-for-stm32.12.3.rel1.win32_1.0.200.202406191623/tools/bin/../lib/gcc/arm-none-eabi/12.3.1/../../../../arm-none-eabi/lib/thumb/v7e-m+fp/hard\libm.a
END GROUP
START GROUP
LOAD C:/ST/STM32CubeIDE_1.13.2/STM32CubeIDE/plugins/com.st.stm32cube.ide.mcu.externaltools.gnu-tools-for-stm32.12.3.rel1.win32_1.0.200.202406191623/tools/bin/../lib/gcc/arm-none-eabi/12.3.1/thumb/v7e-m+fp/hard\libgcc.a
LOAD C:/ST/STM32CubeIDE_1.13.2/STM32CubeIDE/plugins/com.st.stm32cube.ide.mcu.externaltools.gnu-tools-for-stm32.12.3.rel1.win32_1.0.200.202406191623/tools/bin/../lib/gcc/arm-none-eabi/12.3.1/../../../../arm-none-eabi/lib/thumb/v7e-m+fp/hard\libc_nano.a
END GROUP
START GROUP
LOAD C:/ST/STM32CubeIDE_1.13.2/STM32CubeIDE/plugins/com.st.stm32cube.ide.mcu.externaltools.gnu-tools-for-stm32.12.3.rel1.win32_1.0.200.202406191623/tools/bin/../lib/gcc/arm-none-eabi/12.3.1/thumb/v7e-m+fp/hard\libgcc.a
LOAD C:/ST/STM32CubeIDE_1.13.2/STM32CubeIDE/plugins/com.st.stm32cube.ide.mcu.externaltools.gnu-tools-for-stm32.12.3.rel1.win32_1.0.200.202406191623/tools/bin/../lib/gcc/arm-none-eabi/12.3.1/../../../../arm-none-eabi/lib/thumb/v7e-m+fp/hard\libc_nano.a
LOAD C:/ST/STM32CubeIDE_1.13.2/STM32CubeIDE/plugins/com.st.stm32cube.ide.mcu.externaltools.gnu-tools-for-stm32.12.3.rel1.win32_1.0.200.202406191623/tools/bin/../lib/gcc/arm-none-eabi/12.3.1/../../../../arm-none-eabi/lib/thumb/v7e-m+fp/hard\libnosys.a
END GROUP
START GROUP
LOAD C:/ST/STM32CubeIDE_1.13.2/STM32CubeIDE/plugins/com.st.stm32cube.ide.mcu.externaltools.gnu-tools-for-stm32.12.3.rel1.win32_1.0.200.202406191623/tools/bin/../lib/gcc/arm-none-eabi/12.3.1/thumb/v7e-m+fp/hard\libgcc.a
LOAD C:/ST/STM32CubeIDE_1.13.2/STM32CubeIDE/plugins/com.st.stm32cube.ide.mcu.externaltools.gnu-tools-for-stm32.12.3.rel1.win32_1.0.200.202406191623/tools/bin/../lib/gcc/arm-none-eabi/12.3.1/../../../../arm-none-eabi/lib/thumb/v7e-m+fp/hard\libc_nano.a
LOAD C:/ST/STM32CubeIDE_1.13.2/STM32CubeIDE/plugins/com.st.stm32cube.ide.mcu.externaltools.gnu-tools-for-stm32.12.3.rel1.win32_1.0.200.202406191623/tools/bin/../lib/gcc/arm-none-eabi/12.3.1/../../../../arm-none-eabi/lib/thumb/v7e-m+fp/hard\libnosys.a
END GROUP
LOAD C:/ST/STM32CubeIDE_1.13.2/STM32CubeIDE/plugins/com.st.stm32cube.ide.mcu.externaltools.gnu-tools-for-stm32.12.3.rel1.win32_1.0.200.202406191623/tools/bin/../lib/gcc/arm-none-eabi/12.3.1/thumb/v7e-m+fp/hard/crtend.o
LOAD C:/ST/STM32CubeIDE_1.13.2/STM32CubeIDE/plugins/com.st.stm32cube.ide.mcu.externaltools.gnu-tools-for-stm32.12.3.rel1.win32_1.0.200.202406191623/tools/bin/../lib/gcc/arm-none-eabi/12.3.1/thumb/v7e-m+fp/hard/crtn.o
                0x20030000                        _estack = (ORIGIN (RAM) + LENGTH (RAM))
                0x00000200                        _Min_Heap_Size = 0x200
                0x00000400                        _Min_Stack_Size = 0x400

.isr_vector     0x08000000      0x1ac
                0x08000000                        . = ALIGN (0x4)
 *(.isr_vector)
 .isr_vector    0x08000000      0x1ac ./Core/Startup/startup_stm32f429zitx.o
                0x08000000                g_pfnVectors
                0x080001ac                        . = ALIGN (0x4)

.text           0x080001b0     0xb304
                0x080001b0                        . = ALIGN (0x4)
 *(.text)
 .text          0x080001b0       0x40 C:/ST/STM32CubeIDE_1.13.2/STM32CubeIDE/plugins/com.st.stm32cube.ide.mcu.externaltools.gnu-tools-for-stm32.12.3.rel1.win32_1.0.200.202406191623/tools/bin/../lib/gcc/arm-none-eabi/12.3.1/thumb/v7e-m+fp/hard/crtbegin.o
 .text          0x080001f0       0x10 C:/ST/STM32CubeIDE_1.13.2/STM32CubeIDE/plugins/com.st.stm32cube.ide.mcu.externaltools.gnu-tools-for-stm32.12.3.rel1.win32_1.0.200.202406191623/tools/bin/../lib/gcc/arm-none-eabi/12.3.1/../../../../arm-none-eabi/lib/thumb/v7e-m+fp/hard\libc_nano.a(libc_a-strlen.o)
                0x080001f0                strlen
 .text          0x08000200       0x30 C:/ST/STM32CubeIDE_1.13.2/STM32CubeIDE/plugins/com.st.stm32cube.ide.mcu.externaltools.gnu-tools-for-stm32.12.3.rel1.win32_1.0.200.202406191623/tools/bin/../lib/gcc/arm-none-eabi/12.3.1/thumb/v7e-m+fp/hard\libgcc.a(_aeabi_uldivmod.o)
                0x08000200                __aeabi_uldivmod
 .text          0x08000230      0x2bc C:/ST/STM32CubeIDE_1.13.2/STM32CubeIDE/plugins/com.st.stm32cube.ide.mcu.externaltools.gnu-tools-for-stm32.12.3.rel1.win32_1.0.200.202406191623/tools/bin/../lib/gcc/arm-none-eabi/12.3.1/thumb/v7e-m+fp/hard\libgcc.a(_udivmoddi4.o)
                0x08000230                __udivmoddi4
 .text          0x080004ec        0x4 C:/ST/STM32CubeIDE_1.13.2/STM32CubeIDE/plugins/com.st.stm32cube.ide.mcu.externaltools.gnu-tools-for-stm32.12.3.rel1.win32_1.0.200.202406191623/tools/bin/../lib/gcc/arm-none-eabi/12.3.1/thumb/v7e-m+fp/hard\libgcc.a(_dvmd_tls.o)
                0x080004ec                __aeabi_idiv0
                0x080004ec                __aeabi_ldiv0
 *(.text*)
 .text.vApplicationIdleHook
                0x080004f0        0xe ./Core/Src/freertos.o
                0x080004f0                vApplicationIdleHook
 .text.vApplicationStackOverflowHook
                0x080004fe       0x16 ./Core/Src/freertos.o
                0x080004fe                vApplicationStackOverflowHook
 .text.vApplicationMallocFailedHook
                0x08000514        0xe ./Core/Src/freertos.o
                0x08000514                vApplicationMallocFailedHook
 *fill*         0x08000522        0x2 
 .text.vApplicationGetIdleTaskMemory
                0x08000524       0x34 ./Core/Src/freertos.o
                0x08000524                vApplicationGetIdleTaskMemory
 .text.main     0x08000558       0x68 ./Core/Src/main.o
                0x08000558                main
 .text.SystemClock_Config
                0x080005c0       0xd4 ./Core/Src/main.o
                0x080005c0                SystemClock_Config
 .text.MX_CRC_Init
                0x08000694       0x28 ./Core/Src/main.o
 .text.MX_DMA2D_Init
                0x080006bc       0x64 ./Core/Src/main.o
 .text.MX_I2C3_Init
                0x08000720       0x80 ./Core/Src/main.o
 .text.MX_LTDC_Init
                0x080007a0      0x100 ./Core/Src/main.o
 .text.MX_SPI4_Init
                0x080008a0       0x6c ./Core/Src/main.o
 .text.MX_SPI5_Init
                0x0800090c       0x6c ./Core/Src/main.o
 .text.MX_TIM1_Init
                0x08000978       0xa0 ./Core/Src/main.o
 .text.MX_USART1_UART_Init
                0x08000a18       0x54 ./Core/Src/main.o
 .text.MX_FMC_Init
                0x08000a6c       0xa0 ./Core/Src/main.o
 .text.MX_GPIO_Init
                0x08000b0c      0x238 ./Core/Src/main.o
 .text.CDC_Print
                0x08000d44       0x22 ./Core/Src/main.o
                0x08000d44                CDC_Print
 *fill*         0x08000d66        0x2 
 .text.StartDefaultTask
                0x08000d68       0x24 ./Core/Src/main.o
                0x08000d68                StartDefaultTask
 .text.HAL_TIM_PeriodElapsedCallback
                0x08000d8c       0x24 ./Core/Src/main.o
                0x08000d8c                HAL_TIM_PeriodElapsedCallback
 .text.Error_Handler
                0x08000db0        0xc ./Core/Src/main.o
                0x08000db0                Error_Handler
 .text.HAL_MspInit
                0x08000dbc       0x58 ./Core/Src/stm32f4xx_hal_msp.o
                0x08000dbc                HAL_MspInit
 .text.HAL_CRC_MspInit
                0x08000e14       0x44 ./Core/Src/stm32f4xx_hal_msp.o
                0x08000e14                HAL_CRC_MspInit
 .text.HAL_DMA2D_MspInit
                0x08000e58       0x50 ./Core/Src/stm32f4xx_hal_msp.o
                0x08000e58                HAL_DMA2D_MspInit
 .text.HAL_I2C_MspInit
                0x08000ea8       0xd4 ./Core/Src/stm32f4xx_hal_msp.o
                0x08000ea8                HAL_I2C_MspInit
 .text.HAL_LTDC_MspInit
                0x08000f7c      0x260 ./Core/Src/stm32f4xx_hal_msp.o
                0x08000f7c                HAL_LTDC_MspInit
 .text.HAL_SPI_MspInit
                0x080011dc       0xfc ./Core/Src/stm32f4xx_hal_msp.o
                0x080011dc                HAL_SPI_MspInit
 .text.HAL_TIM_Base_MspInit
                0x080012d8       0x44 ./Core/Src/stm32f4xx_hal_msp.o
                0x080012d8                HAL_TIM_Base_MspInit
 .text.HAL_UART_MspInit
                0x0800131c       0x90 ./Core/Src/stm32f4xx_hal_msp.o
                0x0800131c                HAL_UART_MspInit
 .text.HAL_FMC_MspInit
                0x080013ac      0x124 ./Core/Src/stm32f4xx_hal_msp.o
 .text.HAL_SDRAM_MspInit
                0x080014d0       0x14 ./Core/Src/stm32f4xx_hal_msp.o
                0x080014d0                HAL_SDRAM_MspInit
 .text.HAL_InitTick
                0x080014e4       0xf8 ./Core/Src/stm32f4xx_hal_timebase_tim.o
                0x080014e4                HAL_InitTick
 .text.NMI_Handler
                0x080015dc        0x8 ./Core/Src/stm32f4xx_it.o
                0x080015dc                NMI_Handler
 .text.HardFault_Handler
                0x080015e4        0x8 ./Core/Src/stm32f4xx_it.o
                0x080015e4                HardFault_Handler
 .text.MemManage_Handler
                0x080015ec        0x8 ./Core/Src/stm32f4xx_it.o
                0x080015ec                MemManage_Handler
 .text.BusFault_Handler
                0x080015f4        0x8 ./Core/Src/stm32f4xx_it.o
                0x080015f4                BusFault_Handler
 .text.UsageFault_Handler
                0x080015fc        0x8 ./Core/Src/stm32f4xx_it.o
                0x080015fc                UsageFault_Handler
 .text.DebugMon_Handler
                0x08001604        0xe ./Core/Src/stm32f4xx_it.o
                0x08001604                DebugMon_Handler
 *fill*         0x08001612        0x2 
 .text.TIM6_DAC_IRQHandler
                0x08001614       0x14 ./Core/Src/stm32f4xx_it.o
                0x08001614                TIM6_DAC_IRQHandler
 .text.OTG_HS_IRQHandler
                0x08001628       0x14 ./Core/Src/stm32f4xx_it.o
                0x08001628                OTG_HS_IRQHandler
 .text.LTDC_IRQHandler
                0x0800163c       0x14 ./Core/Src/stm32f4xx_it.o
                0x0800163c                LTDC_IRQHandler
 .text.DMA2D_IRQHandler
                0x08001650       0x14 ./Core/Src/stm32f4xx_it.o
                0x08001650                DMA2D_IRQHandler
 .text.SystemInit
                0x08001664       0x24 ./Core/Src/system_stm32f4xx.o
                0x08001664                SystemInit
 .text.Reset_Handler
                0x08001688       0x50 ./Core/Startup/startup_stm32f429zitx.o
                0x08001688                Reset_Handler
 .text.Default_Handler
                0x080016d8        0x2 ./Core/Startup/startup_stm32f429zitx.o
                0x080016d8                RTC_Alarm_IRQHandler
                0x080016d8                HASH_RNG_IRQHandler
                0x080016d8                EXTI2_IRQHandler
                0x080016d8                TIM8_CC_IRQHandler
                0x080016d8                UART8_IRQHandler
                0x080016d8                SPI4_IRQHandler
                0x080016d8                TIM1_CC_IRQHandler
                0x080016d8                DMA2_Stream5_IRQHandler
                0x080016d8                DMA1_Stream5_IRQHandler
                0x080016d8                PVD_IRQHandler
                0x080016d8                SDIO_IRQHandler
                0x080016d8                TAMP_STAMP_IRQHandler
                0x080016d8                CAN2_RX1_IRQHandler
                0x080016d8                EXTI3_IRQHandler
                0x080016d8                TIM8_TRG_COM_TIM14_IRQHandler
                0x080016d8                TIM1_UP_TIM10_IRQHandler
                0x080016d8                TIM8_UP_TIM13_IRQHandler
                0x080016d8                I2C3_ER_IRQHandler
                0x080016d8                EXTI0_IRQHandler
                0x080016d8                I2C2_EV_IRQHandler
                0x080016d8                DMA1_Stream2_IRQHandler
                0x080016d8                CAN1_RX0_IRQHandler
                0x080016d8                FPU_IRQHandler
                0x080016d8                OTG_HS_WKUP_IRQHandler
                0x080016d8                LTDC_ER_IRQHandler
                0x080016d8                CAN2_SCE_IRQHandler
                0x080016d8                DMA2_Stream2_IRQHandler
                0x080016d8                SPI1_IRQHandler
                0x080016d8                TIM1_BRK_TIM9_IRQHandler
                0x080016d8                DCMI_IRQHandler
                0x080016d8                CAN2_RX0_IRQHandler
                0x080016d8                DMA2_Stream3_IRQHandler
                0x080016d8                USART6_IRQHandler
                0x080016d8                USART3_IRQHandler
                0x080016d8                CAN1_RX1_IRQHandler
                0x080016d8                UART5_IRQHandler
                0x080016d8                DMA2_Stream0_IRQHandler
                0x080016d8                TIM4_IRQHandler
                0x080016d8                I2C1_EV_IRQHandler
                0x080016d8                DMA1_Stream6_IRQHandler
                0x080016d8                DMA1_Stream1_IRQHandler
                0x080016d8                UART4_IRQHandler
                0x080016d8                TIM3_IRQHandler
                0x080016d8                RCC_IRQHandler
                0x080016d8                TIM8_BRK_TIM12_IRQHandler
                0x080016d8                Default_Handler
                0x080016d8                EXTI15_10_IRQHandler
                0x080016d8                ADC_IRQHandler
                0x080016d8                DMA1_Stream7_IRQHandler
                0x080016d8                SPI5_IRQHandler
                0x080016d8                TIM7_IRQHandler
                0x080016d8                CAN2_TX_IRQHandler
                0x080016d8                TIM5_IRQHandler
                0x080016d8                DMA2_Stream7_IRQHandler
                0x080016d8                I2C3_EV_IRQHandler
                0x080016d8                EXTI9_5_IRQHandler
                0x080016d8                RTC_WKUP_IRQHandler
                0x080016d8                ETH_WKUP_IRQHandler
                0x080016d8                SPI2_IRQHandler
                0x080016d8                OTG_HS_EP1_IN_IRQHandler
                0x080016d8                DMA1_Stream0_IRQHandler
                0x080016d8                CAN1_TX_IRQHandler
                0x080016d8                EXTI4_IRQHandler
                0x080016d8                ETH_IRQHandler
                0x080016d8                OTG_HS_EP1_OUT_IRQHandler
                0x080016d8                WWDG_IRQHandler
                0x080016d8                SPI6_IRQHandler
                0x080016d8                TIM2_IRQHandler
                0x080016d8                OTG_FS_WKUP_IRQHandler
                0x080016d8                TIM1_TRG_COM_TIM11_IRQHandler
                0x080016d8                EXTI1_IRQHandler
                0x080016d8                UART7_IRQHandler
                0x080016d8                USART2_IRQHandler
                0x080016d8                I2C2_ER_IRQHandler
                0x080016d8                DMA2_Stream1_IRQHandler
                0x080016d8                CAN1_SCE_IRQHandler
                0x080016d8                FLASH_IRQHandler
                0x080016d8                DMA2_Stream4_IRQHandler
                0x080016d8                USART1_IRQHandler
                0x080016d8                OTG_FS_IRQHandler
                0x080016d8                SPI3_IRQHandler
                0x080016d8                DMA1_Stream4_IRQHandler
                0x080016d8                I2C1_ER_IRQHandler
                0x080016d8                FMC_IRQHandler
                0x080016d8                DMA2_Stream6_IRQHandler
                0x080016d8                SAI1_IRQHandler
                0x080016d8                DMA1_Stream3_IRQHandler
 *fill*         0x080016da        0x2 
 .text.HAL_Init
                0x080016dc       0x44 ./Drivers/STM32F4xx_HAL_Driver/Src/stm32f4xx_hal.o
                0x080016dc                HAL_Init
 .text.HAL_IncTick
                0x08001720       0x28 ./Drivers/STM32F4xx_HAL_Driver/Src/stm32f4xx_hal.o
                0x08001720                HAL_IncTick
 .text.HAL_GetTick
                0x08001748       0x18 ./Drivers/STM32F4xx_HAL_Driver/Src/stm32f4xx_hal.o
                0x08001748                HAL_GetTick
 .text.HAL_Delay
                0x08001760       0x48 ./Drivers/STM32F4xx_HAL_Driver/Src/stm32f4xx_hal.o
                0x08001760                HAL_Delay
 .text.__NVIC_SetPriorityGrouping
                0x080017a8       0x48 ./Drivers/STM32F4xx_HAL_Driver/Src/stm32f4xx_hal_cortex.o
 .text.__NVIC_GetPriorityGrouping
                0x080017f0       0x1c ./Drivers/STM32F4xx_HAL_Driver/Src/stm32f4xx_hal_cortex.o
 .text.__NVIC_EnableIRQ
                0x0800180c       0x3c ./Drivers/STM32F4xx_HAL_Driver/Src/stm32f4xx_hal_cortex.o
 .text.__NVIC_SetPriority
                0x08001848       0x54 ./Drivers/STM32F4xx_HAL_Driver/Src/stm32f4xx_hal_cortex.o
 .text.NVIC_EncodePriority
                0x0800189c       0x66 ./Drivers/STM32F4xx_HAL_Driver/Src/stm32f4xx_hal_cortex.o
 .text.HAL_NVIC_SetPriorityGrouping
                0x08001902       0x16 ./Drivers/STM32F4xx_HAL_Driver/Src/stm32f4xx_hal_cortex.o
                0x08001902                HAL_NVIC_SetPriorityGrouping
 .text.HAL_NVIC_SetPriority
                0x08001918       0x38 ./Drivers/STM32F4xx_HAL_Driver/Src/stm32f4xx_hal_cortex.o
                0x08001918                HAL_NVIC_SetPriority
 .text.HAL_NVIC_EnableIRQ
                0x08001950       0x1c ./Drivers/STM32F4xx_HAL_Driver/Src/stm32f4xx_hal_cortex.o
                0x08001950                HAL_NVIC_EnableIRQ
 .text.HAL_CRC_Init
                0x0800196c       0x38 ./Drivers/STM32F4xx_HAL_Driver/Src/stm32f4xx_hal_crc.o
                0x0800196c                HAL_CRC_Init
 .text.HAL_DMA2D_Init
                0x080019a4       0x92 ./Drivers/STM32F4xx_HAL_Driver/Src/stm32f4xx_hal_dma2d.o
                0x080019a4                HAL_DMA2D_Init
 .text.HAL_DMA2D_IRQHandler
                0x08001a36      0x1f8 ./Drivers/STM32F4xx_HAL_Driver/Src/stm32f4xx_hal_dma2d.o
                0x08001a36                HAL_DMA2D_IRQHandler
 .text.HAL_DMA2D_LineEventCallback
                0x08001c2e       0x14 ./Drivers/STM32F4xx_HAL_Driver/Src/stm32f4xx_hal_dma2d.o
                0x08001c2e                HAL_DMA2D_LineEventCallback
 .text.HAL_DMA2D_CLUTLoadingCpltCallback
                0x08001c42       0x14 ./Drivers/STM32F4xx_HAL_Driver/Src/stm32f4xx_hal_dma2d.o
                0x08001c42                HAL_DMA2D_CLUTLoadingCpltCallback
 *fill*         0x08001c56        0x2 
 .text.HAL_DMA2D_ConfigLayer
                0x08001c58      0x124 ./Drivers/STM32F4xx_HAL_Driver/Src/stm32f4xx_hal_dma2d.o
                0x08001c58                HAL_DMA2D_ConfigLayer
 .text.HAL_GPIO_Init
                0x08001d7c      0x358 ./Drivers/STM32F4xx_HAL_Driver/Src/stm32f4xx_hal_gpio.o
                0x08001d7c                HAL_GPIO_Init
 .text.HAL_GPIO_WritePin
                0x080020d4       0x32 ./Drivers/STM32F4xx_HAL_Driver/Src/stm32f4xx_hal_gpio.o
                0x080020d4                HAL_GPIO_WritePin
 *fill*         0x08002106        0x2 
 .text.HAL_I2C_Init
                0x08002108      0x288 ./Drivers/STM32F4xx_HAL_Driver/Src/stm32f4xx_hal_i2c.o
                0x08002108                HAL_I2C_Init
 .text.HAL_I2CEx_ConfigAnalogFilter
                0x08002390       0x78 ./Drivers/STM32F4xx_HAL_Driver/Src/stm32f4xx_hal_i2c_ex.o
                0x08002390                HAL_I2CEx_ConfigAnalogFilter
 .text.HAL_I2CEx_ConfigDigitalFilter
                0x08002408       0x7e ./Drivers/STM32F4xx_HAL_Driver/Src/stm32f4xx_hal_i2c_ex.o
                0x08002408                HAL_I2CEx_ConfigDigitalFilter
 *fill*         0x08002486        0x2 
 .text.HAL_LTDC_Init
                0x08002488      0x1a0 ./Drivers/STM32F4xx_HAL_Driver/Src/stm32f4xx_hal_ltdc.o
                0x08002488                HAL_LTDC_Init
 .text.HAL_LTDC_IRQHandler
                0x08002628      0x148 ./Drivers/STM32F4xx_HAL_Driver/Src/stm32f4xx_hal_ltdc.o
                0x08002628                HAL_LTDC_IRQHandler
 .text.HAL_LTDC_ErrorCallback
                0x08002770       0x14 ./Drivers/STM32F4xx_HAL_Driver/Src/stm32f4xx_hal_ltdc.o
                0x08002770                HAL_LTDC_ErrorCallback
 .text.HAL_LTDC_LineEventCallback
                0x08002784       0x14 ./Drivers/STM32F4xx_HAL_Driver/Src/stm32f4xx_hal_ltdc.o
                0x08002784                HAL_LTDC_LineEventCallback
 .text.HAL_LTDC_ReloadEventCallback
                0x08002798       0x14 ./Drivers/STM32F4xx_HAL_Driver/Src/stm32f4xx_hal_ltdc.o
                0x08002798                HAL_LTDC_ReloadEventCallback
 .text.HAL_LTDC_ConfigLayer
                0x080027ac       0x7c ./Drivers/STM32F4xx_HAL_Driver/Src/stm32f4xx_hal_ltdc.o
                0x080027ac                HAL_LTDC_ConfigLayer
 .text.LTDC_SetConfig
                0x08002828      0x32e ./Drivers/STM32F4xx_HAL_Driver/Src/stm32f4xx_hal_ltdc.o
 .text.HAL_PCD_Init
                0x08002b56      0x21e ./Drivers/STM32F4xx_HAL_Driver/Src/stm32f4xx_hal_pcd.o
                0x08002b56                HAL_PCD_Init
 .text.HAL_PCD_Start
                0x08002d74       0x6a ./Drivers/STM32F4xx_HAL_Driver/Src/stm32f4xx_hal_pcd.o
                0x08002d74                HAL_PCD_Start
 .text.HAL_PCD_IRQHandler
                0x08002dde      0x942 ./Drivers/STM32F4xx_HAL_Driver/Src/stm32f4xx_hal_pcd.o
                0x08002dde                HAL_PCD_IRQHandler
 .text.HAL_PCD_SetAddress
                0x08003720       0x48 ./Drivers/STM32F4xx_HAL_Driver/Src/stm32f4xx_hal_pcd.o
                0x08003720                HAL_PCD_SetAddress
 .text.HAL_PCD_EP_Open
                0x08003768       0xd4 ./Drivers/STM32F4xx_HAL_Driver/Src/stm32f4xx_hal_pcd.o
                0x08003768                HAL_PCD_EP_Open
 .text.HAL_PCD_EP_Close
                0x0800383c       0x94 ./Drivers/STM32F4xx_HAL_Driver/Src/stm32f4xx_hal_pcd.o
                0x0800383c                HAL_PCD_EP_Close
 .text.HAL_PCD_EP_Receive
                0x080038d0       0x76 ./Drivers/STM32F4xx_HAL_Driver/Src/stm32f4xx_hal_pcd.o
                0x080038d0                HAL_PCD_EP_Receive
 .text.HAL_PCD_EP_GetRxCount
                0x08003946       0x30 ./Drivers/STM32F4xx_HAL_Driver/Src/stm32f4xx_hal_pcd.o
                0x08003946                HAL_PCD_EP_GetRxCount
 .text.HAL_PCD_EP_Transmit
                0x08003976       0x74 ./Drivers/STM32F4xx_HAL_Driver/Src/stm32f4xx_hal_pcd.o
                0x08003976                HAL_PCD_EP_Transmit
 .text.HAL_PCD_EP_SetStall
                0x080039ea       0xc6 ./Drivers/STM32F4xx_HAL_Driver/Src/stm32f4xx_hal_pcd.o
                0x080039ea                HAL_PCD_EP_SetStall
 .text.HAL_PCD_EP_ClrStall
                0x08003ab0       0xac ./Drivers/STM32F4xx_HAL_Driver/Src/stm32f4xx_hal_pcd.o
                0x08003ab0                HAL_PCD_EP_ClrStall
 .text.HAL_PCD_EP_Abort
                0x08003b5c       0x62 ./Drivers/STM32F4xx_HAL_Driver/Src/stm32f4xx_hal_pcd.o
                0x08003b5c                HAL_PCD_EP_Abort
 .text.PCD_WriteEmptyTxFifo
                0x08003bbe      0x118 ./Drivers/STM32F4xx_HAL_Driver/Src/stm32f4xx_hal_pcd.o
 *fill*         0x08003cd6        0x2 
 .text.PCD_EP_OutXfrComplete_int
                0x08003cd8      0x1d0 ./Drivers/STM32F4xx_HAL_Driver/Src/stm32f4xx_hal_pcd.o
 .text.PCD_EP_OutSetupPacket_int
                0x08003ea8       0x8c ./Drivers/STM32F4xx_HAL_Driver/Src/stm32f4xx_hal_pcd.o
 .text.HAL_PCDEx_SetTxFiFo
                0x08003f34       0x8e ./Drivers/STM32F4xx_HAL_Driver/Src/stm32f4xx_hal_pcd_ex.o
                0x08003f34                HAL_PCDEx_SetTxFiFo
 .text.HAL_PCDEx_SetRxFiFo
                0x08003fc2       0x22 ./Drivers/STM32F4xx_HAL_Driver/Src/stm32f4xx_hal_pcd_ex.o
                0x08003fc2                HAL_PCDEx_SetRxFiFo
 .text.HAL_PCDEx_LPM_Callback
                0x08003fe4       0x18 ./Drivers/STM32F4xx_HAL_Driver/Src/stm32f4xx_hal_pcd_ex.o
                0x08003fe4                HAL_PCDEx_LPM_Callback
 .text.HAL_RCC_OscConfig
                0x08003ffc      0x4f0 ./Drivers/STM32F4xx_HAL_Driver/Src/stm32f4xx_hal_rcc.o
                0x08003ffc                HAL_RCC_OscConfig
 .text.HAL_RCC_ClockConfig
                0x080044ec      0x1cc ./Drivers/STM32F4xx_HAL_Driver/Src/stm32f4xx_hal_rcc.o
                0x080044ec                HAL_RCC_ClockConfig
 .text.HAL_RCC_GetSysClockFreq
                0x080046b8      0x20c ./Drivers/STM32F4xx_HAL_Driver/Src/stm32f4xx_hal_rcc.o
                0x080046b8                HAL_RCC_GetSysClockFreq
 .text.HAL_RCC_GetHCLKFreq
                0x080048c4       0x18 ./Drivers/STM32F4xx_HAL_Driver/Src/stm32f4xx_hal_rcc.o
                0x080048c4                HAL_RCC_GetHCLKFreq
 .text.HAL_RCC_GetPCLK1Freq
                0x080048dc       0x28 ./Drivers/STM32F4xx_HAL_Driver/Src/stm32f4xx_hal_rcc.o
                0x080048dc                HAL_RCC_GetPCLK1Freq
 .text.HAL_RCC_GetPCLK2Freq
                0x08004904       0x28 ./Drivers/STM32F4xx_HAL_Driver/Src/stm32f4xx_hal_rcc.o
                0x08004904                HAL_RCC_GetPCLK2Freq
 .text.HAL_RCC_GetClockConfig
                0x0800492c       0x64 ./Drivers/STM32F4xx_HAL_Driver/Src/stm32f4xx_hal_rcc.o
                0x0800492c                HAL_RCC_GetClockConfig
 .text.HAL_RCCEx_PeriphCLKConfig
                0x08004990      0x380 ./Drivers/STM32F4xx_HAL_Driver/Src/stm32f4xx_hal_rcc_ex.o
                0x08004990                HAL_RCCEx_PeriphCLKConfig
 .text.HAL_SDRAM_Init
                0x08004d10       0x68 ./Drivers/STM32F4xx_HAL_Driver/Src/stm32f4xx_hal_sdram.o
                0x08004d10                HAL_SDRAM_Init
 .text.HAL_SPI_Init
                0x08004d78      0x112 ./Drivers/STM32F4xx_HAL_Driver/Src/stm32f4xx_hal_spi.o
                0x08004d78                HAL_SPI_Init
 .text.HAL_TIM_Base_Init
                0x08004e8a       0x9e ./Drivers/STM32F4xx_HAL_Driver/Src/stm32f4xx_hal_tim.o
                0x08004e8a                HAL_TIM_Base_Init
 .text.HAL_TIM_Base_Start_IT
                0x08004f28       0xe0 ./Drivers/STM32F4xx_HAL_Driver/Src/stm32f4xx_hal_tim.o
                0x08004f28                HAL_TIM_Base_Start_IT
 .text.HAL_TIM_IRQHandler
                0x08005008      0x1e0 ./Drivers/STM32F4xx_HAL_Driver/Src/stm32f4xx_hal_tim.o
                0x08005008                HAL_TIM_IRQHandler
 .text.HAL_TIM_ConfigClockSource
                0x080051e8      0x18e ./Drivers/STM32F4xx_HAL_Driver/Src/stm32f4xx_hal_tim.o
                0x080051e8                HAL_TIM_ConfigClockSource
 .text.HAL_TIM_OC_DelayElapsedCallback
                0x08005376       0x14 ./Drivers/STM32F4xx_HAL_Driver/Src/stm32f4xx_hal_tim.o
                0x08005376                HAL_TIM_OC_DelayElapsedCallback
 .text.HAL_TIM_IC_CaptureCallback
                0x0800538a       0x14 ./Drivers/STM32F4xx_HAL_Driver/Src/stm32f4xx_hal_tim.o
                0x0800538a                HAL_TIM_IC_CaptureCallback
 .text.HAL_TIM_PWM_PulseFinishedCallback
                0x0800539e       0x14 ./Drivers/STM32F4xx_HAL_Driver/Src/stm32f4xx_hal_tim.o
                0x0800539e                HAL_TIM_PWM_PulseFinishedCallback
 .text.HAL_TIM_TriggerCallback
                0x080053b2       0x14 ./Drivers/STM32F4xx_HAL_Driver/Src/stm32f4xx_hal_tim.o
                0x080053b2                HAL_TIM_TriggerCallback
 *fill*         0x080053c6        0x2 
 .text.TIM_Base_SetConfig
                0x080053c8      0x158 ./Drivers/STM32F4xx_HAL_Driver/Src/stm32f4xx_hal_tim.o
                0x080053c8                TIM_Base_SetConfig
 .text.TIM_TI1_ConfigInputStage
                0x08005520       0x5e ./Drivers/STM32F4xx_HAL_Driver/Src/stm32f4xx_hal_tim.o
 .text.TIM_TI2_ConfigInputStage
                0x0800557e       0x60 ./Drivers/STM32F4xx_HAL_Driver/Src/stm32f4xx_hal_tim.o
 .text.TIM_ITRx_SetConfig
                0x080055de       0x36 ./Drivers/STM32F4xx_HAL_Driver/Src/stm32f4xx_hal_tim.o
 .text.TIM_ETR_SetConfig
                0x08005614       0x40 ./Drivers/STM32F4xx_HAL_Driver/Src/stm32f4xx_hal_tim.o
                0x08005614                TIM_ETR_SetConfig
 .text.HAL_TIMEx_MasterConfigSynchronization
                0x08005654       0xf8 ./Drivers/STM32F4xx_HAL_Driver/Src/stm32f4xx_hal_tim_ex.o
                0x08005654                HAL_TIMEx_MasterConfigSynchronization
 .text.HAL_TIMEx_CommutCallback
                0x0800574c       0x14 ./Drivers/STM32F4xx_HAL_Driver/Src/stm32f4xx_hal_tim_ex.o
                0x0800574c                HAL_TIMEx_CommutCallback
 .text.HAL_TIMEx_BreakCallback
                0x08005760       0x14 ./Drivers/STM32F4xx_HAL_Driver/Src/stm32f4xx_hal_tim_ex.o
                0x08005760                HAL_TIMEx_BreakCallback
 .text.HAL_UART_Init
                0x08005774       0xa0 ./Drivers/STM32F4xx_HAL_Driver/Src/stm32f4xx_hal_uart.o
                0x08005774                HAL_UART_Init
 .text.UART_SetConfig
                0x08005814      0x4e8 ./Drivers/STM32F4xx_HAL_Driver/Src/stm32f4xx_hal_uart.o
 .text.FMC_SDRAM_Init
                0x08005cfc       0xba ./Drivers/STM32F4xx_HAL_Driver/Src/stm32f4xx_ll_fmc.o
                0x08005cfc                FMC_SDRAM_Init
 .text.FMC_SDRAM_Timing_Init
                0x08005db6       0xd2 ./Drivers/STM32F4xx_HAL_Driver/Src/stm32f4xx_ll_fmc.o
                0x08005db6                FMC_SDRAM_Timing_Init
 .text.USB_CoreInit
                0x08005e88       0xc8 ./Drivers/STM32F4xx_HAL_Driver/Src/stm32f4xx_ll_usb.o
                0x08005e88                USB_CoreInit
 .text.USB_SetTurnaroundTime
                0x08005f50      0x144 ./Drivers/STM32F4xx_HAL_Driver/Src/stm32f4xx_ll_usb.o
                0x08005f50                USB_SetTurnaroundTime
 .text.USB_EnableGlobalInt
                0x08006094       0x22 ./Drivers/STM32F4xx_HAL_Driver/Src/stm32f4xx_ll_usb.o
                0x08006094                USB_EnableGlobalInt
 .text.USB_DisableGlobalInt
                0x080060b6       0x22 ./Drivers/STM32F4xx_HAL_Driver/Src/stm32f4xx_ll_usb.o
                0x080060b6                USB_DisableGlobalInt
 .text.USB_SetCurrentMode
                0x080060d8       0x98 ./Drivers/STM32F4xx_HAL_Driver/Src/stm32f4xx_ll_usb.o
                0x080060d8                USB_SetCurrentMode
 .text.USB_DevInit
                0x08006170      0x2c8 ./Drivers/STM32F4xx_HAL_Driver/Src/stm32f4xx_ll_usb.o
                0x08006170                USB_DevInit
 .text.USB_FlushTxFifo
                0x08006438       0x64 ./Drivers/STM32F4xx_HAL_Driver/Src/stm32f4xx_ll_usb.o
                0x08006438                USB_FlushTxFifo
 .text.USB_FlushRxFifo
                0x0800649c       0x5c ./Drivers/STM32F4xx_HAL_Driver/Src/stm32f4xx_ll_usb.o
                0x0800649c                USB_FlushRxFifo
 .text.USB_SetDevSpeed
                0x080064f8       0x32 ./Drivers/STM32F4xx_HAL_Driver/Src/stm32f4xx_ll_usb.o
                0x080064f8                USB_SetDevSpeed
 .text.USB_GetDevSpeed
                0x0800652a       0x4a ./Drivers/STM32F4xx_HAL_Driver/Src/stm32f4xx_ll_usb.o
                0x0800652a                USB_GetDevSpeed
 .text.USB_ActivateEndpoint
                0x08006574      0x10e ./Drivers/STM32F4xx_HAL_Driver/Src/stm32f4xx_ll_usb.o
                0x08006574                USB_ActivateEndpoint
 *fill*         0x08006682        0x2 
 .text.USB_DeactivateEndpoint
                0x08006684      0x1b8 ./Drivers/STM32F4xx_HAL_Driver/Src/stm32f4xx_ll_usb.o
                0x08006684                USB_DeactivateEndpoint
 .text.USB_EPStartXfer
                0x0800683c      0x53c ./Drivers/STM32F4xx_HAL_Driver/Src/stm32f4xx_ll_usb.o
                0x0800683c                USB_EPStartXfer
 .text.USB_EPStopXfer
                0x08006d78      0x154 ./Drivers/STM32F4xx_HAL_Driver/Src/stm32f4xx_ll_usb.o
                0x08006d78                USB_EPStopXfer
 .text.USB_WritePacket
                0x08006ecc       0x7c ./Drivers/STM32F4xx_HAL_Driver/Src/stm32f4xx_ll_usb.o
                0x08006ecc                USB_WritePacket
 .text.USB_ReadPacket
                0x08006f48       0xb0 ./Drivers/STM32F4xx_HAL_Driver/Src/stm32f4xx_ll_usb.o
                0x08006f48                USB_ReadPacket
 .text.USB_EPSetStall
                0x08006ff8       0xdc ./Drivers/STM32F4xx_HAL_Driver/Src/stm32f4xx_ll_usb.o
                0x08006ff8                USB_EPSetStall
 .text.USB_EPClearStall
                0x080070d4       0xcc ./Drivers/STM32F4xx_HAL_Driver/Src/stm32f4xx_ll_usb.o
                0x080070d4                USB_EPClearStall
 .text.USB_SetDevAddress
                0x080071a0       0x4c ./Drivers/STM32F4xx_HAL_Driver/Src/stm32f4xx_ll_usb.o
                0x080071a0                USB_SetDevAddress
 .text.USB_DevConnect
                0x080071ec       0x42 ./Drivers/STM32F4xx_HAL_Driver/Src/stm32f4xx_ll_usb.o
                0x080071ec                USB_DevConnect
 .text.USB_DevDisconnect
                0x0800722e       0x42 ./Drivers/STM32F4xx_HAL_Driver/Src/stm32f4xx_ll_usb.o
                0x0800722e                USB_DevDisconnect
 .text.USB_ReadInterrupts
                0x08007270       0x26 ./Drivers/STM32F4xx_HAL_Driver/Src/stm32f4xx_ll_usb.o
                0x08007270                USB_ReadInterrupts
 .text.USB_ReadDevAllOutEpInterrupt
                0x08007296       0x34 ./Drivers/STM32F4xx_HAL_Driver/Src/stm32f4xx_ll_usb.o
                0x08007296                USB_ReadDevAllOutEpInterrupt
 .text.USB_ReadDevAllInEpInterrupt
                0x080072ca       0x34 ./Drivers/STM32F4xx_HAL_Driver/Src/stm32f4xx_ll_usb.o
                0x080072ca                USB_ReadDevAllInEpInterrupt
 .text.USB_ReadDevOutEPInterrupt
                0x080072fe       0x3c ./Drivers/STM32F4xx_HAL_Driver/Src/stm32f4xx_ll_usb.o
                0x080072fe                USB_ReadDevOutEPInterrupt
 .text.USB_ReadDevInEPInterrupt
                0x0800733a       0x5c ./Drivers/STM32F4xx_HAL_Driver/Src/stm32f4xx_ll_usb.o
                0x0800733a                USB_ReadDevInEPInterrupt
 .text.USB_GetMode
                0x08007396       0x1c ./Drivers/STM32F4xx_HAL_Driver/Src/stm32f4xx_ll_usb.o
                0x08007396                USB_GetMode
 .text.USB_ActivateSetup
                0x080073b2       0x46 ./Drivers/STM32F4xx_HAL_Driver/Src/stm32f4xx_ll_usb.o
                0x080073b2                USB_ActivateSetup
 .text.USB_EP0_OutStart
                0x080073f8       0xbc ./Drivers/STM32F4xx_HAL_Driver/Src/stm32f4xx_ll_usb.o
                0x080073f8                USB_EP0_OutStart
 .text.USB_CoreReset
                0x080074b4       0x62 ./Drivers/STM32F4xx_HAL_Driver/Src/stm32f4xx_ll_usb.o
 *fill*         0x08007516        0x2 
 .text.USBD_CDC_Init
                0x08007518      0x1f0 ./Middlewares/ST/STM32_USB_Device_Library/Class/CDC/Src/usbd_cdc.o
 .text.USBD_CDC_DeInit
                0x08007708      0x104 ./Middlewares/ST/STM32_USB_Device_Library/Class/CDC/Src/usbd_cdc.o
 .text.USBD_CDC_Setup
                0x0800780c      0x1b8 ./Middlewares/ST/STM32_USB_Device_Library/Class/CDC/Src/usbd_cdc.o
 .text.USBD_CDC_DataIn
                0x080079c4       0xfe ./Middlewares/ST/STM32_USB_Device_Library/Class/CDC/Src/usbd_cdc.o
 .text.USBD_CDC_DataOut
                0x08007ac2       0x70 ./Middlewares/ST/STM32_USB_Device_Library/Class/CDC/Src/usbd_cdc.o
 .text.USBD_CDC_EP0_RxReady
                0x08007b32       0x74 ./Middlewares/ST/STM32_USB_Device_Library/Class/CDC/Src/usbd_cdc.o
 *fill*         0x08007ba6        0x2 
 .text.USBD_CDC_GetFSCfgDesc
                0x08007ba8       0x70 ./Middlewares/ST/STM32_USB_Device_Library/Class/CDC/Src/usbd_cdc.o
 .text.USBD_CDC_GetHSCfgDesc
                0x08007c18       0x70 ./Middlewares/ST/STM32_USB_Device_Library/Class/CDC/Src/usbd_cdc.o
 .text.USBD_CDC_GetOtherSpeedCfgDesc
                0x08007c88       0x70 ./Middlewares/ST/STM32_USB_Device_Library/Class/CDC/Src/usbd_cdc.o
 .text.USBD_CDC_GetDeviceQualifierDescriptor
                0x08007cf8       0x20 ./Middlewares/ST/STM32_USB_Device_Library/Class/CDC/Src/usbd_cdc.o
                0x08007cf8                USBD_CDC_GetDeviceQualifierDescriptor
 .text.USBD_CDC_RegisterInterface
                0x08007d18       0x34 ./Middlewares/ST/STM32_USB_Device_Library/Class/CDC/Src/usbd_cdc.o
                0x08007d18                USBD_CDC_RegisterInterface
 .text.USBD_CDC_SetTxBuffer
                0x08007d4c       0x44 ./Middlewares/ST/STM32_USB_Device_Library/Class/CDC/Src/usbd_cdc.o
                0x08007d4c                USBD_CDC_SetTxBuffer
 .text.USBD_CDC_SetRxBuffer
                0x08007d90       0x3a ./Middlewares/ST/STM32_USB_Device_Library/Class/CDC/Src/usbd_cdc.o
                0x08007d90                USBD_CDC_SetRxBuffer
 *fill*         0x08007dca        0x2 
 .text.USBD_CDC_TransmitPacket
                0x08007dcc       0x80 ./Middlewares/ST/STM32_USB_Device_Library/Class/CDC/Src/usbd_cdc.o
                0x08007dcc                USBD_CDC_TransmitPacket
 .text.USBD_CDC_ReceivePacket
                0x08007e4c       0x6c ./Middlewares/ST/STM32_USB_Device_Library/Class/CDC/Src/usbd_cdc.o
                0x08007e4c                USBD_CDC_ReceivePacket
 .text.USBD_Init
                0x08007eb8       0x60 ./Middlewares/ST/STM32_USB_Device_Library/Core/Src/usbd_core.o
                0x08007eb8                USBD_Init
 .text.USBD_RegisterClass
                0x08007f18       0x6c ./Middlewares/ST/STM32_USB_Device_Library/Core/Src/usbd_core.o
                0x08007f18                USBD_RegisterClass
 .text.USBD_Start
                0x08007f84       0x18 ./Middlewares/ST/STM32_USB_Device_Library/Core/Src/usbd_core.o
                0x08007f84                USBD_Start
 .text.USBD_RunTestMode
                0x08007f9c       0x16 ./Middlewares/ST/STM32_USB_Device_Library/Core/Src/usbd_core.o
                0x08007f9c                USBD_RunTestMode
 .text.USBD_SetClassConfig
                0x08007fb2       0x38 ./Middlewares/ST/STM32_USB_Device_Library/Core/Src/usbd_core.o
                0x08007fb2                USBD_SetClassConfig
 .text.USBD_ClrClassConfig
                0x08007fea       0x34 ./Middlewares/ST/STM32_USB_Device_Library/Core/Src/usbd_core.o
                0x08007fea                USBD_ClrClassConfig
 .text.USBD_LL_SetupStage
                0x0800801e       0xaa ./Middlewares/ST/STM32_USB_Device_Library/Core/Src/usbd_core.o
                0x0800801e                USBD_LL_SetupStage
 .text.USBD_LL_DataOutStage
                0x080080c8      0x166 ./Middlewares/ST/STM32_USB_Device_Library/Core/Src/usbd_core.o
                0x080080c8                USBD_LL_DataOutStage
 .text.USBD_LL_DataInStage
                0x0800822e      0x164 ./Middlewares/ST/STM32_USB_Device_Library/Core/Src/usbd_core.o
                0x0800822e                USBD_LL_DataInStage
 .text.USBD_LL_Reset
                0x08008392       0xa4 ./Middlewares/ST/STM32_USB_Device_Library/Core/Src/usbd_core.o
                0x08008392                USBD_LL_Reset
 .text.USBD_LL_SetSpeed
                0x08008436       0x20 ./Middlewares/ST/STM32_USB_Device_Library/Core/Src/usbd_core.o
                0x08008436                USBD_LL_SetSpeed
 .text.USBD_LL_Suspend
                0x08008456       0x38 ./Middlewares/ST/STM32_USB_Device_Library/Core/Src/usbd_core.o
                0x08008456                USBD_LL_Suspend
 .text.USBD_LL_Resume
                0x0800848e       0x30 ./Middlewares/ST/STM32_USB_Device_Library/Core/Src/usbd_core.o
                0x0800848e                USBD_LL_Resume
 .text.USBD_LL_SOF
                0x080084be       0x40 ./Middlewares/ST/STM32_USB_Device_Library/Core/Src/usbd_core.o
                0x080084be                USBD_LL_SOF
 .text.USBD_LL_IsoINIncomplete
                0x080084fe       0x64 ./Middlewares/ST/STM32_USB_Device_Library/Core/Src/usbd_core.o
                0x080084fe                USBD_LL_IsoINIncomplete
 .text.USBD_LL_IsoOUTIncomplete
                0x08008562       0x64 ./Middlewares/ST/STM32_USB_Device_Library/Core/Src/usbd_core.o
                0x08008562                USBD_LL_IsoOUTIncomplete
 .text.USBD_LL_DevConnected
                0x080085c6       0x16 ./Middlewares/ST/STM32_USB_Device_Library/Core/Src/usbd_core.o
                0x080085c6                USBD_LL_DevConnected
 .text.USBD_LL_DevDisconnected
                0x080085dc       0x46 ./Middlewares/ST/STM32_USB_Device_Library/Core/Src/usbd_core.o
                0x080085dc                USBD_LL_DevDisconnected
 .text.USBD_CoreFindIF
                0x08008622       0x1a ./Middlewares/ST/STM32_USB_Device_Library/Core/Src/usbd_core.o
                0x08008622                USBD_CoreFindIF
 .text.USBD_CoreFindEP
                0x0800863c       0x1a ./Middlewares/ST/STM32_USB_Device_Library/Core/Src/usbd_core.o
                0x0800863c                USBD_CoreFindEP
 .text.USBD_GetEpDesc
                0x08008656       0x70 ./Middlewares/ST/STM32_USB_Device_Library/Core/Src/usbd_core.o
                0x08008656                USBD_GetEpDesc
 .text.USBD_GetNextDesc
                0x080086c6       0x38 ./Middlewares/ST/STM32_USB_Device_Library/Core/Src/usbd_core.o
                0x080086c6                USBD_GetNextDesc
 .text.SWAPBYTE
                0x080086fe       0x3c ./Middlewares/ST/STM32_USB_Device_Library/Core/Src/usbd_ctlreq.o
 *fill*         0x0800873a        0x2 
 .text.USBD_StdDevReq
                0x0800873c       0xe4 ./Middlewares/ST/STM32_USB_Device_Library/Core/Src/usbd_ctlreq.o
                0x0800873c                USBD_StdDevReq
 .text.USBD_StdItfReq
                0x08008820       0xd8 ./Middlewares/ST/STM32_USB_Device_Library/Core/Src/usbd_ctlreq.o
                0x08008820                USBD_StdItfReq
 .text.USBD_StdEPReq
                0x080088f8      0x33a ./Middlewares/ST/STM32_USB_Device_Library/Core/Src/usbd_ctlreq.o
                0x080088f8                USBD_StdEPReq
 *fill*         0x08008c32        0x2 
 .text.USBD_GetDescriptor
                0x08008c34      0x2d4 ./Middlewares/ST/STM32_USB_Device_Library/Core/Src/usbd_ctlreq.o
 .text.USBD_SetAddress
                0x08008f08       0x88 ./Middlewares/ST/STM32_USB_Device_Library/Core/Src/usbd_ctlreq.o
 .text.USBD_SetConfig
                0x08008f90      0x154 ./Middlewares/ST/STM32_USB_Device_Library/Core/Src/usbd_ctlreq.o
 .text.USBD_GetConfig
                0x080090e4       0x6c ./Middlewares/ST/STM32_USB_Device_Library/Core/Src/usbd_ctlreq.o
 .text.USBD_GetStatus
                0x08009150       0x68 ./Middlewares/ST/STM32_USB_Device_Library/Core/Src/usbd_ctlreq.o
 .text.USBD_SetFeature
                0x080091b8       0x52 ./Middlewares/ST/STM32_USB_Device_Library/Core/Src/usbd_ctlreq.o
 .text.USBD_ClrFeature
                0x0800920a       0x44 ./Middlewares/ST/STM32_USB_Device_Library/Core/Src/usbd_ctlreq.o
 .text.USBD_ParseSetupRequest
                0x0800924e       0x74 ./Middlewares/ST/STM32_USB_Device_Library/Core/Src/usbd_ctlreq.o
                0x0800924e                USBD_ParseSetupRequest
 .text.USBD_CtlError
                0x080092c2       0x22 ./Middlewares/ST/STM32_USB_Device_Library/Core/Src/usbd_ctlreq.o
                0x080092c2                USBD_CtlError
 .text.USBD_GetString
                0x080092e4       0xa4 ./Middlewares/ST/STM32_USB_Device_Library/Core/Src/usbd_ctlreq.o
                0x080092e4                USBD_GetString
 .text.USBD_GetLen
                0x08009388       0x34 ./Middlewares/ST/STM32_USB_Device_Library/Core/Src/usbd_ctlreq.o
 .text.USBD_CtlSendData
                0x080093bc       0x36 ./Middlewares/ST/STM32_USB_Device_Library/Core/Src/usbd_ioreq.o
                0x080093bc                USBD_CtlSendData
 .text.USBD_CtlContinueSendData
                0x080093f2       0x22 ./Middlewares/ST/STM32_USB_Device_Library/Core/Src/usbd_ioreq.o
                0x080093f2                USBD_CtlContinueSendData
 .text.USBD_CtlPrepareRx
                0x08009414       0x3a ./Middlewares/ST/STM32_USB_Device_Library/Core/Src/usbd_ioreq.o
                0x08009414                USBD_CtlPrepareRx
 .text.USBD_CtlContinueRx
                0x0800944e       0x22 ./Middlewares/ST/STM32_USB_Device_Library/Core/Src/usbd_ioreq.o
                0x0800944e                USBD_CtlContinueRx
 .text.USBD_CtlSendStatus
                0x08009470       0x26 ./Middlewares/ST/STM32_USB_Device_Library/Core/Src/usbd_ioreq.o
                0x08009470                USBD_CtlSendStatus
 .text.USBD_CtlReceiveStatus
                0x08009496       0x26 ./Middlewares/ST/STM32_USB_Device_Library/Core/Src/usbd_ioreq.o
                0x08009496                USBD_CtlReceiveStatus
 .text.makeFreeRtosPriority
                0x080094bc       0x30 ./Middlewares/Third_Party/FreeRTOS/Source/CMSIS_RTOS/cmsis_os.o
 .text.osKernelStart
                0x080094ec        0xe ./Middlewares/Third_Party/FreeRTOS/Source/CMSIS_RTOS/cmsis_os.o
                0x080094ec                osKernelStart
 .text.osThreadCreate
                0x080094fa       0x98 ./Middlewares/Third_Party/FreeRTOS/Source/CMSIS_RTOS/cmsis_os.o
                0x080094fa                osThreadCreate
 .text.osDelay  0x08009592       0x28 ./Middlewares/Third_Party/FreeRTOS/Source/CMSIS_RTOS/cmsis_os.o
                0x08009592                osDelay
 .text.vListInitialise
                0x080095ba       0x40 ./Middlewares/Third_Party/FreeRTOS/Source/list.o
                0x080095ba                vListInitialise
 .text.vListInitialiseItem
                0x080095fa       0x1a ./Middlewares/Third_Party/FreeRTOS/Source/list.o
                0x080095fa                vListInitialiseItem
 .text.vListInsertEnd
                0x08009614       0x48 ./Middlewares/Third_Party/FreeRTOS/Source/list.o
                0x08009614                vListInsertEnd
 .text.vListInsert
                0x0800965c       0x72 ./Middlewares/Third_Party/FreeRTOS/Source/list.o
                0x0800965c                vListInsert
 .text.uxListRemove
                0x080096ce       0x54 ./Middlewares/Third_Party/FreeRTOS/Source/list.o
                0x080096ce                uxListRemove
 .text.xTaskCreateStatic
                0x08009722       0xc0 ./Middlewares/Third_Party/FreeRTOS/Source/tasks.o
                0x08009722                xTaskCreateStatic
 .text.xTaskCreate
                0x080097e2       0x8a ./Middlewares/Third_Party/FreeRTOS/Source/tasks.o
                0x080097e2                xTaskCreate
 .text.prvInitialiseNewTask
                0x0800986c      0x126 ./Middlewares/Third_Party/FreeRTOS/Source/tasks.o
 *fill*         0x08009992        0x2 
 .text.prvAddNewTaskToReadyList
                0x08009994       0xd4 ./Middlewares/Third_Party/FreeRTOS/Source/tasks.o
 .text.vTaskDelay
                0x08009a68       0x6c ./Middlewares/Third_Party/FreeRTOS/Source/tasks.o
                0x08009a68                vTaskDelay
 .text.vTaskStartScheduler
                0x08009ad4       0xc4 ./Middlewares/Third_Party/FreeRTOS/Source/tasks.o
                0x08009ad4                vTaskStartScheduler
 .text.vTaskSuspendAll
                0x08009b98       0x1c ./Middlewares/Third_Party/FreeRTOS/Source/tasks.o
                0x08009b98                vTaskSuspendAll
 .text.xTaskResumeAll
                0x08009bb4      0x13c ./Middlewares/Third_Party/FreeRTOS/Source/tasks.o
                0x08009bb4                xTaskResumeAll
 .text.xTaskIncrementTick
                0x08009cf0      0x174 ./Middlewares/Third_Party/FreeRTOS/Source/tasks.o
                0x08009cf0                xTaskIncrementTick
 .text.vTaskSwitchContext
                0x08009e64      0x104 ./Middlewares/Third_Party/FreeRTOS/Source/tasks.o
                0x08009e64                vTaskSwitchContext
 .text.prvIdleTask
                0x08009f68       0x34 ./Middlewares/Third_Party/FreeRTOS/Source/tasks.o
 .text.prvInitialiseTaskLists
                0x08009f9c       0x80 ./Middlewares/Third_Party/FreeRTOS/Source/tasks.o
 .text.prvCheckTasksWaitingTermination
                0x0800a01c       0x5c ./Middlewares/Third_Party/FreeRTOS/Source/tasks.o
 .text.prvDeleteTCB
                0x0800a078       0x60 ./Middlewares/Third_Party/FreeRTOS/Source/tasks.o
 .text.prvResetNextTaskUnblockTime
                0x0800a0d8       0x40 ./Middlewares/Third_Party/FreeRTOS/Source/tasks.o
 .text.prvAddCurrentTaskToDelayedList
                0x0800a118       0xcc ./Middlewares/Third_Party/FreeRTOS/Source/tasks.o
 .text.pxPortInitialiseStack
                0x0800a1e4       0x68 ./Middlewares/Third_Party/FreeRTOS/Source/portable/GCC/ARM_CM4F/port.o
                0x0800a1e4                pxPortInitialiseStack
 .text.prvTaskExitError
                0x0800a24c       0x5c ./Middlewares/Third_Party/FreeRTOS/Source/portable/GCC/ARM_CM4F/port.o
 *fill*         0x0800a2a8        0x8 
 .text.SVC_Handler
                0x0800a2b0       0x28 ./Middlewares/Third_Party/FreeRTOS/Source/portable/GCC/ARM_CM4F/port.o
                0x0800a2b0                SVC_Handler
 .text.prvPortStartFirstTask
                0x0800a2d8       0x28 ./Middlewares/Third_Party/FreeRTOS/Source/portable/GCC/ARM_CM4F/port.o
 .text.xPortStartScheduler
                0x0800a300      0x148 ./Middlewares/Third_Party/FreeRTOS/Source/portable/GCC/ARM_CM4F/port.o
                0x0800a300                xPortStartScheduler
 .text.vPortEnterCritical
                0x0800a448       0x64 ./Middlewares/Third_Party/FreeRTOS/Source/portable/GCC/ARM_CM4F/port.o
                0x0800a448                vPortEnterCritical
 .text.vPortExitCritical
                0x0800a4ac       0x54 ./Middlewares/Third_Party/FreeRTOS/Source/portable/GCC/ARM_CM4F/port.o
                0x0800a4ac                vPortExitCritical
 .text.PendSV_Handler
                0x0800a500       0x68 ./Middlewares/Third_Party/FreeRTOS/Source/portable/GCC/ARM_CM4F/port.o
                0x0800a500                PendSV_Handler
 .text.SysTick_Handler
                0x0800a568       0x44 ./Middlewares/Third_Party/FreeRTOS/Source/portable/GCC/ARM_CM4F/port.o
                0x0800a568                SysTick_Handler
 .text.vPortSetupTimerInterrupt
                0x0800a5ac       0x48 ./Middlewares/Third_Party/FreeRTOS/Source/portable/GCC/ARM_CM4F/port.o
                0x0800a5ac                vPortSetupTimerInterrupt
 .text.vPortEnableVFP
                0x0800a5f4       0x14 ./Middlewares/Third_Party/FreeRTOS/Source/portable/GCC/ARM_CM4F/port.o
 .text.pvPortMalloc
                0x0800a608      0x1a8 ./Middlewares/Third_Party/FreeRTOS/Source/portable/MemMang/heap_4.o
                0x0800a608                pvPortMalloc
 .text.vPortFree
                0x0800a7b0       0xc8 ./Middlewares/Third_Party/FreeRTOS/Source/portable/MemMang/heap_4.o
                0x0800a7b0                vPortFree
 .text.prvHeapInit
                0x0800a878       0xc4 ./Middlewares/Third_Party/FreeRTOS/Source/portable/MemMang/heap_4.o
 .text.prvInsertBlockIntoFreeList
                0x0800a93c       0xb4 ./Middlewares/Third_Party/FreeRTOS/Source/portable/MemMang/heap_4.o
 .text.MX_USB_DEVICE_Init
                0x0800a9f0       0x60 ./USB_DEVICE/App/usb_device.o
                0x0800a9f0                MX_USB_DEVICE_Init
 .text.CDC_Init_HS
                0x0800aa50       0x28 ./USB_DEVICE/App/usbd_cdc_if.o
 .text.CDC_DeInit_HS
                0x0800aa78       0x10 ./USB_DEVICE/App/usbd_cdc_if.o
 .text.CDC_Control_HS
                0x0800aa88       0xbc ./USB_DEVICE/App/usbd_cdc_if.o
 .text.CDC_Receive_HS
                0x0800ab44       0x28 ./USB_DEVICE/App/usbd_cdc_if.o
 .text.CDC_Transmit_HS
                0x0800ab6c       0x4c ./USB_DEVICE/App/usbd_cdc_if.o
                0x0800ab6c                CDC_Transmit_HS
 .text.CDC_TransmitCplt_HS
                0x0800abb8       0x22 ./USB_DEVICE/App/usbd_cdc_if.o
 *fill*         0x0800abda        0x2 
 .text.USBD_HS_DeviceDescriptor
                0x0800abdc       0x24 ./USB_DEVICE/App/usbd_desc.o
                0x0800abdc                USBD_HS_DeviceDescriptor
 .text.USBD_HS_LangIDStrDescriptor
                0x0800ac00       0x24 ./USB_DEVICE/App/usbd_desc.o
                0x0800ac00                USBD_HS_LangIDStrDescriptor
 .text.USBD_HS_ProductStrDescriptor
                0x0800ac24       0x3c ./USB_DEVICE/App/usbd_desc.o
                0x0800ac24                USBD_HS_ProductStrDescriptor
 .text.USBD_HS_ManufacturerStrDescriptor
                0x0800ac60       0x28 ./USB_DEVICE/App/usbd_desc.o
                0x0800ac60                USBD_HS_ManufacturerStrDescriptor
 .text.USBD_HS_SerialStrDescriptor
                0x0800ac88       0x24 ./USB_DEVICE/App/usbd_desc.o
                0x0800ac88                USBD_HS_SerialStrDescriptor
 .text.USBD_HS_ConfigStrDescriptor
                0x0800acac       0x3c ./USB_DEVICE/App/usbd_desc.o
                0x0800acac                USBD_HS_ConfigStrDescriptor
 .text.USBD_HS_InterfaceStrDescriptor
                0x0800ace8       0x3c ./USB_DEVICE/App/usbd_desc.o
                0x0800ace8                USBD_HS_InterfaceStrDescriptor
 .text.Get_SerialNum
                0x0800ad24       0x58 ./USB_DEVICE/App/usbd_desc.o
 .text.IntToUnicode
                0x0800ad7c       0x7e ./USB_DEVICE/App/usbd_desc.o
 *fill*         0x0800adfa        0x2 
 .text.HAL_PCD_MspInit
                0x0800adfc       0xbc ./USB_DEVICE/Target/usbd_conf.o
                0x0800adfc                HAL_PCD_MspInit
 .text.HAL_PCD_SetupStageCallback
                0x0800aeb8       0x24 ./USB_DEVICE/Target/usbd_conf.o
                0x0800aeb8                HAL_PCD_SetupStageCallback
 .text.HAL_PCD_DataOutStageCallback
                0x0800aedc       0x36 ./USB_DEVICE/Target/usbd_conf.o
                0x0800aedc                HAL_PCD_DataOutStageCallback
 .text.HAL_PCD_DataInStageCallback
                0x0800af12       0x34 ./USB_DEVICE/Target/usbd_conf.o
                0x0800af12                HAL_PCD_DataInStageCallback
 .text.HAL_PCD_SOFCallback
                0x0800af46       0x1c ./USB_DEVICE/Target/usbd_conf.o
                0x0800af46                HAL_PCD_SOFCallback
 .text.HAL_PCD_ResetCallback
                0x0800af62       0x50 ./USB_DEVICE/Target/usbd_conf.o
                0x0800af62                HAL_PCD_ResetCallback
 *fill*         0x0800afb2        0x2 
 .text.HAL_PCD_SuspendCallback
                0x0800afb4       0x4c ./USB_DEVICE/Target/usbd_conf.o
                0x0800afb4                HAL_PCD_SuspendCallback
 .text.HAL_PCD_ResumeCallback
                0x0800b000       0x1c ./USB_DEVICE/Target/usbd_conf.o
                0x0800b000                HAL_PCD_ResumeCallback
 .text.HAL_PCD_ISOOUTIncompleteCallback
                0x0800b01c       0x24 ./USB_DEVICE/Target/usbd_conf.o
                0x0800b01c                HAL_PCD_ISOOUTIncompleteCallback
 .text.HAL_PCD_ISOINIncompleteCallback
                0x0800b040       0x24 ./USB_DEVICE/Target/usbd_conf.o
                0x0800b040                HAL_PCD_ISOINIncompleteCallback
 .text.HAL_PCD_ConnectCallback
                0x0800b064       0x1c ./USB_DEVICE/Target/usbd_conf.o
                0x0800b064                HAL_PCD_ConnectCallback
 .text.HAL_PCD_DisconnectCallback
                0x0800b080       0x1c ./USB_DEVICE/Target/usbd_conf.o
                0x0800b080                HAL_PCD_DisconnectCallback
 .text.USBD_LL_Init
                0x0800b09c       0xa4 ./USB_DEVICE/Target/usbd_conf.o
                0x0800b09c                USBD_LL_Init
 .text.USBD_LL_Start
                0x0800b140       0x36 ./USB_DEVICE/Target/usbd_conf.o
                0x0800b140                USBD_LL_Start
 .text.USBD_LL_OpenEP
                0x0800b176       0x4c ./USB_DEVICE/Target/usbd_conf.o
                0x0800b176                USBD_LL_OpenEP
 .text.USBD_LL_CloseEP
                0x0800b1c2       0x3e ./USB_DEVICE/Target/usbd_conf.o
                0x0800b1c2                USBD_LL_CloseEP
 .text.USBD_LL_StallEP
                0x0800b200       0x3e ./USB_DEVICE/Target/usbd_conf.o
                0x0800b200                USBD_LL_StallEP
 .text.USBD_LL_ClearStallEP
                0x0800b23e       0x3e ./USB_DEVICE/Target/usbd_conf.o
                0x0800b23e                USBD_LL_ClearStallEP
 .text.USBD_LL_IsStallEP
                0x0800b27c       0x58 ./USB_DEVICE/Target/usbd_conf.o
                0x0800b27c                USBD_LL_IsStallEP
 .text.USBD_LL_SetUSBAddress
                0x0800b2d4       0x3e ./USB_DEVICE/Target/usbd_conf.o
                0x0800b2d4                USBD_LL_SetUSBAddress
 .text.USBD_LL_Transmit
                0x0800b312       0x42 ./USB_DEVICE/Target/usbd_conf.o
                0x0800b312                USBD_LL_Transmit
 .text.USBD_LL_PrepareReceive
                0x0800b354       0x42 ./USB_DEVICE/Target/usbd_conf.o
                0x0800b354                USBD_LL_PrepareReceive
 .text.USBD_LL_GetRxDataSize
                0x0800b396       0x26 ./USB_DEVICE/Target/usbd_conf.o
                0x0800b396                USBD_LL_GetRxDataSize
 .text.USBD_static_malloc
                0x0800b3bc       0x1c ./USB_DEVICE/Target/usbd_conf.o
                0x0800b3bc                USBD_static_malloc
 .text.USBD_static_free
                0x0800b3d8       0x14 ./USB_DEVICE/Target/usbd_conf.o
                0x0800b3d8                USBD_static_free
 .text.USBD_Get_USB_Status
                0x0800b3ec       0x58 ./USB_DEVICE/Target/usbd_conf.o
                0x0800b3ec                USBD_Get_USB_Status
 .text.memset   0x0800b444       0x10 C:/ST/STM32CubeIDE_1.13.2/STM32CubeIDE/plugins/com.st.stm32cube.ide.mcu.externaltools.gnu-tools-for-stm32.12.3.rel1.win32_1.0.200.202406191623/tools/bin/../lib/gcc/arm-none-eabi/12.3.1/../../../../arm-none-eabi/lib/thumb/v7e-m+fp/hard\libc_nano.a(libc_a-memset.o)
                0x0800b444                memset
 .text.__libc_init_array
                0x0800b454       0x48 C:/ST/STM32CubeIDE_1.13.2/STM32CubeIDE/plugins/com.st.stm32cube.ide.mcu.externaltools.gnu-tools-for-stm32.12.3.rel1.win32_1.0.200.202406191623/tools/bin/../lib/gcc/arm-none-eabi/12.3.1/../../../../arm-none-eabi/lib/thumb/v7e-m+fp/hard\libc_nano.a(libc_a-init.o)
                0x0800b454                __libc_init_array
 *(.glue_7)
 .glue_7        0x0800b49c        0x0 linker stubs
 *(.glue_7t)
 .glue_7t       0x0800b49c        0x0 linker stubs
 *(.eh_frame)
 .eh_frame      0x0800b49c        0x0 C:/ST/STM32CubeIDE_1.13.2/STM32CubeIDE/plugins/com.st.stm32cube.ide.mcu.externaltools.gnu-tools-for-stm32.12.3.rel1.win32_1.0.200.202406191623/tools/bin/../lib/gcc/arm-none-eabi/12.3.1/thumb/v7e-m+fp/hard/crtbegin.o
 *(.init)
 .init          0x0800b49c        0x4 C:/ST/STM32CubeIDE_1.13.2/STM32CubeIDE/plugins/com.st.stm32cube.ide.mcu.externaltools.gnu-tools-for-stm32.12.3.rel1.win32_1.0.200.202406191623/tools/bin/../lib/gcc/arm-none-eabi/12.3.1/thumb/v7e-m+fp/hard/crti.o
                0x0800b49c                _init
 .init          0x0800b4a0        0x8 C:/ST/STM32CubeIDE_1.13.2/STM32CubeIDE/plugins/com.st.stm32cube.ide.mcu.externaltools.gnu-tools-for-stm32.12.3.rel1.win32_1.0.200.202406191623/tools/bin/../lib/gcc/arm-none-eabi/12.3.1/thumb/v7e-m+fp/hard/crtn.o
 *(.fini)
 .fini          0x0800b4a8        0x4 C:/ST/STM32CubeIDE_1.13.2/STM32CubeIDE/plugins/com.st.stm32cube.ide.mcu.externaltools.gnu-tools-for-stm32.12.3.rel1.win32_1.0.200.202406191623/tools/bin/../lib/gcc/arm-none-eabi/12.3.1/thumb/v7e-m+fp/hard/crti.o
                0x0800b4a8                _fini
 .fini          0x0800b4ac        0x8 C:/ST/STM32CubeIDE_1.13.2/STM32CubeIDE/plugins/com.st.stm32cube.ide.mcu.externaltools.gnu-tools-for-stm32.12.3.rel1.win32_1.0.200.202406191623/tools/bin/../lib/gcc/arm-none-eabi/12.3.1/thumb/v7e-m+fp/hard/crtn.o
                0x0800b4b4                        . = ALIGN (0x4)
                0x0800b4b4                        _etext = .

.vfp11_veneer   0x0800b4b4        0x0
 .vfp11_veneer  0x0800b4b4        0x0 linker stubs

.v4_bx          0x0800b4b4        0x0
 .v4_bx         0x0800b4b4        0x0 linker stubs

.iplt           0x0800b4b4        0x0
 .iplt          0x0800b4b4        0x0 C:/ST/STM32CubeIDE_1.13.2/STM32CubeIDE/plugins/com.st.stm32cube.ide.mcu.externaltools.gnu-tools-for-stm32.12.3.rel1.win32_1.0.200.202406191623/tools/bin/../lib/gcc/arm-none-eabi/12.3.1/thumb/v7e-m+fp/hard/crtbegin.o

.rodata         0x0800b4b4       0xa0
                0x0800b4b4                        . = ALIGN (0x4)
 *(.rodata)
 .rodata        0x0800b4b4       0x37 ./Core/Src/main.o
 *fill*         0x0800b4eb        0x1 
 .rodata        0x0800b4ec        0x5 ./Middlewares/Third_Party/FreeRTOS/Source/tasks.o
 *fill*         0x0800b4f1        0x3 
 .rodata        0x0800b4f4       0x46 ./USB_DEVICE/App/usbd_desc.o
 *(.rodata*)
 *fill*         0x0800b53a        0x2 
 .rodata.AHBPrescTable
                0x0800b53c       0x10 ./Core/Src/system_stm32f4xx.o
                0x0800b53c                AHBPrescTable
 .rodata.APBPrescTable
                0x0800b54c        0x8 ./Core/Src/system_stm32f4xx.o
                0x0800b54c                APBPrescTable
                0x0800b554                        . = ALIGN (0x4)

.ARM.extab      0x0800b554        0x0
                0x0800b554                        . = ALIGN (0x4)
 *(.ARM.extab* .gnu.linkonce.armextab.*)
                0x0800b554                        . = ALIGN (0x4)

.ARM            0x0800b554        0x8
                0x0800b554                        . = ALIGN (0x4)
                0x0800b554                        __exidx_start = .
 *(.ARM.exidx*)
 .ARM.exidx     0x0800b554        0x8 C:/ST/STM32CubeIDE_1.13.2/STM32CubeIDE/plugins/com.st.stm32cube.ide.mcu.externaltools.gnu-tools-for-stm32.12.3.rel1.win32_1.0.200.202406191623/tools/bin/../lib/gcc/arm-none-eabi/12.3.1/../../../../arm-none-eabi/lib/thumb/v7e-m+fp/hard\libc_nano.a(libc_a-strlen.o)
 .ARM.exidx     0x0800b55c        0x0 C:/ST/STM32CubeIDE_1.13.2/STM32CubeIDE/plugins/com.st.stm32cube.ide.mcu.externaltools.gnu-tools-for-stm32.12.3.rel1.win32_1.0.200.202406191623/tools/bin/../lib/gcc/arm-none-eabi/12.3.1/thumb/v7e-m+fp/hard\libgcc.a(_udivmoddi4.o)
                                  0x8 (size before relaxing)
                0x0800b55c                        __exidx_end = .
                0x0800b55c                        . = ALIGN (0x4)

.preinit_array  0x0800b55c        0x0
                0x0800b55c                        . = ALIGN (0x4)
                0x0800b55c                        PROVIDE (__preinit_array_start = .)
 *(.preinit_array*)
                0x0800b55c                        PROVIDE (__preinit_array_end = .)
                0x0800b55c                        . = ALIGN (0x4)

.init_array     0x0800b55c        0x4
                0x0800b55c                        . = ALIGN (0x4)
                0x0800b55c                        PROVIDE (__init_array_start = .)
 *(SORT_BY_NAME(.init_array.*))
 *(.init_array*)
 .init_array    0x0800b55c        0x4 C:/ST/STM32CubeIDE_1.13.2/STM32CubeIDE/plugins/com.st.stm32cube.ide.mcu.externaltools.gnu-tools-for-stm32.12.3.rel1.win32_1.0.200.202406191623/tools/bin/../lib/gcc/arm-none-eabi/12.3.1/thumb/v7e-m+fp/hard/crtbegin.o
                0x0800b560                        PROVIDE (__init_array_end = .)
                0x0800b560                        . = ALIGN (0x4)

.fini_array     0x0800b560        0x4
                0x0800b560                        . = ALIGN (0x4)
                [!provide]                        PROVIDE (__fini_array_start = .)
 *(SORT_BY_NAME(.fini_array.*))
 *(.fini_array*)
 .fini_array    0x0800b560        0x4 C:/ST/STM32CubeIDE_1.13.2/STM32CubeIDE/plugins/com.st.stm32cube.ide.mcu.externaltools.gnu-tools-for-stm32.12.3.rel1.win32_1.0.200.202406191623/tools/bin/../lib/gcc/arm-none-eabi/12.3.1/thumb/v7e-m+fp/hard/crtbegin.o
                [!provide]                        PROVIDE (__fini_array_end = .)
                0x0800b564                        . = ALIGN (0x4)
                0x0800b564                        _sidata = LOADADDR (.data)

.rel.dyn        0x0800b564        0x0
 .rel.iplt      0x0800b564        0x0 C:/ST/STM32CubeIDE_1.13.2/STM32CubeIDE/plugins/com.st.stm32cube.ide.mcu.externaltools.gnu-tools-for-stm32.12.3.rel1.win32_1.0.200.202406191623/tools/bin/../lib/gcc/arm-none-eabi/12.3.1/thumb/v7e-m+fp/hard/crtbegin.o

.data           0x20000000      0x100 load address 0x0800b564
                0x20000000                        . = ALIGN (0x4)
                0x20000000                        _sdata = .
 *(.data)
 *(.data*)
 .data.SystemCoreClock
                0x20000000        0x4 ./Core/Src/system_stm32f4xx.o
                0x20000000                SystemCoreClock
 .data.uwTickPrio
                0x20000004        0x4 ./Drivers/STM32F4xx_HAL_Driver/Src/stm32f4xx_hal.o
                0x20000004                uwTickPrio
 .data.uwTickFreq
                0x20000008        0x1 ./Drivers/STM32F4xx_HAL_Driver/Src/stm32f4xx_hal.o
                0x20000008                uwTickFreq
 *fill*         0x20000009        0x3 
 .data.USBD_CDC_DeviceQualifierDesc
                0x2000000c        0xa ./Middlewares/ST/STM32_USB_Device_Library/Class/CDC/Src/usbd_cdc.o
 *fill*         0x20000016        0x2 
 .data.USBD_CDC
                0x20000018       0x38 ./Middlewares/ST/STM32_USB_Device_Library/Class/CDC/Src/usbd_cdc.o
                0x20000018                USBD_CDC
 .data.USBD_CDC_CfgDesc
                0x20000050       0x43 ./Middlewares/ST/STM32_USB_Device_Library/Class/CDC/Src/usbd_cdc.o
 .data.CDCInEpAdd
                0x20000093        0x1 ./Middlewares/ST/STM32_USB_Device_Library/Class/CDC/Src/usbd_cdc.o
 .data.CDCOutEpAdd
                0x20000094        0x1 ./Middlewares/ST/STM32_USB_Device_Library/Class/CDC/Src/usbd_cdc.o
 .data.CDCCmdEpAdd
                0x20000095        0x1 ./Middlewares/ST/STM32_USB_Device_Library/Class/CDC/Src/usbd_cdc.o
 *fill*         0x20000096        0x2 
 .data.uxCriticalNesting
                0x20000098        0x4 ./Middlewares/Third_Party/FreeRTOS/Source/portable/GCC/ARM_CM4F/port.o
 .data.USBD_Interface_fops_HS
                0x2000009c       0x14 ./USB_DEVICE/App/usbd_cdc_if.o
                0x2000009c                USBD_Interface_fops_HS
 .data.HS_Desc  0x200000b0       0x1c ./USB_DEVICE/App/usbd_desc.o
                0x200000b0                HS_Desc
 .data.USBD_HS_DeviceDesc
                0x200000cc       0x12 ./USB_DEVICE/App/usbd_desc.o
                0x200000cc                USBD_HS_DeviceDesc
 *fill*         0x200000de        0x2 
 .data.USBD_LangIDDesc
                0x200000e0        0x4 ./USB_DEVICE/App/usbd_desc.o
                0x200000e0                USBD_LangIDDesc
 .data.USBD_StringSerial
                0x200000e4       0x1a ./USB_DEVICE/App/usbd_desc.o
                0x200000e4                USBD_StringSerial
 *(.RamFunc)
 *(.RamFunc*)
                0x20000100                        . = ALIGN (0x4)
 *fill*         0x200000fe        0x2 
                0x20000100                        _edata = .
                0x0800b664                        _siccmram = LOADADDR (.ccmram)

.igot.plt       0x20000100        0x0 load address 0x0800b664
 .igot.plt      0x20000100        0x0 C:/ST/STM32CubeIDE_1.13.2/STM32CubeIDE/plugins/com.st.stm32cube.ide.mcu.externaltools.gnu-tools-for-stm32.12.3.rel1.win32_1.0.200.202406191623/tools/bin/../lib/gcc/arm-none-eabi/12.3.1/thumb/v7e-m+fp/hard/crtbegin.o

.ccmram         0x10000000        0x0 load address 0x0800b664
                0x10000000                        . = ALIGN (0x4)
                0x10000000                        _sccmram = .
 *(.ccmram)
 *(.ccmram*)
                0x10000000                        . = ALIGN (0x4)
                0x10000000                        _eccmram = .
                0x10000000                        . = ALIGN (0x4)

.bss            0x20000100     0xa2b8
                0x20000100                        _sbss = .
                0x20000100                        __bss_start__ = _sbss
 *(.bss)
 .bss           0x20000100       0x1c C:/ST/STM32CubeIDE_1.13.2/STM32CubeIDE/plugins/com.st.stm32cube.ide.mcu.externaltools.gnu-tools-for-stm32.12.3.rel1.win32_1.0.200.202406191623/tools/bin/../lib/gcc/arm-none-eabi/12.3.1/thumb/v7e-m+fp/hard/crtbegin.o
 *(.bss*)
 .bss.xIdleTaskTCBBuffer
                0x2000011c       0x58 ./Core/Src/freertos.o
 .bss.xIdleStack
                0x20000174      0x200 ./Core/Src/freertos.o
 .bss.hcrc      0x20000374        0x8 ./Core/Src/main.o
                0x20000374                hcrc
 .bss.hdma2d    0x2000037c       0x40 ./Core/Src/main.o
                0x2000037c                hdma2d
 .bss.hi2c3     0x200003bc       0x54 ./Core/Src/main.o
                0x200003bc                hi2c3
 .bss.hltdc     0x20000410       0xa8 ./Core/Src/main.o
                0x20000410                hltdc
 .bss.hspi4     0x200004b8       0x58 ./Core/Src/main.o
                0x200004b8                hspi4
 .bss.hspi5     0x20000510       0x58 ./Core/Src/main.o
                0x20000510                hspi5
 .bss.htim1     0x20000568       0x48 ./Core/Src/main.o
                0x20000568                htim1
 .bss.huart1    0x200005b0       0x48 ./Core/Src/main.o
                0x200005b0                huart1
 .bss.hsdram1   0x200005f8       0x34 ./Core/Src/main.o
                0x200005f8                hsdram1
 .bss.defaultTaskHandle
                0x2000062c        0x4 ./Core/Src/main.o
                0x2000062c                defaultTaskHandle
 .bss.FMC_Initialized
                0x20000630        0x4 ./Core/Src/stm32f4xx_hal_msp.o
 .bss.htim6     0x20000634       0x48 ./Core/Src/stm32f4xx_hal_timebase_tim.o
                0x20000634                htim6
 .bss.uwTick    0x2000067c        0x4 ./Drivers/STM32F4xx_HAL_Driver/Src/stm32f4xx_hal.o
                0x2000067c                uwTick
 .bss.cfgidx.0  0x20000680        0x1 ./Middlewares/ST/STM32_USB_Device_Library/Core/Src/usbd_ctlreq.o
 *fill*         0x20000681        0x3 
 .bss.pxCurrentTCB
                0x20000684        0x4 ./Middlewares/Third_Party/FreeRTOS/Source/tasks.o
                0x20000684                pxCurrentTCB
 .bss.pxReadyTasksLists
                0x20000688       0x8c ./Middlewares/Third_Party/FreeRTOS/Source/tasks.o
 .bss.xDelayedTaskList1
                0x20000714       0x14 ./Middlewares/Third_Party/FreeRTOS/Source/tasks.o
 .bss.xDelayedTaskList2
                0x20000728       0x14 ./Middlewares/Third_Party/FreeRTOS/Source/tasks.o
 .bss.pxDelayedTaskList
                0x2000073c        0x4 ./Middlewares/Third_Party/FreeRTOS/Source/tasks.o
 .bss.pxOverflowDelayedTaskList
                0x20000740        0x4 ./Middlewares/Third_Party/FreeRTOS/Source/tasks.o
 .bss.xPendingReadyList
                0x20000744       0x14 ./Middlewares/Third_Party/FreeRTOS/Source/tasks.o
 .bss.xTasksWaitingTermination
                0x20000758       0x14 ./Middlewares/Third_Party/FreeRTOS/Source/tasks.o
 .bss.uxDeletedTasksWaitingCleanUp
                0x2000076c        0x4 ./Middlewares/Third_Party/FreeRTOS/Source/tasks.o
 .bss.xSuspendedTaskList
                0x20000770       0x14 ./Middlewares/Third_Party/FreeRTOS/Source/tasks.o
 .bss.uxCurrentNumberOfTasks
                0x20000784        0x4 ./Middlewares/Third_Party/FreeRTOS/Source/tasks.o
 .bss.xTickCount
                0x20000788        0x4 ./Middlewares/Third_Party/FreeRTOS/Source/tasks.o
 .bss.uxTopReadyPriority
                0x2000078c        0x4 ./Middlewares/Third_Party/FreeRTOS/Source/tasks.o
 .bss.xSchedulerRunning
                0x20000790        0x4 ./Middlewares/Third_Party/FreeRTOS/Source/tasks.o
 .bss.xPendedTicks
                0x20000794        0x4 ./Middlewares/Third_Party/FreeRTOS/Source/tasks.o
 .bss.xYieldPending
                0x20000798        0x4 ./Middlewares/Third_Party/FreeRTOS/Source/tasks.o
 .bss.xNumOfOverflows
                0x2000079c        0x4 ./Middlewares/Third_Party/FreeRTOS/Source/tasks.o
 .bss.uxTaskNumber
                0x200007a0        0x4 ./Middlewares/Third_Party/FreeRTOS/Source/tasks.o
 .bss.xNextTaskUnblockTime
                0x200007a4        0x4 ./Middlewares/Third_Party/FreeRTOS/Source/tasks.o
 .bss.xIdleTaskHandle
                0x200007a8        0x4 ./Middlewares/Third_Party/FreeRTOS/Source/tasks.o
 .bss.uxSchedulerSuspended
                0x200007ac        0x4 ./Middlewares/Third_Party/FreeRTOS/Source/tasks.o
 .bss.ucMaxSysCallPriority
                0x200007b0        0x1 ./Middlewares/Third_Party/FreeRTOS/Source/portable/GCC/ARM_CM4F/port.o
 *fill*         0x200007b1        0x3 
 .bss.ulMaxPRIGROUPValue
                0x200007b4        0x4 ./Middlewares/Third_Party/FreeRTOS/Source/portable/GCC/ARM_CM4F/port.o
 .bss.ucHeap    0x200007b8     0x8000 ./Middlewares/Third_Party/FreeRTOS/Source/portable/MemMang/heap_4.o
 .bss.xStart    0x200087b8        0x8 ./Middlewares/Third_Party/FreeRTOS/Source/portable/MemMang/heap_4.o
 .bss.pxEnd     0x200087c0        0x4 ./Middlewares/Third_Party/FreeRTOS/Source/portable/MemMang/heap_4.o
 .bss.xFreeBytesRemaining
                0x200087c4        0x4 ./Middlewares/Third_Party/FreeRTOS/Source/portable/MemMang/heap_4.o
 .bss.xMinimumEverFreeBytesRemaining
                0x200087c8        0x4 ./Middlewares/Third_Party/FreeRTOS/Source/portable/MemMang/heap_4.o
 .bss.xNumberOfSuccessfulAllocations
                0x200087cc        0x4 ./Middlewares/Third_Party/FreeRTOS/Source/portable/MemMang/heap_4.o
 .bss.xNumberOfSuccessfulFrees
                0x200087d0        0x4 ./Middlewares/Third_Party/FreeRTOS/Source/portable/MemMang/heap_4.o
 .bss.xBlockAllocatedBit
                0x200087d4        0x4 ./Middlewares/Third_Party/FreeRTOS/Source/portable/MemMang/heap_4.o
 .bss.hUsbDeviceHS
                0x200087d8      0x2dc ./USB_DEVICE/App/usb_device.o
                0x200087d8                hUsbDeviceHS
 .bss.UserRxBufferHS
                0x20008ab4      0x800 ./USB_DEVICE/App/usbd_cdc_if.o
                0x20008ab4                UserRxBufferHS
 .bss.UserTxBufferHS
                0x200092b4      0x800 ./USB_DEVICE/App/usbd_cdc_if.o
                0x200092b4                UserTxBufferHS
 .bss.USBD_StrDesc
                0x20009ab4      0x200 ./USB_DEVICE/App/usbd_desc.o
                0x20009ab4                USBD_StrDesc
 .bss.hpcd_USB_OTG_HS
                0x20009cb4      0x4e4 ./USB_DEVICE/Target/usbd_conf.o
                0x20009cb4                hpcd_USB_OTG_HS
 .bss.mem.0     0x2000a198      0x220 ./USB_DEVICE/Target/usbd_conf.o
 *(COMMON)
                0x2000a3b8                        . = ALIGN (0x4)
                0x2000a3b8                        _ebss = .
                0x2000a3b8                        __bss_end__ = _ebss

._user_heap_stack
                0x2000a3b8      0x600
                0x2000a3b8                        . = ALIGN (0x8)
                [!provide]                        PROVIDE (end = .)
                0x2000a3b8                        PROVIDE (_end = .)
                0x2000a5b8                        . = (. + _Min_Heap_Size)
 *fill*         0x2000a3b8      0x200 
                0x2000a9b8                        . = (. + _Min_Stack_Size)
 *fill*         0x2000a5b8      0x400 
                0x2000a9b8                        . = ALIGN (0x8)

/DISCARD/
 libc.a(*)
 libm.a(*)
 libgcc.a(*)

.ARM.attributes
                0x00000000       0x30
 *(.ARM.attributes)
 .ARM.attributes
                0x00000000       0x22 C:/ST/STM32CubeIDE_1.13.2/STM32CubeIDE/plugins/com.st.stm32cube.ide.mcu.externaltools.gnu-tools-for-stm32.12.3.rel1.win32_1.0.200.202406191623/tools/bin/../lib/gcc/arm-none-eabi/12.3.1/thumb/v7e-m+fp/hard/crti.o
 .ARM.attributes
                0x00000022       0x34 C:/ST/STM32CubeIDE_1.13.2/STM32CubeIDE/plugins/com.st.stm32cube.ide.mcu.externaltools.gnu-tools-for-stm32.12.3.rel1.win32_1.0.200.202406191623/tools/bin/../lib/gcc/arm-none-eabi/12.3.1/thumb/v7e-m+fp/hard/crtbegin.o
 .ARM.attributes
                0x00000056       0x34 ./Core/Src/freertos.o
 .ARM.attributes
                0x0000008a       0x34 ./Core/Src/main.o
 .ARM.attributes
                0x000000be       0x34 ./Core/Src/stm32f4xx_hal_msp.o
 .ARM.attributes
                0x000000f2       0x34 ./Core/Src/stm32f4xx_hal_timebase_tim.o
 .ARM.attributes
                0x00000126       0x34 ./Core/Src/stm32f4xx_it.o
 .ARM.attributes
                0x0000015a       0x34 ./Core/Src/system_stm32f4xx.o
 .ARM.attributes
                0x0000018e       0x21 ./Core/Startup/startup_stm32f429zitx.o
 .ARM.attributes
                0x000001af       0x34 ./Drivers/STM32F4xx_HAL_Driver/Src/stm32f4xx_hal.o
 .ARM.attributes
                0x000001e3       0x34 ./Drivers/STM32F4xx_HAL_Driver/Src/stm32f4xx_hal_cortex.o
 .ARM.attributes
                0x00000217       0x34 ./Drivers/STM32F4xx_HAL_Driver/Src/stm32f4xx_hal_crc.o
 .ARM.attributes
                0x0000024b       0x34 ./Drivers/STM32F4xx_HAL_Driver/Src/stm32f4xx_hal_dma2d.o
 .ARM.attributes
                0x0000027f       0x34 ./Drivers/STM32F4xx_HAL_Driver/Src/stm32f4xx_hal_gpio.o
 .ARM.attributes
                0x000002b3       0x34 ./Drivers/STM32F4xx_HAL_Driver/Src/stm32f4xx_hal_i2c.o
 .ARM.attributes
                0x000002e7       0x34 ./Drivers/STM32F4xx_HAL_Driver/Src/stm32f4xx_hal_i2c_ex.o
 .ARM.attributes
                0x0000031b       0x34 ./Drivers/STM32F4xx_HAL_Driver/Src/stm32f4xx_hal_ltdc.o
 .ARM.attributes
                0x0000034f       0x34 ./Drivers/STM32F4xx_HAL_Driver/Src/stm32f4xx_hal_pcd.o
 .ARM.attributes
                0x00000383       0x34 ./Drivers/STM32F4xx_HAL_Driver/Src/stm32f4xx_hal_pcd_ex.o
 .ARM.attributes
                0x000003b7       0x34 ./Drivers/STM32F4xx_HAL_Driver/Src/stm32f4xx_hal_rcc.o
 .ARM.attributes
                0x000003eb       0x34 ./Drivers/STM32F4xx_HAL_Driver/Src/stm32f4xx_hal_rcc_ex.o
 .ARM.attributes
                0x0000041f       0x34 ./Drivers/STM32F4xx_HAL_Driver/Src/stm32f4xx_hal_sdram.o
 .ARM.attributes
                0x00000453       0x34 ./Drivers/STM32F4xx_HAL_Driver/Src/stm32f4xx_hal_spi.o
 .ARM.attributes
                0x00000487       0x34 ./Drivers/STM32F4xx_HAL_Driver/Src/stm32f4xx_hal_tim.o
 .ARM.attributes
                0x000004bb       0x34 ./Drivers/STM32F4xx_HAL_Driver/Src/stm32f4xx_hal_tim_ex.o
 .ARM.attributes
                0x000004ef       0x34 ./Drivers/STM32F4xx_HAL_Driver/Src/stm32f4xx_hal_uart.o
 .ARM.attributes
                0x00000523       0x34 ./Drivers/STM32F4xx_HAL_Driver/Src/stm32f4xx_ll_fmc.o
 .ARM.attributes
                0x00000557       0x34 ./Drivers/STM32F4xx_HAL_Driver/Src/stm32f4xx_ll_usb.o
 .ARM.attributes
                0x0000058b       0x34 ./Middlewares/ST/STM32_USB_Device_Library/Class/CDC/Src/usbd_cdc.o
 .ARM.attributes
                0x000005bf       0x34 ./Middlewares/ST/STM32_USB_Device_Library/Core/Src/usbd_core.o
 .ARM.attributes
                0x000005f3       0x34 ./Middlewares/ST/STM32_USB_Device_Library/Core/Src/usbd_ctlreq.o
 .ARM.attributes
                0x00000627       0x34 ./Middlewares/ST/STM32_USB_Device_Library/Core/Src/usbd_ioreq.o
 .ARM.attributes
                0x0000065b       0x34 ./Middlewares/Third_Party/FreeRTOS/Source/CMSIS_RTOS/cmsis_os.o
 .ARM.attributes
                0x0000068f       0x34 ./Middlewares/Third_Party/FreeRTOS/Source/list.o
 .ARM.attributes
                0x000006c3       0x34 ./Middlewares/Third_Party/FreeRTOS/Source/tasks.o
 .ARM.attributes
                0x000006f7       0x34 ./Middlewares/Third_Party/FreeRTOS/Source/portable/GCC/ARM_CM4F/port.o
 .ARM.attributes
                0x0000072b       0x34 ./Middlewares/Third_Party/FreeRTOS/Source/portable/MemMang/heap_4.o
 .ARM.attributes
                0x0000075f       0x34 ./USB_DEVICE/App/usb_device.o
 .ARM.attributes
                0x00000793       0x34 ./USB_DEVICE/App/usbd_cdc_if.o
 .ARM.attributes
                0x000007c7       0x34 ./USB_DEVICE/App/usbd_desc.o
 .ARM.attributes
                0x000007fb       0x34 ./USB_DEVICE/Target/usbd_conf.o
 .ARM.attributes
                0x0000082f       0x34 C:/ST/STM32CubeIDE_1.13.2/STM32CubeIDE/plugins/com.st.stm32cube.ide.mcu.externaltools.gnu-tools-for-stm32.12.3.rel1.win32_1.0.200.202406191623/tools/bin/../lib/gcc/arm-none-eabi/12.3.1/../../../../arm-none-eabi/lib/thumb/v7e-m+fp/hard\libc_nano.a(libc_a-memset.o)
 .ARM.attributes
                0x00000863       0x34 C:/ST/STM32CubeIDE_1.13.2/STM32CubeIDE/plugins/com.st.stm32cube.ide.mcu.externaltools.gnu-tools-for-stm32.12.3.rel1.win32_1.0.200.202406191623/tools/bin/../lib/gcc/arm-none-eabi/12.3.1/../../../../arm-none-eabi/lib/thumb/v7e-m+fp/hard\libc_nano.a(libc_a-init.o)
 .ARM.attributes
                0x00000897       0x17 C:/ST/STM32CubeIDE_1.13.2/STM32CubeIDE/plugins/com.st.stm32cube.ide.mcu.externaltools.gnu-tools-for-stm32.12.3.rel1.win32_1.0.200.202406191623/tools/bin/../lib/gcc/arm-none-eabi/12.3.1/../../../../arm-none-eabi/lib/thumb/v7e-m+fp/hard\libc_nano.a(libc_a-strlen.o)
 .ARM.attributes
                0x000008ae       0x22 C:/ST/STM32CubeIDE_1.13.2/STM32CubeIDE/plugins/com.st.stm32cube.ide.mcu.externaltools.gnu-tools-for-stm32.12.3.rel1.win32_1.0.200.202406191623/tools/bin/../lib/gcc/arm-none-eabi/12.3.1/thumb/v7e-m+fp/hard\libgcc.a(_aeabi_uldivmod.o)
 .ARM.attributes
                0x000008d0       0x34 C:/ST/STM32CubeIDE_1.13.2/STM32CubeIDE/plugins/com.st.stm32cube.ide.mcu.externaltools.gnu-tools-for-stm32.12.3.rel1.win32_1.0.200.202406191623/tools/bin/../lib/gcc/arm-none-eabi/12.3.1/thumb/v7e-m+fp/hard\libgcc.a(_udivmoddi4.o)
 .ARM.attributes
                0x00000904       0x22 C:/ST/STM32CubeIDE_1.13.2/STM32CubeIDE/plugins/com.st.stm32cube.ide.mcu.externaltools.gnu-tools-for-stm32.12.3.rel1.win32_1.0.200.202406191623/tools/bin/../lib/gcc/arm-none-eabi/12.3.1/thumb/v7e-m+fp/hard\libgcc.a(_dvmd_tls.o)
 .ARM.attributes
                0x00000926       0x22 C:/ST/STM32CubeIDE_1.13.2/STM32CubeIDE/plugins/com.st.stm32cube.ide.mcu.externaltools.gnu-tools-for-stm32.12.3.rel1.win32_1.0.200.202406191623/tools/bin/../lib/gcc/arm-none-eabi/12.3.1/thumb/v7e-m+fp/hard/crtn.o
OUTPUT(Home-Security-System.elf elf32-littlearm)
LOAD linker stubs
LOAD C:/ST/STM32CubeIDE_1.13.2/STM32CubeIDE/plugins/com.st.stm32cube.ide.mcu.externaltools.gnu-tools-for-stm32.12.3.rel1.win32_1.0.200.202406191623/tools/bin/../lib/gcc/arm-none-eabi/12.3.1/../../../../arm-none-eabi/lib/thumb/v7e-m+fp/hard\libc.a
LOAD C:/ST/STM32CubeIDE_1.13.2/STM32CubeIDE/plugins/com.st.stm32cube.ide.mcu.externaltools.gnu-tools-for-stm32.12.3.rel1.win32_1.0.200.202406191623/tools/bin/../lib/gcc/arm-none-eabi/12.3.1/../../../../arm-none-eabi/lib/thumb/v7e-m+fp/hard\libm.a
LOAD C:/ST/STM32CubeIDE_1.13.2/STM32CubeIDE/plugins/com.st.stm32cube.ide.mcu.externaltools.gnu-tools-for-stm32.12.3.rel1.win32_1.0.200.202406191623/tools/bin/../lib/gcc/arm-none-eabi/12.3.1/thumb/v7e-m+fp/hard\libgcc.a

.debug_info     0x00000000    0x26a70
 .debug_info    0x00000000      0x2f5 ./Core/Src/freertos.o
 .debug_info    0x000002f5     0x2596 ./Core/Src/main.o
 .debug_info    0x0000288b     0x2309 ./Core/Src/stm32f4xx_hal_msp.o
 .debug_info    0x00004b94      0xc40 ./Core/Src/stm32f4xx_hal_timebase_tim.o
 .debug_info    0x000057d4     0x1251 ./Core/Src/stm32f4xx_it.o
 .debug_info    0x00006a25      0x52e ./Core/Src/system_stm32f4xx.o
 .debug_info    0x00006f53       0x30 ./Core/Startup/startup_stm32f429zitx.o
 .debug_info    0x00006f83      0x9ba ./Drivers/STM32F4xx_HAL_Driver/Src/stm32f4xx_hal.o
 .debug_info    0x0000793d      0xdc2 ./Drivers/STM32F4xx_HAL_Driver/Src/stm32f4xx_hal_cortex.o
 .debug_info    0x000086ff      0x37f ./Drivers/STM32F4xx_HAL_Driver/Src/stm32f4xx_hal_crc.o
 .debug_info    0x00008a7e      0xe6e ./Drivers/STM32F4xx_HAL_Driver/Src/stm32f4xx_hal_dma2d.o
 .debug_info    0x000098ec      0x6db ./Drivers/STM32F4xx_HAL_Driver/Src/stm32f4xx_hal_gpio.o
 .debug_info    0x00009fc7     0x2421 ./Drivers/STM32F4xx_HAL_Driver/Src/stm32f4xx_hal_i2c.o
 .debug_info    0x0000c3e8      0x672 ./Drivers/STM32F4xx_HAL_Driver/Src/stm32f4xx_hal_i2c_ex.o
 .debug_info    0x0000ca5a     0x1022 ./Drivers/STM32F4xx_HAL_Driver/Src/stm32f4xx_hal_ltdc.o
 .debug_info    0x0000da7c     0x156f ./Drivers/STM32F4xx_HAL_Driver/Src/stm32f4xx_hal_pcd.o
 .debug_info    0x0000efeb      0x6ea ./Drivers/STM32F4xx_HAL_Driver/Src/stm32f4xx_hal_pcd_ex.o
 .debug_info    0x0000f6d5      0x8c7 ./Drivers/STM32F4xx_HAL_Driver/Src/stm32f4xx_hal_rcc.o
 .debug_info    0x0000ff9c      0x64c ./Drivers/STM32F4xx_HAL_Driver/Src/stm32f4xx_hal_rcc_ex.o
 .debug_info    0x000105e8      0xeb4 ./Drivers/STM32F4xx_HAL_Driver/Src/stm32f4xx_hal_sdram.o
 .debug_info    0x0001149c     0x1525 ./Drivers/STM32F4xx_HAL_Driver/Src/stm32f4xx_hal_spi.o
 .debug_info    0x000129c1     0x299d ./Drivers/STM32F4xx_HAL_Driver/Src/stm32f4xx_hal_tim.o
 .debug_info    0x0001535e     0x14db ./Drivers/STM32F4xx_HAL_Driver/Src/stm32f4xx_hal_tim_ex.o
 .debug_info    0x00016839     0x2f4f ./Drivers/STM32F4xx_HAL_Driver/Src/stm32f4xx_hal_uart.o
 .debug_info    0x00019788      0xe08 ./Drivers/STM32F4xx_HAL_Driver/Src/stm32f4xx_ll_fmc.o
 .debug_info    0x0001a590     0x1993 ./Drivers/STM32F4xx_HAL_Driver/Src/stm32f4xx_ll_usb.o
 .debug_info    0x0001bf23     0x12a3 ./Middlewares/ST/STM32_USB_Device_Library/Class/CDC/Src/usbd_cdc.o
 .debug_info    0x0001d1c6      0xe05 ./Middlewares/ST/STM32_USB_Device_Library/Core/Src/usbd_core.o
 .debug_info    0x0001dfcb      0xade ./Middlewares/ST/STM32_USB_Device_Library/Core/Src/usbd_ctlreq.o
 .debug_info    0x0001eaa9      0x755 ./Middlewares/ST/STM32_USB_Device_Library/Core/Src/usbd_ioreq.o
 .debug_info    0x0001f1fe     0x1bfc ./Middlewares/Third_Party/FreeRTOS/Source/CMSIS_RTOS/cmsis_os.o
 .debug_info    0x00020dfa      0x2af ./Middlewares/Third_Party/FreeRTOS/Source/list.o
 .debug_info    0x000210a9     0x1ee2 ./Middlewares/Third_Party/FreeRTOS/Source/tasks.o
 .debug_info    0x00022f8b      0x4de ./Middlewares/Third_Party/FreeRTOS/Source/portable/GCC/ARM_CM4F/port.o
 .debug_info    0x00023469      0x4f7 ./Middlewares/Third_Party/FreeRTOS/Source/portable/MemMang/heap_4.o
 .debug_info    0x00023960      0x701 ./USB_DEVICE/App/usb_device.o
 .debug_info    0x00024061      0x8fa ./USB_DEVICE/App/usbd_cdc_if.o
 .debug_info    0x0002495b      0x458 ./USB_DEVICE/App/usbd_desc.o
 .debug_info    0x00024db3     0x1cbd ./USB_DEVICE/Target/usbd_conf.o

.debug_abbrev   0x00000000     0x56c2
 .debug_abbrev  0x00000000       0xf6 ./Core/Src/freertos.o
 .debug_abbrev  0x000000f6      0x359 ./Core/Src/main.o
 .debug_abbrev  0x0000044f      0x2d5 ./Core/Src/stm32f4xx_hal_msp.o
 .debug_abbrev  0x00000724      0x1f4 ./Core/Src/stm32f4xx_hal_timebase_tim.o
 .debug_abbrev  0x00000918      0x1d7 ./Core/Src/stm32f4xx_it.o
 .debug_abbrev  0x00000aef      0x11a ./Core/Src/system_stm32f4xx.o
 .debug_abbrev  0x00000c09       0x24 ./Core/Startup/startup_stm32f429zitx.o
 .debug_abbrev  0x00000c2d      0x214 ./Drivers/STM32F4xx_HAL_Driver/Src/stm32f4xx_hal.o
 .debug_abbrev  0x00000e41      0x31d ./Drivers/STM32F4xx_HAL_Driver/Src/stm32f4xx_hal_cortex.o
 .debug_abbrev  0x0000115e      0x1b1 ./Drivers/STM32F4xx_HAL_Driver/Src/stm32f4xx_hal_crc.o
 .debug_abbrev  0x0000130f      0x23e ./Drivers/STM32F4xx_HAL_Driver/Src/stm32f4xx_hal_dma2d.o
 .debug_abbrev  0x0000154d      0x1d4 ./Drivers/STM32F4xx_HAL_Driver/Src/stm32f4xx_hal_gpio.o
 .debug_abbrev  0x00001721      0x2ad ./Drivers/STM32F4xx_HAL_Driver/Src/stm32f4xx_hal_i2c.o
 .debug_abbrev  0x000019ce      0x157 ./Drivers/STM32F4xx_HAL_Driver/Src/stm32f4xx_hal_i2c_ex.o
 .debug_abbrev  0x00001b25      0x233 ./Drivers/STM32F4xx_HAL_Driver/Src/stm32f4xx_hal_ltdc.o
 .debug_abbrev  0x00001d58      0x2b9 ./Drivers/STM32F4xx_HAL_Driver/Src/stm32f4xx_hal_pcd.o
 .debug_abbrev  0x00002011      0x1da ./Drivers/STM32F4xx_HAL_Driver/Src/stm32f4xx_hal_pcd_ex.o
 .debug_abbrev  0x000021eb      0x2b7 ./Drivers/STM32F4xx_HAL_Driver/Src/stm32f4xx_hal_rcc.o
 .debug_abbrev  0x000024a2      0x1b0 ./Drivers/STM32F4xx_HAL_Driver/Src/stm32f4xx_hal_rcc_ex.o
 .debug_abbrev  0x00002652      0x240 ./Drivers/STM32F4xx_HAL_Driver/Src/stm32f4xx_hal_sdram.o
 .debug_abbrev  0x00002892      0x27a ./Drivers/STM32F4xx_HAL_Driver/Src/stm32f4xx_hal_spi.o
 .debug_abbrev  0x00002b0c      0x278 ./Drivers/STM32F4xx_HAL_Driver/Src/stm32f4xx_hal_tim.o
 .debug_abbrev  0x00002d84      0x283 ./Drivers/STM32F4xx_HAL_Driver/Src/stm32f4xx_hal_tim_ex.o
 .debug_abbrev  0x00003007      0x30e ./Drivers/STM32F4xx_HAL_Driver/Src/stm32f4xx_hal_uart.o
 .debug_abbrev  0x00003315      0x1ab ./Drivers/STM32F4xx_HAL_Driver/Src/stm32f4xx_ll_fmc.o
 .debug_abbrev  0x000034c0      0x2b3 ./Drivers/STM32F4xx_HAL_Driver/Src/stm32f4xx_ll_usb.o
 .debug_abbrev  0x00003773      0x2d2 ./Middlewares/ST/STM32_USB_Device_Library/Class/CDC/Src/usbd_cdc.o
 .debug_abbrev  0x00003a45      0x27c ./Middlewares/ST/STM32_USB_Device_Library/Core/Src/usbd_core.o
 .debug_abbrev  0x00003cc1      0x26f ./Middlewares/ST/STM32_USB_Device_Library/Core/Src/usbd_ctlreq.o
 .debug_abbrev  0x00003f30      0x19a ./Middlewares/ST/STM32_USB_Device_Library/Core/Src/usbd_ioreq.o
 .debug_abbrev  0x000040ca      0x3b7 ./Middlewares/Third_Party/FreeRTOS/Source/CMSIS_RTOS/cmsis_os.o
 .debug_abbrev  0x00004481       0xf5 ./Middlewares/Third_Party/FreeRTOS/Source/list.o
 .debug_abbrev  0x00004576      0x378 ./Middlewares/Third_Party/FreeRTOS/Source/tasks.o
 .debug_abbrev  0x000048ee      0x25c ./Middlewares/Third_Party/FreeRTOS/Source/portable/GCC/ARM_CM4F/port.o
 .debug_abbrev  0x00004b4a      0x226 ./Middlewares/Third_Party/FreeRTOS/Source/portable/MemMang/heap_4.o
 .debug_abbrev  0x00004d70      0x195 ./USB_DEVICE/App/usb_device.o
 .debug_abbrev  0x00004f05      0x29d ./USB_DEVICE/App/usbd_cdc_if.o
 .debug_abbrev  0x000051a2      0x1e1 ./USB_DEVICE/App/usbd_desc.o