Archive member included to satisfy reference by file (symbol)

C:/ST/STM32CubeIDE_1.13.2/STM32CubeIDE/plugins/com.st.stm32cube.ide.mcu.externaltools.gnu-tools-for-stm32.12.3.rel1.win32_1.0.200.202406191623/tools/bin/../lib/gcc/arm-none-eabi/12.3.1/../../../../arm-none-eabi/lib/thumb/v7e-m+fp/hard\libc_nano.a(libc_a-exit.o)
                              C:/ST/STM32CubeIDE_1.13.2/STM32CubeIDE/plugins/com.st.stm32cube.ide.mcu.externaltools.gnu-tools-for-stm32.12.3.rel1.win32_1.0.200.202406191623/tools/bin/../lib/gcc/arm-none-eabi/12.3.1/../../../../arm-none-eabi/lib/thumb/v7e-m+fp/hard/crt0.o (exit)
C:/ST/STM32CubeIDE_1.13.2/STM32CubeIDE/plugins/com.st.stm32cube.ide.mcu.externaltools.gnu-tools-for-stm32.12.3.rel1.win32_1.0.200.202406191623/tools/bin/../lib/gcc/arm-none-eabi/12.3.1/../../../../arm-none-eabi/lib/thumb/v7e-m+fp/hard\libc_nano.a(libc_a-findfp.o)
                              C:/ST/STM32CubeIDE_1.13.2/STM32CubeIDE/plugins/com.st.stm32cube.ide.mcu.externaltools.gnu-tools-for-stm32.12.3.rel1.win32_1.0.200.202406191623/tools/bin/../lib/gcc/arm-none-eabi/12.3.1/../../../../arm-none-eabi/lib/thumb/v7e-m+fp/hard\libc_nano.a(libc_a-exit.o) (__stdio_exit_handler)
C:/ST/STM32CubeIDE_1.13.2/STM32CubeIDE/plugins/com.st.stm32cube.ide.mcu.externaltools.gnu-tools-for-stm32.12.3.rel1.win32_1.0.200.202406191623/tools/bin/../lib/gcc/arm-none-eabi/12.3.1/../../../../arm-none-eabi/lib/thumb/v7e-m+fp/hard\libc_nano.a(libc_a-fwalk.o)
                              C:/ST/STM32CubeIDE_1.13.2/STM32CubeIDE/plugins/com.st.stm32cube.ide.mcu.externaltools.gnu-tools-for-stm32.12.3.rel1.win32_1.0.200.202406191623/tools/bin/../lib/gcc/arm-none-eabi/12.3.1/../../../../arm-none-eabi/lib/thumb/v7e-m+fp/hard\libc_nano.a(libc_a-findfp.o) (_fwalk_sglue)
C:/ST/STM32CubeIDE_1.13.2/STM32CubeIDE/plugins/com.st.stm32cube.ide.mcu.externaltools.gnu-tools-for-stm32.12.3.rel1.win32_1.0.200.202406191623/tools/bin/../lib/gcc/arm-none-eabi/12.3.1/../../../../arm-none-eabi/lib/thumb/v7e-m+fp/hard\libc_nano.a(libc_a-sprintf.o)
                              ./Core/Src/main.o (sprintf)
C:/ST/STM32CubeIDE_1.13.2/STM32CubeIDE/plugins/com.st.stm32cube.ide.mcu.externaltools.gnu-tools-for-stm32.12.3.rel1.win32_1.0.200.202406191623/tools/bin/../lib/gcc/arm-none-eabi/12.3.1/../../../../arm-none-eabi/lib/thumb/v7e-m+fp/hard\libc_nano.a(libc_a-stdio.o)
                              C:/ST/STM32CubeIDE_1.13.2/STM32CubeIDE/plugins/com.st.stm32cube.ide.mcu.externaltools.gnu-tools-for-stm32.12.3.rel1.win32_1.0.200.202406191623/tools/bin/../lib/gcc/arm-none-eabi/12.3.1/../../../../arm-none-eabi/lib/thumb/v7e-m+fp/hard\libc_nano.a(libc_a-findfp.o) (__sread)
C:/ST/STM32CubeIDE_1.13.2/STM32CubeIDE/plugins/com.st.stm32cube.ide.mcu.externaltools.gnu-tools-for-stm32.12.3.rel1.win32_1.0.200.202406191623/tools/bin/../lib/gcc/arm-none-eabi/12.3.1/../../../../arm-none-eabi/lib/thumb/v7e-m+fp/hard\libc_nano.a(libc_a-memset.o)
                              C:/ST/STM32CubeIDE_1.13.2/STM32CubeIDE/plugins/com.st.stm32cube.ide.mcu.externaltools.gnu-tools-for-stm32.12.3.rel1.win32_1.0.200.202406191623/tools/bin/../lib/gcc/arm-none-eabi/12.3.1/../../../../arm-none-eabi/lib/thumb/v7e-m+fp/hard/crt0.o (memset)
C:/ST/STM32CubeIDE_1.13.2/STM32CubeIDE/plugins/com.st.stm32cube.ide.mcu.externaltools.gnu-tools-for-stm32.12.3.rel1.win32_1.0.200.202406191623/tools/bin/../lib/gcc/arm-none-eabi/12.3.1/../../../../arm-none-eabi/lib/thumb/v7e-m+fp/hard\libc_nano.a(libc_a-closer.o)
                              C:/ST/STM32CubeIDE_1.13.2/STM32CubeIDE/plugins/com.st.stm32cube.ide.mcu.externaltools.gnu-tools-for-stm32.12.3.rel1.win32_1.0.200.202406191623/tools/bin/../lib/gcc/arm-none-eabi/12.3.1/../../../../arm-none-eabi/lib/thumb/v7e-m+fp/hard\libc_nano.a(libc_a-stdio.o) (_close_r)
C:/ST/STM32CubeIDE_1.13.2/STM32CubeIDE/plugins/com.st.stm32cube.ide.mcu.externaltools.gnu-tools-for-stm32.12.3.rel1.win32_1.0.200.202406191623/tools/bin/../lib/gcc/arm-none-eabi/12.3.1/../../../../arm-none-eabi/lib/thumb/v7e-m+fp/hard\libc_nano.a(libc_a-reent.o)
                              C:/ST/STM32CubeIDE_1.13.2/STM32CubeIDE/plugins/com.st.stm32cube.ide.mcu.externaltools.gnu-tools-for-stm32.12.3.rel1.win32_1.0.200.202406191623/tools/bin/../lib/gcc/arm-none-eabi/12.3.1/../../../../arm-none-eabi/lib/thumb/v7e-m+fp/hard\libc_nano.a(libc_a-closer.o) (errno)
C:/ST/STM32CubeIDE_1.13.2/STM32CubeIDE/plugins/com.st.stm32cube.ide.mcu.externaltools.gnu-tools-for-stm32.12.3.rel1.win32_1.0.200.202406191623/tools/bin/../lib/gcc/arm-none-eabi/12.3.1/../../../../arm-none-eabi/lib/thumb/v7e-m+fp/hard\libc_nano.a(libc_a-impure.o)
                              C:/ST/STM32CubeIDE_1.13.2/STM32CubeIDE/plugins/com.st.stm32cube.ide.mcu.externaltools.gnu-tools-for-stm32.12.3.rel1.win32_1.0.200.202406191623/tools/bin/../lib/gcc/arm-none-eabi/12.3.1/../../../../arm-none-eabi/lib/thumb/v7e-m+fp/hard\libc_nano.a(libc_a-sprintf.o) (_impure_ptr)
[...]
Memory Configuration

Name             Origin             Length             Attributes
CCMRAM           0x10000000         0x00010000         xrw
RAM              0x20000000         0x00030000         xrw
FLASH            0x08000000         0x00200000         xr
*default*        0x00000000         0xffffffff

Linker script and memory map

LOAD C:/ST/STM32CubeIDE_1.13.2/STM32CubeIDE/plugins/com.st.stm32cube.ide.mcu.externaltools.gnu-tools-for-stm32.12.3.rel1.win32_1.0.200.202406191623/tools/bin/../lib/gcc/arm-none-eabi/12.3.1/thumb/v7e-m+fp/hard/crti.o
LOAD C:/ST/STM32CubeIDE_1.13.2/STM32CubeIDE/plugins/com.st.stm32cube.ide.mcu.externaltools.gnu-tools-for-stm32.12.3.rel1.win32_1.0.200.202406191623/tools/bin/../lib/gcc/arm-none-eabi/12.3.1/thumb/v7e-m+fp/hard/crtbegin.o
LOAD C:/ST/STM32CubeIDE_1.13.2/STM32CubeIDE/plugins/com.st.stm32cube.ide.mcu.externaltools.gnu-tools-for-stm32.12.3.rel1.win32_1.0.200.202406191623/tools/bin/../lib/gcc/arm-none-eabi/12.3.1/../../../../arm-none-eabi/lib/thumb/v7e-m+fp/hard/crt0.o
LOAD ./Core/Src/freertos.o
LOAD ./Core/Src/main.o
LOAD ./Core/Src/stm32f4xx_hal_msp.o
LOAD ./Core/Src/stm32f4xx_hal_timebase_tim.o
LOAD ./Core/Src/stm32f4xx_it.o
LOAD ./Core/Src/syscalls.o
LOAD ./Core/Src/sysmem.o
LOAD ./Core/Src/system_stm32f4xx.o
LOAD ./Core/Startup/startup_stm32f429zitx.o
LOAD ./Drivers/STM32F4xx_HAL_Driver/Src/stm32f4xx_hal.o
LOAD ./Drivers/STM32F4xx_HAL_Driver/Src/stm32f4xx_hal_cortex.o
LOAD ./Drivers/STM32F4xx_HAL_Driver/Src/stm32f4xx_hal_crc.o
LOAD ./Drivers/STM32F4xx_HAL_Driver/Src/stm32f4xx_hal_dma.o
LOAD ./Drivers/STM32F4xx_HAL_Driver/Src/stm32f4xx_hal_dma2d.o
LOAD ./Drivers/STM32F4xx_HAL_Driver/Src/stm32f4xx_hal_dma_ex.o
LOAD ./Drivers/STM32F4xx_HAL_Driver/Src/stm32f4xx_hal_dsi.o
LOAD ./Drivers/STM32F4xx_HAL_Driver/Src/stm32f4xx_hal_exti.o
LOAD ./Drivers/STM32F4xx_HAL_Driver/Src/stm32f4xx_hal_flash.o
LOAD ./Drivers/STM32F4xx_HAL_Driver/Src/stm32f4xx_hal_flash_ex.o
LOAD ./Drivers/STM32F4xx_HAL_Driver/Src/stm32f4xx_hal_flash_ramfunc.o
LOAD ./Drivers/STM32F4xx_HAL_Driver/Src/stm32f4xx_hal_gpio.o
LOAD ./Drivers/STM32F4xx_HAL_Driver/Src/stm32f4xx_hal_i2c.o
LOAD ./Drivers/STM32F4xx_HAL_Driver/Src/stm32f4xx_hal_i2c_ex.o
LOAD ./Drivers/STM32F4xx_HAL_Driver/Src/stm32f4xx_hal_ltdc.o
LOAD ./Drivers/STM32F4xx_HAL_Driver/Src/stm32f4xx_hal_ltdc_ex.o
LOAD ./Drivers/STM32F4xx_HAL_Driver/Src/stm32f4xx_hal_pcd.o
LOAD ./Drivers/STM32F4xx_HAL_Driver/Src/stm32f4xx_hal_pcd_ex.o
LOAD ./Drivers/STM32F4xx_HAL_Driver/Src/stm32f4xx_hal_pwr.o
LOAD ./Drivers/STM32F4xx_HAL_Driver/Src/stm32f4xx_hal_pwr_ex.o
LOAD ./Drivers/STM32F4xx_HAL_Driver/Src/stm32f4xx_hal_rcc.o
LOAD ./Drivers/STM32F4xx_HAL_Driver/Src/stm32f4xx_hal_rcc_ex.o
LOAD ./Drivers/STM32F4xx_HAL_Driver/Src/stm32f4xx_hal_sdram.o
LOAD ./Drivers/STM32F4xx_HAL_Driver/Src/stm32f4xx_hal_spi.o
LOAD ./Drivers/STM32F4xx_HAL_Driver/Src/stm32f4xx_hal_tim.o
LOAD ./Drivers/STM32F4xx_HAL_Driver/Src/stm32f4xx_hal_tim_ex.o
LOAD ./Drivers/STM32F4xx_HAL_Driver/Src/stm32f4xx_hal_uart.o
LOAD ./Drivers/STM32F4xx_HAL_Driver/Src/stm32f4xx_ll_fmc.o
LOAD ./Drivers/STM32F4xx_HAL_Driver/Src/stm32f4xx_ll_usb.o
LOAD ./Middlewares/ST/STM32_USB_Device_Library/Class/CDC/Src/usbd_cdc.o
LOAD ./Middlewares/ST/STM32_USB_Device_Library/Core/Src/usbd_core.o
LOAD ./Middlewares/ST/STM32_USB_Device_Library/Core/Src/usbd_ctlreq.o
LOAD ./Middlewares/ST/STM32_USB_Device_Library/Core/Src/usbd_ioreq.o
LOAD ./Middlewares/Third_Party/FreeRTOS/Source/CMSIS_RTOS_V2/cmsis_os2.o
LOAD ./Middlewares/Third_Party/FreeRTOS/Source/croutine.o
LOAD ./Middlewares/Third_Party/FreeRTOS/Source/event_groups.o
LOAD ./Middlewares/Third_Party/FreeRTOS/Source/list.o
LOAD ./Middlewares/Third_Party/FreeRTOS/Source/queue.o
LOAD ./Middlewares/Third_Party/FreeRTOS/Source/stream_buffer.o
LOAD ./Middlewares/Third_Party/FreeRTOS/Source/tasks.o
LOAD ./Middlewares/Third_Party/FreeRTOS/Source/timers.o
LOAD ./Middlewares/Third_Party/FreeRTOS/Source/portable/GCC/ARM_CM4F/port.o
LOAD ./Middlewares/Third_Party/FreeRTOS/Source/portable/MemMang/heap_4.o
LOAD ./USB_DEVICE/App/usb_device.o
LOAD ./USB_DEVICE/App/usbd_cdc_if.o
LOAD ./USB_DEVICE/App/usbd_desc.o
LOAD ./USB_DEVICE/Target/usbd_conf.o
START GROUP
LOAD C:/ST/STM32CubeIDE_1.13.2/STM32CubeIDE/plugins/com.st.stm32cube.ide.mcu.externaltools.gnu-tools-for-stm32.12.3.rel1.win32_1.0.200.202406191623/tools/bin/../lib/gcc/arm-none-eabi/12.3.1/../../../../arm-none-eabi/lib/thumb/v7e-m+fp/hard\libc_nano.a
LOAD C:/ST/STM32CubeIDE_1.13.2/STM32CubeIDE/plugins/com.st.stm32cube.ide.mcu.externaltools.gnu-tools-for-stm32.12.3.rel1.win32_1.0.200.202406191623/tools/bin/../lib/gcc/arm-none-eabi/12.3.1/../../../../arm-none-eabi/lib/thumb/v7e-m+fp/hard\libm.a
END GROUP
START GROUP
LOAD C:/ST/STM32CubeIDE_1.13.2/STM32CubeIDE/plugins/com.st.stm32cube.ide.mcu.externaltools.gnu-tools-for-stm32.12.3.rel1.win32_1.0.200.202406191623/tools/bin/../lib/gcc/arm-none-eabi/12.3.1/thumb/v7e-m+fp/hard\libgcc.a
LOAD C:/ST/STM32CubeIDE_1.13.2/STM32CubeIDE/plugins/com.st.stm32cube.ide.mcu.externaltools.gnu-tools-for-stm32.12.3.rel1.win32_1.0.200.202406191623/tools/bin/../lib/gcc/arm-none-eabi/12.3.1/../../../../arm-none-eabi/lib/thumb/v7e-m+fp/hard\libc_nano.a
END GROUP
START GROUP
LOAD C:/ST/STM32CubeIDE_1.13.2/STM32CubeIDE/plugins/com.st.stm32cube.ide.mcu.externaltools.gnu-tools-for-stm32.12.3.rel1.win32_1.0.200.202406191623/tools/bin/../lib/gcc/arm-none-eabi/12.3.1/thumb/v7e-m+fp/hard\libgcc.a
LOAD C:/ST/STM32CubeIDE_1.13.2/STM32CubeIDE/plugins/com.st.stm32cube.ide.mcu.externaltools.gnu-tools-for-stm32.12.3.rel1.win32_1.0.200.202406191623/tools/bin/../lib/gcc/arm-none-eabi/12.3.1/../../../../arm-none-eabi/lib/thumb/v7e-m+fp/hard\libc_nano.a
LOAD C:/ST/STM32CubeIDE_1.13.2/STM32CubeIDE/plugins/com.st.stm32cube.ide.mcu.externaltools.gnu-tools-for-stm32.12.3.rel1.win32_1.0.200.202406191623/tools/bin/../lib/gcc/arm-none-eabi/12.3.1/../../../../arm-none-eabi/lib/thumb/v7e-m+fp/hard\libnosys.a
END GROUP
START GROUP
LOAD C:/ST/STM32CubeIDE_1.13.2/STM32CubeIDE/plugins/com.st.stm32cube.ide.mcu.externaltools.gnu-tools-for-stm32.12.3.rel1.win32_1.0.200.202406191623/tools/bin/../lib/gcc/arm-none-eabi/12.3.1/thumb/v7e-m+fp/hard\libgcc.a
LOAD C:/ST/STM32CubeIDE_1.13.2/STM32CubeIDE/plugins/com.st.stm32cube.ide.mcu.externaltools.gnu-tools-for-stm32.12.3.rel1.win32_1.0.200.202406191623/tools/bin/../lib/gcc/arm-none-eabi/12.3.1/../../../../arm-none-eabi/lib/thumb/v7e-m+fp/hard\libc_nano.a
LOAD C:/ST/STM32CubeIDE_1.13.2/STM32CubeIDE/plugins/com.st.stm32cube.ide.mcu.externaltools.gnu-tools-for-stm32.12.3.rel1.win32_1.0.200.202406191623/tools/bin/../lib/gcc/arm-none-eabi/12.3.1/../../../../arm-none-eabi/lib/thumb/v7e-m+fp/hard\libnosys.a
END GROUP
LOAD C:/ST/STM32CubeIDE_1.13.2/STM32CubeIDE/plugins/com.st.stm32cube.ide.mcu.externaltools.gnu-tools-for-stm32.12.3.rel1.win32_1.0.200.202406191623/tools/bin/../lib/gcc/arm-none-eabi/12.3.1/thumb/v7e-m+fp/hard/crtend.o
LOAD C:/ST/STM32CubeIDE_1.13.2/STM32CubeIDE/plugins/com.st.stm32cube.ide.mcu.externaltools.gnu-tools-for-stm32.12.3.rel1.win32_1.0.200.202406191623/tools/bin/../lib/gcc/arm-none-eabi/12.3.1/thumb/v7e-m+fp/hard/crtn.o
                0x20030000                        _estack = (ORIGIN (RAM) + LENGTH (RAM))
                0x00000200                        _Min_Heap_Size = 0x200
                0x00000400                        _Min_Stack_Size = 0x400

.isr_vector     0x08000000      0x1ac
                0x08000000                        . = ALIGN (0x4)
 *(.isr_vector)
 .isr_vector    0x08000000      0x1ac ./Core/Startup/startup_stm32f429zitx.o
                0x08000000                g_pfnVectors
                0x080001ac                        . = ALIGN (0x4)

.text           0x080001b0    0x100e4
                0x080001b0                        . = ALIGN (0x4)
 *(.text)
 .text          0x080001b0       0x40 C:/ST/STM32CubeIDE_1.13.2/STM32CubeIDE/plugins/com.st.stm32cube.ide.mcu.externaltools.gnu-tools-for-stm32.12.3.rel1.win32_1.0.200.202406191623/tools/bin/../lib/gcc/arm-none-eabi/12.3.1/thumb/v7e-m+fp/hard/crtbegin.o
 .text          0x080001f0       0x10 C:/ST/STM32CubeIDE_1.13.2/STM32CubeIDE/plugins/com.st.stm32cube.ide.mcu.externaltools.gnu-tools-for-stm32.12.3.rel1.win32_1.0.200.202406191623/tools/bin/../lib/gcc/arm-none-eabi/12.3.1/../../../../arm-none-eabi/lib/thumb/v7e-m+fp/hard\libc_nano.a(libc_a-strlen.o)
                0x080001f0                strlen
 .text          0x08000200       0xa0 C:/ST/STM32CubeIDE_1.13.2/STM32CubeIDE/plugins/com.st.stm32cube.ide.mcu.externaltools.gnu-tools-for-stm32.12.3.rel1.win32_1.0.200.202406191623/tools/bin/../lib/gcc/arm-none-eabi/12.3.1/../../../../arm-none-eabi/lib/thumb/v7e-m+fp/hard\libc_nano.a(libc_a-memchr.o)
                0x08000200                memchr
 .text          0x080002a0       0x30 C:/ST/STM32CubeIDE_1.13.2/STM32CubeIDE/plugins/com.st.stm32cube.ide.mcu.externaltools.gnu-tools-for-stm32.12.3.rel1.win32_1.0.200.202406191623/tools/bin/../lib/gcc/arm-none-eabi/12.3.1/thumb/v7e-m+fp/hard\libgcc.a(_aeabi_uldivmod.o)
                0x080002a0                __aeabi_uldivmod
 .text          0x080002d0      0x2bc C:/ST/STM32CubeIDE_1.13.2/STM32CubeIDE/plugins/com.st.stm32cube.ide.mcu.externaltools.gnu-tools-for-stm32.12.3.rel1.win32_1.0.200.202406191623/tools/bin/../lib/gcc/arm-none-eabi/12.3.1/thumb/v7e-m+fp/hard\libgcc.a(_udivmoddi4.o)
                0x080002d0                __udivmoddi4
 .text          0x0800058c        0x4 C:/ST/STM32CubeIDE_1.13.2/STM32CubeIDE/plugins/com.st.stm32cube.ide.mcu.externaltools.gnu-tools-for-stm32.12.3.rel1.win32_1.0.200.202406191623/tools/bin/../lib/gcc/arm-none-eabi/12.3.1/thumb/v7e-m+fp/hard\libgcc.a(_dvmd_tls.o)
                0x0800058c                __aeabi_idiv0
                0x0800058c                __aeabi_ldiv0
 *(.text*)
 .text.main     0x08000590      0x100 ./Core/Src/main.o
                0x08000590                main
 .text.SystemClock_Config
                0x08000690       0xd4 ./Core/Src/main.o
                0x08000690                SystemClock_Config
 .text.MX_CRC_Init
                0x08000764       0x28 ./Core/Src/main.o
 .text.MX_DMA2D_Init
                0x0800078c       0x64 ./Core/Src/main.o
 .text.MX_I2C3_Init
                0x080007f0       0x80 ./Core/Src/main.o
 .text.MX_LTDC_Init
                0x08000870      0x100 ./Core/Src/main.o
 .text.MX_SPI4_Init
                0x08000970       0x6c ./Core/Src/main.o
 .text.MX_SPI5_Init
                0x080009dc       0x6c ./Core/Src/main.o
 .text.MX_TIM1_Init
                0x08000a48       0xa0 ./Core/Src/main.o
 .text.MX_USART1_UART_Init
                0x08000ae8       0x54 ./Core/Src/main.o
 .text.MX_FMC_Init
                0x08000b3c       0xa0 ./Core/Src/main.o
 .text.MX_GPIO_Init
                0x08000bdc      0x24c ./Core/Src/main.o
 .text.CDC_Print
                0x08000e28       0x32 ./Core/Src/main.o
                0x08000e28                CDC_Print
 *fill*         0x08000e5a        0x2 
 .text.HAL_GPIO_EXTI_Callback
                0x08000e5c       0x34 ./Core/Src/main.o
                0x08000e5c                HAL_GPIO_EXTI_Callback
 .text.ArduCAM_WriteI2C
                0x08000e90       0x50 ./Core/Src/main.o
                0x08000e90                ArduCAM_WriteI2C
 .text.ArduCAM_ReadI2C
                0x08000ee0       0x64 ./Core/Src/main.o
                0x08000ee0                ArduCAM_ReadI2C
 .text.ArduCAM_WriteSPI
                0x08000f44       0x48 ./Core/Src/main.o
                0x08000f44                ArduCAM_WriteSPI
 .text.ArduCAM_ReadSPI
                0x08000f8c       0x5c ./Core/Src/main.o
                0x08000f8c                ArduCAM_ReadSPI
 .text.ArduCAM_Init
                0x08000fe8       0x70 ./Core/Src/main.o
                0x08000fe8                ArduCAM_Init
 .text.StartDefaultTask
                0x08001058       0x78 ./Core/Src/main.o
                0x08001058                StartDefaultTask
 .text.StartMotionTask
                0x080010d0       0x90 ./Core/Src/main.o
                0x080010d0                StartMotionTask
 .text.StartCaptureTask
                0x08001160       0xa4 ./Core/Src/main.o
                0x08001160                StartCaptureTask
 .text.StartAlertTask
                0x08001204       0x64 ./Core/Src/main.o
                0x08001204                StartAlertTask
 .text.alertTimerCallback
                0x08001268       0x34 ./Core/Src/main.o
                0x08001268                alertTimerCallback
 .text.HAL_TIM_PeriodElapsedCallback
                0x0800129c       0x24 ./Core/Src/main.o
                0x0800129c                HAL_TIM_PeriodElapsedCallback
 .text.Error_Handler
                0x080012c0        0xc ./Core/Src/main.o
                0x080012c0                Error_Handler
 .text.HAL_MspInit
                0x080012cc       0x58 ./Core/Src/stm32f4xx_hal_msp.o
                0x080012cc                HAL_MspInit
 .text.HAL_CRC_MspInit
                0x08001324       0x44 ./Core/Src/stm32f4xx_hal_msp.o
                0x08001324                HAL_CRC_MspInit
 .text.HAL_DMA2D_MspInit
                0x08001368       0x50 ./Core/Src/stm32f4xx_hal_msp.o
                0x08001368                HAL_DMA2D_MspInit
 .text.HAL_I2C_MspInit
                0x080013b8       0xd4 ./Core/Src/stm32f4xx_hal_msp.o
                0x080013b8                HAL_I2C_MspInit
 .text.HAL_LTDC_MspInit
                0x0800148c      0x260 ./Core/Src/stm32f4xx_hal_msp.o
                0x0800148c                HAL_LTDC_MspInit
 .text.HAL_SPI_MspInit
                0x080016ec       0xfc ./Core/Src/stm32f4xx_hal_msp.o
                0x080016ec                HAL_SPI_MspInit
 .text.HAL_TIM_Base_MspInit
                0x080017e8       0x44 ./Core/Src/stm32f4xx_hal_msp.o
                0x080017e8                HAL_TIM_Base_MspInit
 .text.HAL_UART_MspInit
                0x0800182c       0x90 ./Core/Src/stm32f4xx_hal_msp.o
                0x0800182c                HAL_UART_MspInit
 .text.HAL_FMC_MspInit
                0x080018bc      0x124 ./Core/Src/stm32f4xx_hal_msp.o
 .text.HAL_SDRAM_MspInit
                0x080019e0       0x14 ./Core/Src/stm32f4xx_hal_msp.o
                0x080019e0                HAL_SDRAM_MspInit
 .text.HAL_InitTick
                0x080019f4       0xf8 ./Core/Src/stm32f4xx_hal_timebase_tim.o
                0x080019f4                HAL_InitTick
 .text.NMI_Handler
                0x08001aec        0x8 ./Core/Src/stm32f4xx_it.o
                0x08001aec                NMI_Handler
 .text.HardFault_Handler
                0x08001af4        0x8 ./Core/Src/stm32f4xx_it.o
                0x08001af4                HardFault_Handler
 .text.MemManage_Handler
                0x08001afc        0x8 ./Core/Src/stm32f4xx_it.o
                0x08001afc                MemManage_Handler
 .text.BusFault_Handler
                0x08001b04        0x8 ./Core/Src/stm32f4xx_it.o
                0x08001b04                BusFault_Handler
 .text.UsageFault_Handler
                0x08001b0c        0x8 ./Core/Src/stm32f4xx_it.o
                0x08001b0c                UsageFault_Handler
 .text.DebugMon_Handler
                0x08001b14        0xe ./Core/Src/stm32f4xx_it.o
                0x08001b14                DebugMon_Handler
 .text.EXTI9_5_IRQHandler
                0x08001b22       0x10 ./Core/Src/stm32f4xx_it.o
                0x08001b22                EXTI9_5_IRQHandler
 *fill*         0x08001b32        0x2 
 .text.TIM6_DAC_IRQHandler
                0x08001b34       0x14 ./Core/Src/stm32f4xx_it.o
                0x08001b34                TIM6_DAC_IRQHandler
 .text.OTG_HS_IRQHandler
                0x08001b48       0x14 ./Core/Src/stm32f4xx_it.o
                0x08001b48                OTG_HS_IRQHandler
 .text.LTDC_IRQHandler
                0x08001b5c       0x14 ./Core/Src/stm32f4xx_it.o
                0x08001b5c                LTDC_IRQHandler
 .text.DMA2D_IRQHandler
                0x08001b70       0x14 ./Core/Src/stm32f4xx_it.o
                0x08001b70                DMA2D_IRQHandler
 .text._sbrk    0x08001b84       0x6c ./Core/Src/sysmem.o
                0x08001b84                _sbrk
 .text.SystemInit
                0x08001bf0       0x24 ./Core/Src/system_stm32f4xx.o
                0x08001bf0                SystemInit
 .text.Reset_Handler
                0x08001c14       0x50 ./Core/Startup/startup_stm32f429zitx.o
                0x08001c14                Reset_Handler
 .text.Default_Handler
                0x08001c64        0x2 ./Core/Startup/startup_stm32f429zitx.o
                0x08001c64                RTC_Alarm_IRQHandler
                0x08001c64                HASH_RNG_IRQHandler
                0x08001c64                EXTI2_IRQHandler
                0x08001c64                TIM8_CC_IRQHandler
                0x08001c64                UART8_IRQHandler
                0x08001c64                SPI4_IRQHandler
                0x08001c64                TIM1_CC_IRQHandler
                0x08001c64                DMA2_Stream5_IRQHandler
                0x08001c64                DMA1_Stream5_IRQHandler
                0x08001c64                PVD_IRQHandler
                0x08001c64                SDIO_IRQHandler
                0x08001c64                TAMP_STAMP_IRQHandler
                0x08001c64                CAN2_RX1_IRQHandler
                0x08001c64                EXTI3_IRQHandler
                0x08001c64                TIM8_TRG_COM_TIM14_IRQHandler
                0x08001c64                TIM1_UP_TIM10_IRQHandler
                0x08001c64                TIM8_UP_TIM13_IRQHandler
                0x08001c64                I2C3_ER_IRQHandler
                0x08001c64                EXTI0_IRQHandler
                0x08001c64                I2C2_EV_IRQHandler
                0x08001c64                DMA1_Stream2_IRQHandler
                0x08001c64                CAN1_RX0_IRQHandler
                0x08001c64                FPU_IRQHandler
                0x08001c64                OTG_HS_WKUP_IRQHandler
                0x08001c64                LTDC_ER_IRQHandler
                0x08001c64                CAN2_SCE_IRQHandler
                0x08001c64                DMA2_Stream2_IRQHandler
                0x08001c64                SPI1_IRQHandler
                0x08001c64                TIM1_BRK_TIM9_IRQHandler
                0x08001c64                DCMI_IRQHandler
                0x08001c64                CAN2_RX0_IRQHandler
                0x08001c64                DMA2_Stream3_IRQHandler
                0x08001c64                USART6_IRQHandler
                0x08001c64                USART3_IRQHandler
                0x08001c64                CAN1_RX1_IRQHandler
                0x08001c64                UART5_IRQHandler
                0x08001c64                DMA2_Stream0_IRQHandler
                0x08001c64                TIM4_IRQHandler
                0x08001c64                I2C1_EV_IRQHandler
                0x08001c64                DMA1_Stream6_IRQHandler
                0x08001c64                DMA1_Stream1_IRQHandler
                0x08001c64                UART4_IRQHandler
                0x08001c64                TIM3_IRQHandler
                0x08001c64                RCC_IRQHandler
                0x08001c64                TIM8_BRK_TIM12_IRQHandler
                0x08001c64                Default_Handler
                0x08001c64                EXTI15_10_IRQHandler
                0x08001c64                ADC_IRQHandler
                0x08001c64                DMA1_Stream7_IRQHandler
                0x08001c64                SPI5_IRQHandler
                0x08001c64                TIM7_IRQHandler
                0x08001c64                CAN2_TX_IRQHandler
                0x08001c64                TIM5_IRQHandler
                0x08001c64                DMA2_Stream7_IRQHandler
                0x08001c64                I2C3_EV_IRQHandler
                0x08001c64                RTC_WKUP_IRQHandler
                0x08001c64                ETH_WKUP_IRQHandler
                0x08001c64                SPI2_IRQHandler
                0x08001c64                OTG_HS_EP1_IN_IRQHandler
                0x08001c64                DMA1_Stream0_IRQHandler
                0x08001c64                CAN1_TX_IRQHandler
                0x08001c64                EXTI4_IRQHandler
                0x08001c64                ETH_IRQHandler
                0x08001c64                OTG_HS_EP1_OUT_IRQHandler
                0x08001c64                WWDG_IRQHandler
                0x08001c64                SPI6_IRQHandler
                0x08001c64                TIM2_IRQHandler
                0x08001c64                OTG_FS_WKUP_IRQHandler
                0x08001c64                TIM1_TRG_COM_TIM11_IRQHandler
                0x08001c64                EXTI1_IRQHandler
                0x08001c64                UART7_IRQHandler
                0x08001c64                USART2_IRQHandler
                0x08001c64                I2C2_ER_IRQHandler
                0x08001c64                DMA2_Stream1_IRQHandler
                0x08001c64                CAN1_SCE_IRQHandler
                0x08001c64                FLASH_IRQHandler
                0x08001c64                DMA2_Stream4_IRQHandler
                0x08001c64                USART1_IRQHandler
                0x08001c64                OTG_FS_IRQHandler
                0x08001c64                SPI3_IRQHandler
                0x08001c64                DMA1_Stream4_IRQHandler
                0x08001c64                I2C1_ER_IRQHandler
                0x08001c64                FMC_IRQHandler
                0x08001c64                DMA2_Stream6_IRQHandler
                0x08001c64                SAI1_IRQHandler
                0x08001c64                DMA1_Stream3_IRQHandler
 *fill*         0x08001c66        0x2 
 .text.HAL_Init
                0x08001c68       0x44 ./Drivers/STM32F4xx_HAL_Driver/Src/stm32f4xx_hal.o
                0x08001c68                HAL_Init
 .text.HAL_IncTick
                0x08001cac       0x28 ./Drivers/STM32F4xx_HAL_Driver/Src/stm32f4xx_hal.o
                0x08001cac                HAL_IncTick
 .text.HAL_GetTick
                0x08001cd4       0x18 ./Drivers/STM32F4xx_HAL_Driver/Src/stm32f4xx_hal.o
                0x08001cd4                HAL_GetTick
 .text.HAL_Delay
                0x08001cec       0x48 ./Drivers/STM32F4xx_HAL_Driver/Src/stm32f4xx_hal.o
                0x08001cec                HAL_Delay
 .text.__NVIC_SetPriorityGrouping
                0x08001d34       0x48 ./Drivers/STM32F4xx_HAL_Driver/Src/stm32f4xx_hal_cortex.o
 .text.__NVIC_GetPriorityGrouping
                0x08001d7c       0x1c ./Drivers/STM32F4xx_HAL_Driver/Src/stm32f4xx_hal_cortex.o
 .text.__NVIC_EnableIRQ
                0x08001d98       0x3c ./Drivers/STM32F4xx_HAL_Driver/Src/stm32f4xx_hal_cortex.o
 .text.__NVIC_SetPriority
                0x08001dd4       0x54 ./Drivers/STM32F4xx_HAL_Driver/Src/stm32f4xx_hal_cortex.o
 .text.NVIC_EncodePriority
                0x08001e28       0x66 ./Drivers/STM32F4xx_HAL_Driver/Src/stm32f4xx_hal_cortex.o
 .text.HAL_NVIC_SetPriorityGrouping
                0x08001e8e       0x16 ./Drivers/STM32F4xx_HAL_Driver/Src/stm32f4xx_hal_cortex.o
                0x08001e8e                HAL_NVIC_SetPriorityGrouping
 .text.HAL_NVIC_SetPriority
                0x08001ea4       0x38 ./Drivers/STM32F4xx_HAL_Driver/Src/stm32f4xx_hal_cortex.o
                0x08001ea4                HAL_NVIC_SetPriority
 .text.HAL_NVIC_EnableIRQ
                0x08001edc       0x1c ./Drivers/STM32F4xx_HAL_Driver/Src/stm32f4xx_hal_cortex.o
                0x08001edc                HAL_NVIC_EnableIRQ
 .text.HAL_CRC_Init
                0x08001ef8       0x38 ./Drivers/STM32F4xx_HAL_Driver/Src/stm32f4xx_hal_crc.o
                0x08001ef8                HAL_CRC_Init
 .text.HAL_DMA2D_Init
                0x08001f30       0x92 ./Drivers/STM32F4xx_HAL_Driver/Src/stm32f4xx_hal_dma2d.o
                0x08001f30                HAL_DMA2D_Init
 .text.HAL_DMA2D_IRQHandler
                0x08001fc2      0x1f8 ./Drivers/STM32F4xx_HAL_Driver/Src/stm32f4xx_hal_dma2d.o
                0x08001fc2                HAL_DMA2D_IRQHandler
 .text.HAL_DMA2D_LineEventCallback
                0x080021ba       0x14 ./Drivers/STM32F4xx_HAL_Driver/Src/stm32f4xx_hal_dma2d.o
                0x080021ba                HAL_DMA2D_LineEventCallback
 .text.HAL_DMA2D_CLUTLoadingCpltCallback
                0x080021ce       0x14 ./Drivers/STM32F4xx_HAL_Driver/Src/stm32f4xx_hal_dma2d.o
                0x080021ce                HAL_DMA2D_CLUTLoadingCpltCallback
 *fill*         0x080021e2        0x2 
 .text.HAL_DMA2D_ConfigLayer
                0x080021e4      0x124 ./Drivers/STM32F4xx_HAL_Driver/Src/stm32f4xx_hal_dma2d.o
                0x080021e4                HAL_DMA2D_ConfigLayer
 .text.HAL_GPIO_Init
                0x08002308      0x358 ./Drivers/STM32F4xx_HAL_Driver/Src/stm32f4xx_hal_gpio.o
                0x08002308                HAL_GPIO_Init
 .text.HAL_GPIO_WritePin
                0x08002660       0x32 ./Drivers/STM32F4xx_HAL_Driver/Src/stm32f4xx_hal_gpio.o
                0x08002660                HAL_GPIO_WritePin
 .text.HAL_GPIO_TogglePin
                0x08002692       0x34 ./Drivers/STM32F4xx_HAL_Driver/Src/stm32f4xx_hal_gpio.o
                0x08002692                HAL_GPIO_TogglePin
 *fill*         0x080026c6        0x2 
 .text.HAL_GPIO_EXTI_IRQHandler
                0x080026c8       0x30 ./Drivers/STM32F4xx_HAL_Driver/Src/stm32f4xx_hal_gpio.o
                0x080026c8                HAL_GPIO_EXTI_IRQHandler
 .text.HAL_I2C_Init
                0x080026f8      0x288 ./Drivers/STM32F4xx_HAL_Driver/Src/stm32f4xx_hal_i2c.o
                0x080026f8                HAL_I2C_Init
 .text.HAL_I2C_Master_Transmit
                0x08002980      0x1fc ./Drivers/STM32F4xx_HAL_Driver/Src/stm32f4xx_hal_i2c.o
                0x08002980                HAL_I2C_Master_Transmit
 .text.HAL_I2C_Master_Receive
                0x08002b7c      0x464 ./Drivers/STM32F4xx_HAL_Driver/Src/stm32f4xx_hal_i2c.o
                0x08002b7c                HAL_I2C_Master_Receive
 .text.HAL_I2C_IsDeviceReady
                0x08002fe0      0x25c ./Drivers/STM32F4xx_HAL_Driver/Src/stm32f4xx_hal_i2c.o
                0x08002fe0                HAL_I2C_IsDeviceReady
 .text.I2C_MasterRequestWrite
                0x0800323c      0x104 ./Drivers/STM32F4xx_HAL_Driver/Src/stm32f4xx_hal_i2c.o
 .text.I2C_MasterRequestRead
                0x08003340      0x19c ./Drivers/STM32F4xx_HAL_Driver/Src/stm32f4xx_hal_i2c.o
 .text.I2C_WaitOnFlagUntilTimeout
                0x080034dc       0xf4 ./Drivers/STM32F4xx_HAL_Driver/Src/stm32f4xx_hal_i2c.o
 .text.I2C_WaitOnMasterAddressFlagUntilTimeout
                0x080035d0      0x140 ./Drivers/STM32F4xx_HAL_Driver/Src/stm32f4xx_hal_i2c.o
 .text.I2C_WaitOnTXEFlagUntilTimeout
                0x08003710       0x90 ./Drivers/STM32F4xx_HAL_Driver/Src/stm32f4xx_hal_i2c.o
 .text.I2C_WaitOnBTFFlagUntilTimeout
                0x080037a0       0x90 ./Drivers/STM32F4xx_HAL_Driver/Src/stm32f4xx_hal_i2c.o
 .text.I2C_WaitOnRXNEFlagUntilTimeout
                0x08003830       0xba ./Drivers/STM32F4xx_HAL_Driver/Src/stm32f4xx_hal_i2c.o
 .text.I2C_IsAcknowledgeFailed
                0x080038ea       0x5e ./Drivers/STM32F4xx_HAL_Driver/Src/stm32f4xx_hal_i2c.o
 .text.HAL_I2CEx_ConfigAnalogFilter
                0x08003948       0x78 ./Drivers/STM32F4xx_HAL_Driver/Src/stm32f4xx_hal_i2c_ex.o
                0x08003948                HAL_I2CEx_ConfigAnalogFilter
 .text.HAL_I2CEx_ConfigDigitalFilter
                0x080039c0       0x7e ./Drivers/STM32F4xx_HAL_Driver/Src/stm32f4xx_hal_i2c_ex.o
                0x080039c0                HAL_I2CEx_ConfigDigitalFilter
 *fill*         0x08003a3e        0x2 
 .text.HAL_LTDC_Init
                0x08003a40      0x1a0 ./Drivers/STM32F4xx_HAL_Driver/Src/stm32f4xx_hal_ltdc.o
                0x08003a40                HAL_LTDC_Init
 .text.HAL_LTDC_IRQHandler
                0x08003be0      0x148 ./Drivers/STM32F4xx_HAL_Driver/Src/stm32f4xx_hal_ltdc.o
                0x08003be0                HAL_LTDC_IRQHandler
 .text.HAL_LTDC_ErrorCallback
                0x08003d28       0x14 ./Drivers/STM32F4xx_HAL_Driver/Src/stm32f4xx_hal_ltdc.o
                0x08003d28                HAL_LTDC_ErrorCallback
 .text.HAL_LTDC_LineEventCallback
                0x08003d3c       0x14 ./Drivers/STM32F4xx_HAL_Driver/Src/stm32f4xx_hal_ltdc.o
                0x08003d3c                HAL_LTDC_LineEventCallback
 .text.HAL_LTDC_ReloadEventCallback
                0x08003d50       0x14 ./Drivers/STM32F4xx_HAL_Driver/Src/stm32f4xx_hal_ltdc.o
                0x08003d50                HAL_LTDC_ReloadEventCallback
 .text.HAL_LTDC_ConfigLayer
                0x08003d64       0x7c ./Drivers/STM32F4xx_HAL_Driver/Src/stm32f4xx_hal_ltdc.o
                0x08003d64                HAL_LTDC_ConfigLayer
 .text.LTDC_SetConfig
                0x08003de0      0x32e ./Drivers/STM32F4xx_HAL_Driver/Src/stm32f4xx_hal_ltdc.o
 .text.HAL_PCD_Init
                0x0800410e      0x21e ./Drivers/STM32F4xx_HAL_Driver/Src/stm32f4xx_hal_pcd.o
                0x0800410e                HAL_PCD_Init
 .text.HAL_PCD_Start
                0x0800432c       0x6a ./Drivers/STM32F4xx_HAL_Driver/Src/stm32f4xx_hal_pcd.o
                0x0800432c                HAL_PCD_Start
 .text.HAL_PCD_IRQHandler
                0x08004396      0x942 ./Drivers/STM32F4xx_HAL_Driver/Src/stm32f4xx_hal_pcd.o
                0x08004396                HAL_PCD_IRQHandler
 .text.HAL_PCD_SetAddress
                0x08004cd8       0x48 ./Drivers/STM32F4xx_HAL_Driver/Src/stm32f4xx_hal_pcd.o
                0x08004cd8                HAL_PCD_SetAddress
 .text.HAL_PCD_EP_Open
                0x08004d20       0xd4 ./Drivers/STM32F4xx_HAL_Driver/Src/stm32f4xx_hal_pcd.o
                0x08004d20                HAL_PCD_EP_Open
 .text.HAL_PCD_EP_Close
                0x08004df4       0x94 ./Drivers/STM32F4xx_HAL_Driver/Src/stm32f4xx_hal_pcd.o
                0x08004df4                HAL_PCD_EP_Close
 .text.HAL_PCD_EP_Receive
                0x08004e88       0x76 ./Drivers/STM32F4xx_HAL_Driver/Src/stm32f4xx_hal_pcd.o
                0x08004e88                HAL_PCD_EP_Receive
 .text.HAL_PCD_EP_GetRxCount
                0x08004efe       0x30 ./Drivers/STM32F4xx_HAL_Driver/Src/stm32f4xx_hal_pcd.o
                0x08004efe                HAL_PCD_EP_GetRxCount
 .text.HAL_PCD_EP_Transmit
                0x08004f2e       0x74 ./Drivers/STM32F4xx_HAL_Driver/Src/stm32f4xx_hal_pcd.o
                0x08004f2e                HAL_PCD_EP_Transmit
 .text.HAL_PCD_EP_SetStall
                0x08004fa2       0xc6 ./Drivers/STM32F4xx_HAL_Driver/Src/stm32f4xx_hal_pcd.o
                0x08004fa2                HAL_PCD_EP_SetStall
 .text.HAL_PCD_EP_ClrStall
                0x08005068       0xac ./Drivers/STM32F4xx_HAL_Driver/Src/stm32f4xx_hal_pcd.o
                0x08005068                HAL_PCD_EP_ClrStall
 .text.HAL_PCD_EP_Abort
                0x08005114       0x62 ./Drivers/STM32F4xx_HAL_Driver/Src/stm32f4xx_hal_pcd.o
                0x08005114                HAL_PCD_EP_Abort
 .text.PCD_WriteEmptyTxFifo
                0x08005176      0x118 ./Drivers/STM32F4xx_HAL_Driver/Src/stm32f4xx_hal_pcd.o
 *fill*         0x0800528e        0x2 
 .text.PCD_EP_OutXfrComplete_int
                0x08005290      0x1d0 ./Drivers/STM32F4xx_HAL_Driver/Src/stm32f4xx_hal_pcd.o
 .text.PCD_EP_OutSetupPacket_int
                0x08005460       0x8c ./Drivers/STM32F4xx_HAL_Driver/Src/stm32f4xx_hal_pcd.o
 .text.HAL_PCDEx_SetTxFiFo
                0x080054ec       0x8e ./Drivers/STM32F4xx_HAL_Driver/Src/stm32f4xx_hal_pcd_ex.o
                0x080054ec                HAL_PCDEx_SetTxFiFo
 .text.HAL_PCDEx_SetRxFiFo
                0x0800557a       0x22 ./Drivers/STM32F4xx_HAL_Driver/Src/stm32f4xx_hal_pcd_ex.o
                0x0800557a                HAL_PCDEx_SetRxFiFo
 .text.HAL_PCDEx_LPM_Callback
                0x0800559c       0x18 ./Drivers/STM32F4xx_HAL_Driver/Src/stm32f4xx_hal_pcd_ex.o
                0x0800559c                HAL_PCDEx_LPM_Callback
 .text.HAL_RCC_OscConfig
                0x080055b4      0x4f0 ./Drivers/STM32F4xx_HAL_Driver/Src/stm32f4xx_hal_rcc.o
                0x080055b4                HAL_RCC_OscConfig
 .text.HAL_RCC_ClockConfig
                0x08005aa4      0x1cc ./Drivers/STM32F4xx_HAL_Driver/Src/stm32f4xx_hal_rcc.o
                0x08005aa4                HAL_RCC_ClockConfig
 .text.HAL_RCC_GetSysClockFreq
                0x08005c70      0x20c ./Drivers/STM32F4xx_HAL_Driver/Src/stm32f4xx_hal_rcc.o
                0x08005c70                HAL_RCC_GetSysClockFreq
 .text.HAL_RCC_GetHCLKFreq
                0x08005e7c       0x18 ./Drivers/STM32F4xx_HAL_Driver/Src/stm32f4xx_hal_rcc.o
                0x08005e7c                HAL_RCC_GetHCLKFreq
 .text.HAL_RCC_GetPCLK1Freq
                0x08005e94       0x28 ./Drivers/STM32F4xx_HAL_Driver/Src/stm32f4xx_hal_rcc.o
                0x08005e94                HAL_RCC_GetPCLK1Freq
 .text.HAL_RCC_GetPCLK2Freq
                0x08005ebc       0x28 ./Drivers/STM32F4xx_HAL_Driver/Src/stm32f4xx_hal_rcc.o
                0x08005ebc                HAL_RCC_GetPCLK2Freq
 .text.HAL_RCC_GetClockConfig
                0x08005ee4       0x64 ./Drivers/STM32F4xx_HAL_Driver/Src/stm32f4xx_hal_rcc.o
                0x08005ee4                HAL_RCC_GetClockConfig
 .text.HAL_RCCEx_PeriphCLKConfig
                0x08005f48      0x380 ./Drivers/STM32F4xx_HAL_Driver/Src/stm32f4xx_hal_rcc_ex.o
                0x08005f48                HAL_RCCEx_PeriphCLKConfig
 .text.HAL_SDRAM_Init
                0x080062c8       0x68 ./Drivers/STM32F4xx_HAL_Driver/Src/stm32f4xx_hal_sdram.o
                0x080062c8                HAL_SDRAM_Init
 .text.HAL_SPI_Init
                0x08006330      0x112 ./Drivers/STM32F4xx_HAL_Driver/Src/stm32f4xx_hal_spi.o
                0x08006330                HAL_SPI_Init
 .text.HAL_SPI_Transmit
                0x08006442      0x288 ./Drivers/STM32F4xx_HAL_Driver/Src/stm32f4xx_hal_spi.o
                0x08006442                HAL_SPI_Transmit
 .text.HAL_SPI_Receive
                0x080066ca      0x232 ./Drivers/STM32F4xx_HAL_Driver/Src/stm32f4xx_hal_spi.o
                0x080066ca                HAL_SPI_Receive
 .text.HAL_SPI_TransmitReceive
                0x080068fc      0x352 ./Drivers/STM32F4xx_HAL_Driver/Src/stm32f4xx_hal_spi.o
                0x080068fc                HAL_SPI_TransmitReceive
 *fill*         0x08006c4e        0x2 
 .text.SPI_WaitFlagStateUntilTimeout
                0x08006c50      0x110 ./Drivers/STM32F4xx_HAL_Driver/Src/stm32f4xx_hal_spi.o
 .text.SPI_EndRxTransaction
                0x08006d60       0xca ./Drivers/STM32F4xx_HAL_Driver/Src/stm32f4xx_hal_spi.o
 *fill*         0x08006e2a        0x2 
 .text.SPI_EndRxTxTransaction
                0x08006e2c       0xa8 ./Drivers/STM32F4xx_HAL_Driver/Src/stm32f4xx_hal_spi.o
 .text.HAL_TIM_Base_Init
                0x08006ed4       0x9e ./Drivers/STM32F4xx_HAL_Driver/Src/stm32f4xx_hal_tim.o
                0x08006ed4                HAL_TIM_Base_Init
 *fill*         0x08006f72        0x2 
 .text.HAL_TIM_Base_Start_IT
                0x08006f74       0xe0 ./Drivers/STM32F4xx_HAL_Driver/Src/stm32f4xx_hal_tim.o
                0x08006f74                HAL_TIM_Base_Start_IT
 .text.HAL_TIM_IRQHandler
                0x08007054      0x1e0 ./Drivers/STM32F4xx_HAL_Driver/Src/stm32f4xx_hal_tim.o
                0x08007054                HAL_TIM_IRQHandler
 .text.HAL_TIM_ConfigClockSource
                0x08007234      0x18e ./Drivers/STM32F4xx_HAL_Driver/Src/stm32f4xx_hal_tim.o
                0x08007234                HAL_TIM_ConfigClockSource
 .text.HAL_TIM_OC_DelayElapsedCallback
                0x080073c2       0x14 ./Drivers/STM32F4xx_HAL_Driver/Src/stm32f4xx_hal_tim.o
                0x080073c2                HAL_TIM_OC_DelayElapsedCallback
 .text.HAL_TIM_IC_CaptureCallback
                0x080073d6       0x14 ./Drivers/STM32F4xx_HAL_Driver/Src/stm32f4xx_hal_tim.o
                0x080073d6                HAL_TIM_IC_CaptureCallback
 .text.HAL_TIM_PWM_PulseFinishedCallback
                0x080073ea       0x14 ./Drivers/STM32F4xx_HAL_Driver/Src/stm32f4xx_hal_tim.o
                0x080073ea                HAL_TIM_PWM_PulseFinishedCallback
 .text.HAL_TIM_TriggerCallback
                0x080073fe       0x14 ./Drivers/STM32F4xx_HAL_Driver/Src/stm32f4xx_hal_tim.o
                0x080073fe                HAL_TIM_TriggerCallback
 *fill*         0x08007412        0x2 
 .text.TIM_Base_SetConfig
                0x08007414      0x158 ./Drivers/STM32F4xx_HAL_Driver/Src/stm32f4xx_hal_tim.o
                0x08007414                TIM_Base_SetConfig
 .text.TIM_TI1_ConfigInputStage
                0x0800756c       0x5e ./Drivers/STM32F4xx_HAL_Driver/Src/stm32f4xx_hal_tim.o
 .text.TIM_TI2_ConfigInputStage
                0x080075ca       0x60 ./Drivers/STM32F4xx_HAL_Driver/Src/stm32f4xx_hal_tim.o
 .text.TIM_ITRx_SetConfig
                0x0800762a       0x36 ./Drivers/STM32F4xx_HAL_Driver/Src/stm32f4xx_hal_tim.o
 .text.TIM_ETR_SetConfig
                0x08007660       0x40 ./Drivers/STM32F4xx_HAL_Driver/Src/stm32f4xx_hal_tim.o
                0x08007660                TIM_ETR_SetConfig
 .text.HAL_TIMEx_MasterConfigSynchronization
                0x080076a0       0xf8 ./Drivers/STM32F4xx_HAL_Driver/Src/stm32f4xx_hal_tim_ex.o
                0x080076a0                HAL_TIMEx_MasterConfigSynchronization
 .text.HAL_TIMEx_CommutCallback
                0x08007798       0x14 ./Drivers/STM32F4xx_HAL_Driver/Src/stm32f4xx_hal_tim_ex.o
                0x08007798                HAL_TIMEx_CommutCallback
 .text.HAL_TIMEx_BreakCallback
                0x080077ac       0x14 ./Drivers/STM32F4xx_HAL_Driver/Src/stm32f4xx_hal_tim_ex.o
                0x080077ac                HAL_TIMEx_BreakCallback
 .text.HAL_UART_Init
                0x080077c0       0xa0 ./Drivers/STM32F4xx_HAL_Driver/Src/stm32f4xx_hal_uart.o
                0x080077c0                HAL_UART_Init
 .text.UART_SetConfig
                0x08007860      0x4e8 ./Drivers/STM32F4xx_HAL_Driver/Src/stm32f4xx_hal_uart.o
 .text.FMC_SDRAM_Init
                0x08007d48       0xba ./Drivers/STM32F4xx_HAL_Driver/Src/stm32f4xx_ll_fmc.o
                0x08007d48                FMC_SDRAM_Init
 .text.FMC_SDRAM_Timing_Init
                0x08007e02       0xd2 ./Drivers/STM32F4xx_HAL_Driver/Src/stm32f4xx_ll_fmc.o
                0x08007e02                FMC_SDRAM_Timing_Init
 .text.USB_CoreInit
                0x08007ed4       0xc8 ./Drivers/STM32F4xx_HAL_Driver/Src/stm32f4xx_ll_usb.o
                0x08007ed4                USB_CoreInit
 .text.USB_SetTurnaroundTime
                0x08007f9c      0x144 ./Drivers/STM32F4xx_HAL_Driver/Src/stm32f4xx_ll_usb.o
                0x08007f9c                USB_SetTurnaroundTime
 .text.USB_EnableGlobalInt
                0x080080e0       0x22 ./Drivers/STM32F4xx_HAL_Driver/Src/stm32f4xx_ll_usb.o
                0x080080e0                USB_EnableGlobalInt
 .text.USB_DisableGlobalInt
                0x08008102       0x22 ./Drivers/STM32F4xx_HAL_Driver/Src/stm32f4xx_ll_usb.o
                0x08008102                USB_DisableGlobalInt
 .text.USB_SetCurrentMode
                0x08008124       0x98 ./Drivers/STM32F4xx_HAL_Driver/Src/stm32f4xx_ll_usb.o
                0x08008124                USB_SetCurrentMode
 .text.USB_DevInit
                0x080081bc      0x2c8 ./Drivers/STM32F4xx_HAL_Driver/Src/stm32f4xx_ll_usb.o
                0x080081bc                USB_DevInit
 .text.USB_FlushTxFifo
                0x08008484       0x64 ./Drivers/STM32F4xx_HAL_Driver/Src/stm32f4xx_ll_usb.o
                0x08008484                USB_FlushTxFifo
 .text.USB_FlushRxFifo
                0x080084e8       0x5c ./Drivers/STM32F4xx_HAL_Driver/Src/stm32f4xx_ll_usb.o
                0x080084e8                USB_FlushRxFifo
 .text.USB_SetDevSpeed
                0x08008544       0x32 ./Drivers/STM32F4xx_HAL_Driver/Src/stm32f4xx_ll_usb.o
                0x08008544                USB_SetDevSpeed
 .text.USB_GetDevSpeed
                0x08008576       0x4a ./Drivers/STM32F4xx_HAL_Driver/Src/stm32f4xx_ll_usb.o
                0x08008576                USB_GetDevSpeed
 .text.USB_ActivateEndpoint
                0x080085c0      0x10e ./Drivers/STM32F4xx_HAL_Driver/Src/stm32f4xx_ll_usb.o
                0x080085c0                USB_ActivateEndpoint
 *fill*         0x080086ce        0x2 
 .text.USB_DeactivateEndpoint
                0x080086d0      0x1b8 ./Drivers/STM32F4xx_HAL_Driver/Src/stm32f4xx_ll_usb.o
                0x080086d0                USB_DeactivateEndpoint
 .text.USB_EPStartXfer
                0x08008888      0x53c ./Drivers/STM32F4xx_HAL_Driver/Src/stm32f4xx_ll_usb.o
                0x08008888                USB_EPStartXfer
 .text.USB_EPStopXfer
                0x08008dc4      0x154 ./Drivers/STM32F4xx_HAL_Driver/Src/stm32f4xx_ll_usb.o
                0x08008dc4                USB_EPStopXfer
 .text.USB_WritePacket
                0x08008f18       0x7c ./Drivers/STM32F4xx_HAL_Driver/Src/stm32f4xx_ll_usb.o
                0x08008f18                USB_WritePacket
 .text.USB_ReadPacket
                0x08008f94       0xb0 ./Drivers/STM32F4xx_HAL_Driver/Src/stm32f4xx_ll_usb.o
                0x08008f94                USB_ReadPacket
 .text.USB_EPSetStall
                0x08009044       0xdc ./Drivers/STM32F4xx_HAL_Driver/Src/stm32f4xx_ll_usb.o
                0x08009044                USB_EPSetStall
 .text.USB_EPClearStall
                0x08009120       0xcc ./Drivers/STM32F4xx_HAL_Driver/Src/stm32f4xx_ll_usb.o
                0x08009120                USB_EPClearStall
 .text.USB_SetDevAddress
                0x080091ec       0x4c ./Drivers/STM32F4xx_HAL_Driver/Src/stm32f4xx_ll_usb.o
                0x080091ec                USB_SetDevAddress
 .text.USB_DevConnect
                0x08009238       0x42 ./Drivers/STM32F4xx_HAL_Driver/Src/stm32f4xx_ll_usb.o
                0x08009238                USB_DevConnect
 .text.USB_DevDisconnect
                0x0800927a       0x42 ./Drivers/STM32F4xx_HAL_Driver/Src/stm32f4xx_ll_usb.o
                0x0800927a                USB_DevDisconnect
 .text.USB_ReadInterrupts
                0x080092bc       0x26 ./Drivers/STM32F4xx_HAL_Driver/Src/stm32f4xx_ll_usb.o
                0x080092bc                USB_ReadInterrupts
 .text.USB_ReadDevAllOutEpInterrupt
                0x080092e2       0x34 ./Drivers/STM32F4xx_HAL_Driver/Src/stm32f4xx_ll_usb.o
                0x080092e2                USB_ReadDevAllOutEpInterrupt
 .text.USB_ReadDevAllInEpInterrupt
                0x08009316       0x34 ./Drivers/STM32F4xx_HAL_Driver/Src/stm32f4xx_ll_usb.o
                0x08009316                USB_ReadDevAllInEpInterrupt
 .text.USB_ReadDevOutEPInterrupt
                0x0800934a       0x3c ./Drivers/STM32F4xx_HAL_Driver/Src/stm32f4xx_ll_usb.o
                0x0800934a                USB_ReadDevOutEPInterrupt
 .text.USB_ReadDevInEPInterrupt
                0x08009386       0x5c ./Drivers/STM32F4xx_HAL_Driver/Src/stm32f4xx_ll_usb.o
                0x08009386                USB_ReadDevInEPInterrupt
 .text.USB_GetMode
                0x080093e2       0x1c ./Drivers/STM32F4xx_HAL_Driver/Src/stm32f4xx_ll_usb.o
                0x080093e2                USB_GetMode
 .text.USB_ActivateSetup
                0x080093fe       0x46 ./Drivers/STM32F4xx_HAL_Driver/Src/stm32f4xx_ll_usb.o
                0x080093fe                USB_ActivateSetup
 .text.USB_EP0_OutStart
                0x08009444       0xbc ./Drivers/STM32F4xx_HAL_Driver/Src/stm32f4xx_ll_usb.o
                0x08009444                USB_EP0_OutStart
 .text.USB_CoreReset
                0x08009500       0x62 ./Drivers/STM32F4xx_HAL_Driver/Src/stm32f4xx_ll_usb.o
 *fill*         0x08009562        0x2 
 .text.USBD_CDC_Init
                0x08009564      0x1f0 ./Middlewares/ST/STM32_USB_Device_Library/Class/CDC/Src/usbd_cdc.o
 .text.USBD_CDC_DeInit
                0x08009754      0x104 ./Middlewares/ST/STM32_USB_Device_Library/Class/CDC/Src/usbd_cdc.o
 .text.USBD_CDC_Setup
                0x08009858      0x1b8 ./Middlewares/ST/STM32_USB_Device_Library/Class/CDC/Src/usbd_cdc.o
 .text.USBD_CDC_DataIn
                0x08009a10       0xfe ./Middlewares/ST/STM32_USB_Device_Library/Class/CDC/Src/usbd_cdc.o
 .text.USBD_CDC_DataOut
                0x08009b0e       0x70 ./Middlewares/ST/STM32_USB_Device_Library/Class/CDC/Src/usbd_cdc.o
 .text.USBD_CDC_EP0_RxReady
                0x08009b7e       0x74 ./Middlewares/ST/STM32_USB_Device_Library/Class/CDC/Src/usbd_cdc.o
 *fill*         0x08009bf2        0x2 
 .text.USBD_CDC_GetFSCfgDesc
                0x08009bf4       0x70 ./Middlewares/ST/STM32_USB_Device_Library/Class/CDC/Src/usbd_cdc.o
 .text.USBD_CDC_GetHSCfgDesc
                0x08009c64       0x70 ./Middlewares/ST/STM32_USB_Device_Library/Class/CDC/Src/usbd_cdc.o
 .text.USBD_CDC_GetOtherSpeedCfgDesc
                0x08009cd4       0x70 ./Middlewares/ST/STM32_USB_Device_Library/Class/CDC/Src/usbd_cdc.o
 .text.USBD_CDC_GetDeviceQualifierDescriptor
                0x08009d44       0x20 ./Middlewares/ST/STM32_USB_Device_Library/Class/CDC/Src/usbd_cdc.o
                0x08009d44                USBD_CDC_GetDeviceQualifierDescriptor
 .text.USBD_CDC_RegisterInterface
                0x08009d64       0x34 ./Middlewares/ST/STM32_USB_Device_Library/Class/CDC/Src/usbd_cdc.o
                0x08009d64                USBD_CDC_RegisterInterface
 .text.USBD_CDC_SetTxBuffer
                0x08009d98       0x44 ./Middlewares/ST/STM32_USB_Device_Library/Class/CDC/Src/usbd_cdc.o
                0x08009d98                USBD_CDC_SetTxBuffer
 .text.USBD_CDC_SetRxBuffer
                0x08009ddc       0x3a ./Middlewares/ST/STM32_USB_Device_Library/Class/CDC/Src/usbd_cdc.o
                0x08009ddc                USBD_CDC_SetRxBuffer
 *fill*         0x08009e16        0x2 
 .text.USBD_CDC_TransmitPacket
                0x08009e18       0x80 ./Middlewares/ST/STM32_USB_Device_Library/Class/CDC/Src/usbd_cdc.o
                0x08009e18                USBD_CDC_TransmitPacket
 .text.USBD_CDC_ReceivePacket
                0x08009e98       0x6c ./Middlewares/ST/STM32_USB_Device_Library/Class/CDC/Src/usbd_cdc.o
                0x08009e98                USBD_CDC_ReceivePacket
 .text.USBD_Init
                0x08009f04       0x60 ./Middlewares/ST/STM32_USB_Device_Library/Core/Src/usbd_core.o
                0x08009f04                USBD_Init
 .text.USBD_RegisterClass
                0x08009f64       0x6c ./Middlewares/ST/STM32_USB_Device_Library/Core/Src/usbd_core.o
                0x08009f64                USBD_RegisterClass
 .text.USBD_Start
                0x08009fd0       0x18 ./Middlewares/ST/STM32_USB_Device_Library/Core/Src/usbd_core.o
                0x08009fd0                USBD_Start
 .text.USBD_RunTestMode
                0x08009fe8       0x16 ./Middlewares/ST/STM32_USB_Device_Library/Core/Src/usbd_core.o
                0x08009fe8                USBD_RunTestMode
 .text.USBD_SetClassConfig
                0x08009ffe       0x38 ./Middlewares/ST/STM32_USB_Device_Library/Core/Src/usbd_core.o
                0x08009ffe                USBD_SetClassConfig
 .text.USBD_ClrClassConfig
                0x0800a036       0x34 ./Middlewares/ST/STM32_USB_Device_Library/Core/Src/usbd_core.o
                0x0800a036                USBD_ClrClassConfig
 .text.USBD_LL_SetupStage
                0x0800a06a       0xaa ./Middlewares/ST/STM32_USB_Device_Library/Core/Src/usbd_core.o
                0x0800a06a                USBD_LL_SetupStage
 .text.USBD_LL_DataOutStage
                0x0800a114      0x166 ./Middlewares/ST/STM32_USB_Device_Library/Core/Src/usbd_core.o
                0x0800a114                USBD_LL_DataOutStage
 .text.USBD_LL_DataInStage
                0x0800a27a      0x164 ./Middlewares/ST/STM32_USB_Device_Library/Core/Src/usbd_core.o
                0x0800a27a                USBD_LL_DataInStage
 .text.USBD_LL_Reset
                0x0800a3de       0xa4 ./Middlewares/ST/STM32_USB_Device_Library/Core/Src/usbd_core.o
                0x0800a3de                USBD_LL_Reset
 .text.USBD_LL_SetSpeed
                0x0800a482       0x20 ./Middlewares/ST/STM32_USB_Device_Library/Core/Src/usbd_core.o
                0x0800a482                USBD_LL_SetSpeed
 .text.USBD_LL_Suspend
                0x0800a4a2       0x38 ./Middlewares/ST/STM32_USB_Device_Library/Core/Src/usbd_core.o
                0x0800a4a2                USBD_LL_Suspend
 .text.USBD_LL_Resume
                0x0800a4da       0x30 ./Middlewares/ST/STM32_USB_Device_Library/Core/Src/usbd_core.o
                0x0800a4da                USBD_LL_Resume
 .text.USBD_LL_SOF
                0x0800a50a       0x40 ./Middlewares/ST/STM32_USB_Device_Library/Core/Src/usbd_core.o
                0x0800a50a                USBD_LL_SOF
 .text.USBD_LL_IsoINIncomplete
                0x0800a54a       0x64 ./Middlewares/ST/STM32_USB_Device_Library/Core/Src/usbd_core.o
                0x0800a54a                USBD_LL_IsoINIncomplete
 .text.USBD_LL_IsoOUTIncomplete
                0x0800a5ae       0x64 ./Middlewares/ST/STM32_USB_Device_Library/Core/Src/usbd_core.o
                0x0800a5ae                USBD_LL_IsoOUTIncomplete
 .text.USBD_LL_DevConnected
                0x0800a612       0x16 ./Middlewares/ST/STM32_USB_Device_Library/Core/Src/usbd_core.o
                0x0800a612                USBD_LL_DevConnected
 .text.USBD_LL_DevDisconnected
                0x0800a628       0x46 ./Middlewares/ST/STM32_USB_Device_Library/Core/Src/usbd_core.o
                0x0800a628                USBD_LL_DevDisconnected
 .text.USBD_CoreFindIF
                0x0800a66e       0x1a ./Middlewares/ST/STM32_USB_Device_Library/Core/Src/usbd_core.o
                0x0800a66e                USBD_CoreFindIF
 .text.USBD_CoreFindEP
                0x0800a688       0x1a ./Middlewares/ST/STM32_USB_Device_Library/Core/Src/usbd_core.o
                0x0800a688                USBD_CoreFindEP
 .text.USBD_GetEpDesc
                0x0800a6a2       0x70 ./Middlewares/ST/STM32_USB_Device_Library/Core/Src/usbd_core.o
                0x0800a6a2                USBD_GetEpDesc
 .text.USBD_GetNextDesc
                0x0800a712       0x38 ./Middlewares/ST/STM32_USB_Device_Library/Core/Src/usbd_core.o
                0x0800a712                USBD_GetNextDesc
 .text.SWAPBYTE
                0x0800a74a       0x3c ./Middlewares/ST/STM32_USB_Device_Library/Core/Src/usbd_ctlreq.o
 *fill*         0x0800a786        0x2 
 .text.USBD_StdDevReq
                0x0800a788       0xe4 ./Middlewares/ST/STM32_USB_Device_Library/Core/Src/usbd_ctlreq.o
                0x0800a788                USBD_StdDevReq
 .text.USBD_StdItfReq
                0x0800a86c       0xd8 ./Middlewares/ST/STM32_USB_Device_Library/Core/Src/usbd_ctlreq.o
                0x0800a86c                USBD_StdItfReq
 .text.USBD_StdEPReq
                0x0800a944      0x33a ./Middlewares/ST/STM32_USB_Device_Library/Core/Src/usbd_ctlreq.o
                0x0800a944                USBD_StdEPReq
 *fill*         0x0800ac7e        0x2 
 .text.USBD_GetDescriptor
                0x0800ac80      0x2d4 ./Middlewares/ST/STM32_USB_Device_Library/Core/Src/usbd_ctlreq.o
 .text.USBD_SetAddress
                0x0800af54       0x88 ./Middlewares/ST/STM32_USB_Device_Library/Core/Src/usbd_ctlreq.o
 .text.USBD_SetConfig
                0x0800afdc      0x154 ./Middlewares/ST/STM32_USB_Device_Library/Core/Src/usbd_ctlreq.o
 .text.USBD_GetConfig
                0x0800b130       0x6c ./Middlewares/ST/STM32_USB_Device_Library/Core/Src/usbd_ctlreq.o
 .text.USBD_GetStatus
                0x0800b19c       0x68 ./Middlewares/ST/STM32_USB_Device_Library/Core/Src/usbd_ctlreq.o
 .text.USBD_SetFeature
                0x0800b204       0x52 ./Middlewares/ST/STM32_USB_Device_Library/Core/Src/usbd_ctlreq.o
 .text.USBD_ClrFeature
                0x0800b256       0x44 ./Middlewares/ST/STM32_USB_Device_Library/Core/Src/usbd_ctlreq.o
 .text.USBD_ParseSetupRequest
                0x0800b29a       0x74 ./Middlewares/ST/STM32_USB_Device_Library/Core/Src/usbd_ctlreq.o
                0x0800b29a                USBD_ParseSetupRequest
 .text.USBD_CtlError
                0x0800b30e       0x22 ./Middlewares/ST/STM32_USB_Device_Library/Core/Src/usbd_ctlreq.o
                0x0800b30e                USBD_CtlError
 .text.USBD_GetString
                0x0800b330       0xa4 ./Middlewares/ST/STM32_USB_Device_Library/Core/Src/usbd_ctlreq.o
                0x0800b330                USBD_GetString
 .text.USBD_GetLen
                0x0800b3d4       0x34 ./Middlewares/ST/STM32_USB_Device_Library/Core/Src/usbd_ctlreq.o
 .text.USBD_CtlSendData
                0x0800b408       0x36 ./Middlewares/ST/STM32_USB_Device_Library/Core/Src/usbd_ioreq.o
                0x0800b408                USBD_CtlSendData
 .text.USBD_CtlContinueSendData
                0x0800b43e       0x22 ./Middlewares/ST/STM32_USB_Device_Library/Core/Src/usbd_ioreq.o
                0x0800b43e                USBD_CtlContinueSendData
 .text.USBD_CtlPrepareRx
                0x0800b460       0x3a ./Middlewares/ST/STM32_USB_Device_Library/Core/Src/usbd_ioreq.o
                0x0800b460                USBD_CtlPrepareRx
 .text.USBD_CtlContinueRx
                0x0800b49a       0x22 ./Middlewares/ST/STM32_USB_Device_Library/Core/Src/usbd_ioreq.o
                0x0800b49a                USBD_CtlContinueRx
 .text.USBD_CtlSendStatus
                0x0800b4bc       0x26 ./Middlewares/ST/STM32_USB_Device_Library/Core/Src/usbd_ioreq.o
                0x0800b4bc                USBD_CtlSendStatus
 .text.USBD_CtlReceiveStatus
                0x0800b4e2       0x26 ./Middlewares/ST/STM32_USB_Device_Library/Core/Src/usbd_ioreq.o
                0x0800b4e2                USBD_CtlReceiveStatus
 .text.__NVIC_SetPriority
                0x0800b508       0x54 ./Middlewares/Third_Party/FreeRTOS/Source/CMSIS_RTOS_V2/cmsis_os2.o
 .text.SysTick_Handler
                0x0800b55c       0x20 ./Middlewares/Third_Party/FreeRTOS/Source/CMSIS_RTOS_V2/cmsis_os2.o
                0x0800b55c                SysTick_Handler
 .text.SVC_Setup
                0x0800b57c       0x12 ./Middlewares/Third_Party/FreeRTOS/Source/CMSIS_RTOS_V2/cmsis_os2.o
 *fill*         0x0800b58e        0x2 
 .text.osKernelInitialize
                0x0800b590       0x48 ./Middlewares/Third_Party/FreeRTOS/Source/CMSIS_RTOS_V2/cmsis_os2.o
                0x0800b590                osKernelInitialize
 .text.osKernelStart
                0x0800b5d8       0x4c ./Middlewares/Third_Party/FreeRTOS/Source/CMSIS_RTOS_V2/cmsis_os2.o
                0x0800b5d8                osKernelStart
 .text.osThreadNew
                0x0800b624      0x124 ./Middlewares/Third_Party/FreeRTOS/Source/CMSIS_RTOS_V2/cmsis_os2.o
                0x0800b624                osThreadNew
 .text.osDelay  0x0800b748       0x36 ./Middlewares/Third_Party/FreeRTOS/Source/CMSIS_RTOS_V2/cmsis_os2.o
                0x0800b748                osDelay
 .text.TimerCallback
                0x0800b77e       0x2a ./Middlewares/Third_Party/FreeRTOS/Source/CMSIS_RTOS_V2/cmsis_os2.o
 .text.osTimerNew
                0x0800b7a8       0xf8 ./Middlewares/Third_Party/FreeRTOS/Source/CMSIS_RTOS_V2/cmsis_os2.o
                0x0800b7a8                osTimerNew
 .text.osTimerStart
                0x0800b8a0       0x5c ./Middlewares/Third_Party/FreeRTOS/Source/CMSIS_RTOS_V2/cmsis_os2.o
                0x0800b8a0                osTimerStart
 .text.osSemaphoreNew
                0x0800b8fc      0x112 ./Middlewares/Third_Party/FreeRTOS/Source/CMSIS_RTOS_V2/cmsis_os2.o
                0x0800b8fc                osSemaphoreNew
 *fill*         0x0800ba0e        0x2 
 .text.osSemaphoreAcquire
                0x0800ba10       0xa4 ./Middlewares/Third_Party/FreeRTOS/Source/CMSIS_RTOS_V2/cmsis_os2.o
                0x0800ba10                osSemaphoreAcquire
 .text.osSemaphoreRelease
                0x0800bab4       0x88 ./Middlewares/Third_Party/FreeRTOS/Source/CMSIS_RTOS_V2/cmsis_os2.o
                0x0800bab4                osSemaphoreRelease
 .text.osSemaphoreGetCount
                0x0800bb3c       0x40 ./Middlewares/Third_Party/FreeRTOS/Source/CMSIS_RTOS_V2/cmsis_os2.o
                0x0800bb3c                osSemaphoreGetCount
 .text.vApplicationGetIdleTaskMemory
                0x0800bb7c       0x34 ./Middlewares/Third_Party/FreeRTOS/Source/CMSIS_RTOS_V2/cmsis_os2.o
                0x0800bb7c                vApplicationGetIdleTaskMemory
 .text.vApplicationGetTimerTaskMemory
                0x0800bbb0       0x34 ./Middlewares/Third_Party/FreeRTOS/Source/CMSIS_RTOS_V2/cmsis_os2.o
                0x0800bbb0                vApplicationGetTimerTaskMemory
 .text.vListInitialise
                0x0800bbe4       0x40 ./Middlewares/Third_Party/FreeRTOS/Source/list.o
                0x0800bbe4                vListInitialise
 .text.vListInitialiseItem
                0x0800bc24       0x1a ./Middlewares/Third_Party/FreeRTOS/Source/list.o
                0x0800bc24                vListInitialiseItem
 .text.vListInsertEnd
                0x0800bc3e       0x48 ./Middlewares/Third_Party/FreeRTOS/Source/list.o
                0x0800bc3e                vListInsertEnd
 .text.vListInsert
                0x0800bc86       0x72 ./Middlewares/Third_Party/FreeRTOS/Source/list.o
                0x0800bc86                vListInsert
 .text.uxListRemove
                0x0800bcf8       0x54 ./Middlewares/Third_Party/FreeRTOS/Source/list.o
                0x0800bcf8                uxListRemove
 .text.xQueueGenericReset
                0x0800bd4c       0xd4 ./Middlewares/Third_Party/FreeRTOS/Source/queue.o
                0x0800bd4c                xQueueGenericReset
 .text.xQueueGenericCreateStatic
                0x0800be20       0xfa ./Middlewares/Third_Party/FreeRTOS/Source/queue.o
                0x0800be20                xQueueGenericCreateStatic
 .text.xQueueGenericCreate
                0x0800bf1a       0x76 ./Middlewares/Third_Party/FreeRTOS/Source/queue.o
                0x0800bf1a                xQueueGenericCreate
 .text.prvInitialiseNewQueue
                0x0800bf90       0x46 ./Middlewares/Third_Party/FreeRTOS/Source/queue.o
 .text.xQueueCreateCountingSemaphoreStatic
                0x0800bfd6       0x72 ./Middlewares/Third_Party/FreeRTOS/Source/queue.o
                0x0800bfd6                xQueueCreateCountingSemaphoreStatic
 .text.xQueueCreateCountingSemaphore
                0x0800c048       0x6a ./Middlewares/Third_Party/FreeRTOS/Source/queue.o
                0x0800c048                xQueueCreateCountingSemaphore
 *fill*         0x0800c0b2        0x2 
 .text.xQueueGenericSend
                0x0800c0b4      0x204 ./Middlewares/Third_Party/FreeRTOS/Source/queue.o
                0x0800c0b4                xQueueGenericSend
 .text.xQueueGenericSendFromISR
                0x0800c2b8      0x13c ./Middlewares/Third_Party/FreeRTOS/Source/queue.o
                0x0800c2b8                xQueueGenericSendFromISR
 .text.xQueueGiveFromISR
                0x0800c3f4      0x120 ./Middlewares/Third_Party/FreeRTOS/Source/queue.o
                0x0800c3f4                xQueueGiveFromISR
 .text.xQueueReceive
                0x0800c514      0x1c4 ./Middlewares/Third_Party/FreeRTOS/Source/queue.o
                0x0800c514                xQueueReceive
 .text.xQueueSemaphoreTake
                0x0800c6d8      0x220 ./Middlewares/Third_Party/FreeRTOS/Source/queue.o
                0x0800c6d8                xQueueSemaphoreTake
 .text.xQueueReceiveFromISR
                0x0800c8f8      0x104 ./Middlewares/Third_Party/FreeRTOS/Source/queue.o
                0x0800c8f8                xQueueReceiveFromISR
 .text.uxQueueMessagesWaiting
                0x0800c9fc       0x3e ./Middlewares/Third_Party/FreeRTOS/Source/queue.o
                0x0800c9fc                uxQueueMessagesWaiting
 .text.uxQueueMessagesWaitingFromISR
                0x0800ca3a       0x3e ./Middlewares/Third_Party/FreeRTOS/Source/queue.o
                0x0800ca3a                uxQueueMessagesWaitingFromISR
 .text.vQueueDelete
                0x0800ca78       0x48 ./Middlewares/Third_Party/FreeRTOS/Source/queue.o
                0x0800ca78                vQueueDelete
 .text.prvGetDisinheritPriorityAfterTimeout
                0x0800cac0       0x30 ./Middlewares/Third_Party/FreeRTOS/Source/queue.o
 .text.prvCopyDataToQueue
                0x0800caf0       0xd4 ./Middlewares/Third_Party/FreeRTOS/Source/queue.o
 .text.prvCopyDataFromQueue
                0x0800cbc4       0x4c ./Middlewares/Third_Party/FreeRTOS/Source/queue.o
 .text.prvUnlockQueue
                0x0800cc10       0xa4 ./Middlewares/Third_Party/FreeRTOS/Source/queue.o
 .text.prvIsQueueEmpty
                0x0800ccb4       0x2c ./Middlewares/Third_Party/FreeRTOS/Source/queue.o
 .text.prvIsQueueFull
                0x0800cce0       0x30 ./Middlewares/Third_Party/FreeRTOS/Source/queue.o
 .text.vQueueAddToRegistry
                0x0800cd10       0x54 ./Middlewares/Third_Party/FreeRTOS/Source/queue.o
                0x0800cd10                vQueueAddToRegistry
 .text.vQueueUnregisterQueue
                0x0800cd64       0x54 ./Middlewares/Third_Party/FreeRTOS/Source/queue.o
                0x0800cd64                vQueueUnregisterQueue
 .text.vQueueWaitForMessageRestricted
                0x0800cdb8       0x68 ./Middlewares/Third_Party/FreeRTOS/Source/queue.o
                0x0800cdb8                vQueueWaitForMessageRestricted
 .text.xTaskCreateStatic
                0x0800ce20       0xc0 ./Middlewares/Third_Party/FreeRTOS/Source/tasks.o
                0x0800ce20                xTaskCreateStatic
 .text.xTaskCreate
                0x0800cee0       0x8a ./Middlewares/Third_Party/FreeRTOS/Source/tasks.o
                0x0800cee0                xTaskCreate
 .text.prvInitialiseNewTask
                0x0800cf6a      0x120 ./Middlewares/Third_Party/FreeRTOS/Source/tasks.o
 *fill*         0x0800d08a        0x2 
 .text.prvAddNewTaskToReadyList
                0x0800d08c       0xe0 ./Middlewares/Third_Party/FreeRTOS/Source/tasks.o
 .text.vTaskDelay
                0x0800d16c       0x6c ./Middlewares/Third_Party/FreeRTOS/Source/tasks.o
                0x0800d16c                vTaskDelay
 .text.vTaskStartScheduler
                0x0800d1d8       0xd0 ./Middlewares/Third_Party/FreeRTOS/Source/tasks.o
                0x0800d1d8                vTaskStartScheduler
 .text.vTaskSuspendAll
                0x0800d2a8       0x1c ./Middlewares/Third_Party/FreeRTOS/Source/tasks.o
                0x0800d2a8                vTaskSuspendAll
 .text.xTaskResumeAll
                0x0800d2c4      0x13c ./Middlewares/Third_Party/FreeRTOS/Source/tasks.o
                0x0800d2c4                xTaskResumeAll
 .text.xTaskGetTickCount
                0x0800d400       0x20 ./Middlewares/Third_Party/FreeRTOS/Source/tasks.o
                0x0800d400                xTaskGetTickCount
 .text.xTaskIncrementTick
                0x0800d420      0x174 ./Middlewares/Third_Party/FreeRTOS/Source/tasks.o
                0x0800d420                xTaskIncrementTick
 .text.vTaskSwitchContext
                0x0800d594       0xbc ./Middlewares/Third_Party/FreeRTOS/Source/tasks.o
                0x0800d594                vTaskSwitchContext
 .text.vTaskPlaceOnEventList
                0x0800d650       0x4c ./Middlewares/Third_Party/FreeRTOS/Source/tasks.o
                0x0800d650                vTaskPlaceOnEventList
 .text.vTaskPlaceOnEventListRestricted
                0x0800d69c       0x58 ./Middlewares/Third_Party/FreeRTOS/Source/tasks.o
                0x0800d69c                vTaskPlaceOnEventListRestricted
 .text.xTaskRemoveFromEventList
                0x0800d6f4       0xc8 ./Middlewares/Third_Party/FreeRTOS/Source/tasks.o
                0x0800d6f4                xTaskRemoveFromEventList
 .text.vTaskInternalSetTimeOutState
                0x0800d7bc       0x2c ./Middlewares/Third_Party/FreeRTOS/Source/tasks.o
                0x0800d7bc                vTaskInternalSetTimeOutState
 .text.xTaskCheckForTimeOut
                0x0800d7e8       0xc8 ./Middlewares/Third_Party/FreeRTOS/Source/tasks.o
                0x0800d7e8                xTaskCheckForTimeOut
 .text.vTaskMissedYield
                0x0800d8b0       0x18 ./Middlewares/Third_Party/FreeRTOS/Source/tasks.o
                0x0800d8b0                vTaskMissedYield
 .text.prvIdleTask
                0x0800d8c8       0x30 ./Middlewares/Third_Party/FreeRTOS/Source/tasks.o
 .text.prvInitialiseTaskLists
                0x0800d8f8       0x80 ./Middlewares/Third_Party/FreeRTOS/Source/tasks.o
 .text.prvCheckTasksWaitingTermination
                0x0800d978       0x5c ./Middlewares/Third_Party/FreeRTOS/Source/tasks.o
 .text.prvDeleteTCB
                0x0800d9d4       0x60 ./Middlewares/Third_Party/FreeRTOS/Source/tasks.o
 .text.prvResetNextTaskUnblockTime
                0x0800da34       0x40 ./Middlewares/Third_Party/FreeRTOS/Source/tasks.o
 .text.xTaskGetSchedulerState
                0x0800da74       0x3c ./Middlewares/Third_Party/FreeRTOS/Source/tasks.o
                0x0800da74                xTaskGetSchedulerState
 .text.xTaskPriorityInherit
                0x0800dab0       0xd0 ./Middlewares/Third_Party/FreeRTOS/Source/tasks.o
                0x0800dab0                xTaskPriorityInherit
 .text.xTaskPriorityDisinherit
                0x0800db80       0xe0 ./Middlewares/Third_Party/FreeRTOS/Source/tasks.o
                0x0800db80                xTaskPriorityDisinherit
 .text.vTaskPriorityDisinheritAfterTimeout
                0x0800dc60      0x108 ./Middlewares/Third_Party/FreeRTOS/Source/tasks.o
                0x0800dc60                vTaskPriorityDisinheritAfterTimeout
 .text.pvTaskIncrementMutexHeldCount
                0x0800dd68       0x28 ./Middlewares/Third_Party/FreeRTOS/Source/tasks.o
                0x0800dd68                pvTaskIncrementMutexHeldCount
 .text.prvAddCurrentTaskToDelayedList
                0x0800dd90       0xa8 ./Middlewares/Third_Party/FreeRTOS/Source/tasks.o
 .text.xTimerCreateTimerTask
                0x0800de38       0x94 ./Middlewares/Third_Party/FreeRTOS/Source/timers.o
                0x0800de38                xTimerCreateTimerTask
 .text.xTimerCreate
                0x0800decc       0x42 ./Middlewares/Third_Party/FreeRTOS/Source/timers.o
                0x0800decc                xTimerCreate
 .text.xTimerCreateStatic
                0x0800df0e       0x80 ./Middlewares/Third_Party/FreeRTOS/Source/timers.o
                0x0800df0e                xTimerCreateStatic
 .text.prvInitialiseNewTimer
                0x0800df8e       0x78 ./Middlewares/Third_Party/FreeRTOS/Source/timers.o
 *fill*         0x0800e006        0x2 
 .text.xTimerGenericCommand
                0x0800e008       0x9c ./Middlewares/Third_Party/FreeRTOS/Source/timers.o
                0x0800e008                xTimerGenericCommand
 .text.prvProcessExpiredTimer
                0x0800e0a4       0x9c ./Middlewares/Third_Party/FreeRTOS/Source/timers.o
 .text.prvTimerTask
                0x0800e140       0x26 ./Middlewares/Third_Party/FreeRTOS/Source/timers.o
 *fill*         0x0800e166        0x2 
 .text.prvProcessTimerOrBlockTask
                0x0800e168       0x9c ./Middlewares/Third_Party/FreeRTOS/Source/timers.o
 .text.prvGetNextExpireTime
                0x0800e204       0x48 ./Middlewares/Third_Party/FreeRTOS/Source/timers.o
 .text.prvSampleTimeNow
                0x0800e24c       0x40 ./Middlewares/Third_Party/FreeRTOS/Source/timers.o
 .text.prvInsertTimerInActiveList
                0x0800e28c       0x84 ./Middlewares/Third_Party/FreeRTOS/Source/timers.o
 .text.prvProcessReceivedCommands
                0x0800e310      0x1cc ./Middlewares/Third_Party/FreeRTOS/Source/timers.o
 .text.prvSwitchTimerLists
                0x0800e4dc       0xcc ./Middlewares/Third_Party/FreeRTOS/Source/timers.o
 .text.prvCheckForValidListAndQueue
                0x0800e5a8       0x80 ./Middlewares/Third_Party/FreeRTOS/Source/timers.o
 .text.pvTimerGetTimerID
                0x0800e628       0x42 ./Middlewares/Third_Party/FreeRTOS/Source/timers.o
                0x0800e628                pvTimerGetTimerID
 *fill*         0x0800e66a        0x2 
 .text.pxPortInitialiseStack
                0x0800e66c       0x68 ./Middlewares/Third_Party/FreeRTOS/Source/portable/GCC/ARM_CM4F/port.o
                0x0800e66c                pxPortInitialiseStack
 .text.prvTaskExitError
                0x0800e6d4       0x5c ./Middlewares/Third_Party/FreeRTOS/Source/portable/GCC/ARM_CM4F/port.o
 .text.SVC_Handler
                0x0800e730       0x28 ./Middlewares/Third_Party/FreeRTOS/Source/portable/GCC/ARM_CM4F/port.o
                0x0800e730                SVC_Handler
 .text.prvPortStartFirstTask
                0x0800e758       0x28 ./Middlewares/Third_Party/FreeRTOS/Source/portable/GCC/ARM_CM4F/port.o
 .text.xPortStartScheduler
                0x0800e780      0x148 ./Middlewares/Third_Party/FreeRTOS/Source/portable/GCC/ARM_CM4F/port.o
                0x0800e780                xPortStartScheduler
 .text.vPortEnterCritical
                0x0800e8c8       0x64 ./Middlewares/Third_Party/FreeRTOS/Source/portable/GCC/ARM_CM4F/port.o
                0x0800e8c8                vPortEnterCritical
 .text.vPortExitCritical
                0x0800e92c       0x54 ./Middlewares/Third_Party/FreeRTOS/Source/portable/GCC/ARM_CM4F/port.o
                0x0800e92c                vPortExitCritical
 .text.PendSV_Handler
                0x0800e980       0x68 ./Middlewares/Third_Party/FreeRTOS/Source/portable/GCC/ARM_CM4F/port.o
                0x0800e980                PendSV_Handler
 .text.xPortSysTickHandler
                0x0800e9e8       0x44 ./Middlewares/Third_Party/FreeRTOS/Source/portable/GCC/ARM_CM4F/port.o
                0x0800e9e8                xPortSysTickHandler
 .text.vPortSetupTimerInterrupt
                0x0800ea2c       0x48 ./Middlewares/Third_Party/FreeRTOS/Source/portable/GCC/ARM_CM4F/port.o
                0x0800ea2c                vPortSetupTimerInterrupt
 .text.vPortEnableVFP
                0x0800ea74       0x14 ./Middlewares/Third_Party/FreeRTOS/Source/portable/GCC/ARM_CM4F/port.o
 .text.vPortValidateInterruptPriority
                0x0800ea88       0x84 ./Middlewares/Third_Party/FreeRTOS/Source/portable/GCC/ARM_CM4F/port.o
                0x0800ea88                vPortValidateInterruptPriority
 .text.pvPortMalloc
                0x0800eb0c      0x19c ./Middlewares/Third_Party/FreeRTOS/Source/portable/MemMang/heap_4.o
                0x0800eb0c                pvPortMalloc
 .text.vPortFree
                0x0800eca8       0xc8 ./Middlewares/Third_Party/FreeRTOS/Source/portable/MemMang/heap_4.o
                0x0800eca8                vPortFree
 .text.prvHeapInit
                0x0800ed70       0xc4 ./Middlewares/Third_Party/FreeRTOS/Source/portable/MemMang/heap_4.o
 .text.prvInsertBlockIntoFreeList
                0x0800ee34       0xb4 ./Middlewares/Third_Party/FreeRTOS/Source/portable/MemMang/heap_4.o
 .text.MX_USB_DEVICE_Init
                0x0800eee8       0x60 ./USB_DEVICE/App/usb_device.o
                0x0800eee8                MX_USB_DEVICE_Init
 .text.CDC_Init_HS
                0x0800ef48       0x28 ./USB_DEVICE/App/usbd_cdc_if.o
 .text.CDC_DeInit_HS
                0x0800ef70       0x10 ./USB_DEVICE/App/usbd_cdc_if.o
 .text.CDC_Control_HS
                0x0800ef80       0xbc ./USB_DEVICE/App/usbd_cdc_if.o
 .text.CDC_Receive_HS
                0x0800f03c       0x28 ./USB_DEVICE/App/usbd_cdc_if.o
 .text.CDC_Transmit_HS
                0x0800f064       0x4c ./USB_DEVICE/App/usbd_cdc_if.o
                0x0800f064                CDC_Transmit_HS
 .text.CDC_TransmitCplt_HS
                0x0800f0b0       0x22 ./USB_DEVICE/App/usbd_cdc_if.o
 *fill*         0x0800f0d2        0x2 
 .text.USBD_HS_DeviceDescriptor
                0x0800f0d4       0x24 ./USB_DEVICE/App/usbd_desc.o
                0x0800f0d4                USBD_HS_DeviceDescriptor
 .text.USBD_HS_LangIDStrDescriptor
                0x0800f0f8       0x24 ./USB_DEVICE/App/usbd_desc.o
                0x0800f0f8                USBD_HS_LangIDStrDescriptor
 .text.USBD_HS_ProductStrDescriptor
                0x0800f11c       0x3c ./USB_DEVICE/App/usbd_desc.o
                0x0800f11c                USBD_HS_ProductStrDescriptor
 .text.USBD_HS_ManufacturerStrDescriptor
                0x0800f158       0x28 ./USB_DEVICE/App/usbd_desc.o
                0x0800f158                USBD_HS_ManufacturerStrDescriptor
 .text.USBD_HS_SerialStrDescriptor
                0x0800f180       0x24 ./USB_DEVICE/App/usbd_desc.o
                0x0800f180                USBD_HS_SerialStrDescriptor
 .text.USBD_HS_ConfigStrDescriptor
                0x0800f1a4       0x3c ./USB_DEVICE/App/usbd_desc.o
                0x0800f1a4                USBD_HS_ConfigStrDescriptor
 .text.USBD_HS_InterfaceStrDescriptor
                0x0800f1e0       0x3c ./USB_DEVICE/App/usbd_desc.o
                0x0800f1e0                USBD_HS_InterfaceStrDescriptor
 .text.Get_SerialNum
                0x0800f21c       0x58 ./USB_DEVICE/App/usbd_desc.o
 .text.IntToUnicode
                0x0800f274       0x7e ./USB_DEVICE/App/usbd_desc.o
 *fill*         0x0800f2f2        0x2 
 .text.HAL_PCD_MspInit
                0x0800f2f4       0xbc ./USB_DEVICE/Target/usbd_conf.o
                0x0800f2f4                HAL_PCD_MspInit
 .text.HAL_PCD_SetupStageCallback
                0x0800f3b0       0x24 ./USB_DEVICE/Target/usbd_conf.o
                0x0800f3b0                HAL_PCD_SetupStageCallback
 .text.HAL_PCD_DataOutStageCallback
                0x0800f3d4       0x36 ./USB_DEVICE/Target/usbd_conf.o
                0x0800f3d4                HAL_PCD_DataOutStageCallback
 .text.HAL_PCD_DataInStageCallback
                0x0800f40a       0x34 ./USB_DEVICE/Target/usbd_conf.o
                0x0800f40a                HAL_PCD_DataInStageCallback
 .text.HAL_PCD_SOFCallback
                0x0800f43e       0x1c ./USB_DEVICE/Target/usbd_conf.o
                0x0800f43e                HAL_PCD_SOFCallback
 .text.HAL_PCD_ResetCallback
                0x0800f45a       0x50 ./USB_DEVICE/Target/usbd_conf.o
                0x0800f45a                HAL_PCD_ResetCallback
 *fill*         0x0800f4aa        0x2 
 .text.HAL_PCD_SuspendCallback
                0x0800f4ac       0x4c ./USB_DEVICE/Target/usbd_conf.o
                0x0800f4ac                HAL_PCD_SuspendCallback
 .text.HAL_PCD_ResumeCallback
                0x0800f4f8       0x1c ./USB_DEVICE/Target/usbd_conf.o
                0x0800f4f8                HAL_PCD_ResumeCallback
 .text.HAL_PCD_ISOOUTIncompleteCallback
                0x0800f514       0x24 ./USB_DEVICE/Target/usbd_conf.o
                0x0800f514                HAL_PCD_ISOOUTIncompleteCallback
 .text.HAL_PCD_ISOINIncompleteCallback
                0x0800f538       0x24 ./USB_DEVICE/Target/usbd_conf.o
                0x0800f538                HAL_PCD_ISOINIncompleteCallback
 .text.HAL_PCD_ConnectCallback
                0x0800f55c       0x1c ./USB_DEVICE/Target/usbd_conf.o
                0x0800f55c                HAL_PCD_ConnectCallback
 .text.HAL_PCD_DisconnectCallback
                0x0800f578       0x1c ./USB_DEVICE/Target/usbd_conf.o
                0x0800f578                HAL_PCD_DisconnectCallback
 .text.USBD_LL_Init
                0x0800f594       0xa4 ./USB_DEVICE/Target/usbd_conf.o
                0x0800f594                USBD_LL_Init
 .text.USBD_LL_Start
                0x0800f638       0x36 ./USB_DEVICE/Target/usbd_conf.o
                0x0800f638                USBD_LL_Start
 .text.USBD_LL_OpenEP
                0x0800f66e       0x4c ./USB_DEVICE/Target/usbd_conf.o
                0x0800f66e                USBD_LL_OpenEP
 .text.USBD_LL_CloseEP
                0x0800f6ba       0x3e ./USB_DEVICE/Target/usbd_conf.o
                0x0800f6ba                USBD_LL_CloseEP
 .text.USBD_LL_StallEP
                0x0800f6f8       0x3e ./USB_DEVICE/Target/usbd_conf.o
                0x0800f6f8                USBD_LL_StallEP
 .text.USBD_LL_ClearStallEP
                0x0800f736       0x3e ./USB_DEVICE/Target/usbd_conf.o
                0x0800f736                USBD_LL_ClearStallEP
 .text.USBD_LL_IsStallEP
                0x0800f774       0x58 ./USB_DEVICE/Target/usbd_conf.o
                0x0800f774                USBD_LL_IsStallEP
 .text.USBD_LL_SetUSBAddress
                0x0800f7cc       0x3e ./USB_DEVICE/Target/usbd_conf.o
                0x0800f7cc                USBD_LL_SetUSBAddress
 .text.USBD_LL_Transmit
                0x0800f80a       0x42 ./USB_DEVICE/Target/usbd_conf.o
                0x0800f80a                USBD_LL_Transmit
 .text.USBD_LL_PrepareReceive
                0x0800f84c       0x42 ./USB_DEVICE/Target/usbd_conf.o
                0x0800f84c                USBD_LL_PrepareReceive
 .text.USBD_LL_GetRxDataSize
                0x0800f88e       0x26 ./USB_DEVICE/Target/usbd_conf.o
                0x0800f88e                USBD_LL_GetRxDataSize
 .text.USBD_static_malloc
                0x0800f8b4       0x1c ./USB_DEVICE/Target/usbd_conf.o
                0x0800f8b4                USBD_static_malloc
 .text.USBD_static_free
                0x0800f8d0       0x14 ./USB_DEVICE/Target/usbd_conf.o
                0x0800f8d0                USBD_static_free
 .text.USBD_Get_USB_Status
                0x0800f8e4       0x58 ./USB_DEVICE/Target/usbd_conf.o
                0x0800f8e4                USBD_Get_USB_Status
 .text.sprintf  0x0800f93c       0x40 C:/ST/STM32CubeIDE_1.13.2/STM32CubeIDE/plugins/com.st.stm32cube.ide.mcu.externaltools.gnu-tools-for-stm32.12.3.rel1.win32_1.0.200.202406191623/tools/bin/../lib/gcc/arm-none-eabi/12.3.1/../../../../arm-none-eabi/lib/thumb/v7e-m+fp/hard\libc_nano.a(libc_a-sprintf.o)
                0x0800f93c                siprintf
                0x0800f93c                sprintf
 .text.memset   0x0800f97c       0x10 C:/ST/STM32CubeIDE_1.13.2/STM32CubeIDE/plugins/com.st.stm32cube.ide.mcu.externaltools.gnu-tools-for-stm32.12.3.rel1.win32_1.0.200.202406191623/tools/bin/../lib/gcc/arm-none-eabi/12.3.1/../../../../arm-none-eabi/lib/thumb/v7e-m+fp/hard\libc_nano.a(libc_a-memset.o)
                0x0800f97c                memset
 .text.__errno  0x0800f98c        0xc C:/ST/STM32CubeIDE_1.13.2/STM32CubeIDE/plugins/com.st.stm32cube.ide.mcu.externaltools.gnu-tools-for-stm32.12.3.rel1.win32_1.0.200.202406191623/tools/bin/../lib/gcc/arm-none-eabi/12.3.1/../../../../arm-none-eabi/lib/thumb/v7e-m+fp/hard\libc_nano.a(libc_a-errno.o)
                0x0800f98c                __errno
 .text.__libc_init_array
                0x0800f998       0x48 C:/ST/STM32CubeIDE_1.13.2/STM32CubeIDE/plugins/com.st.stm32cube.ide.mcu.externaltools.gnu-tools-for-stm32.12.3.rel1.win32_1.0.200.202406191623/tools/bin/../lib/gcc/arm-none-eabi/12.3.1/../../../../arm-none-eabi/lib/thumb/v7e-m+fp/hard\libc_nano.a(libc_a-init.o)
                0x0800f998                __libc_init_array
 .text.__retarget_lock_acquire_recursive
                0x0800f9e0        0x2 C:/ST/STM32CubeIDE_1.13.2/STM32CubeIDE/plugins/com.st.stm32cube.ide.mcu.externaltools.gnu-tools-for-stm32.12.3.rel1.win32_1.0.200.202406191623/tools/bin/../lib/gcc/arm-none-eabi/12.3.1/../../../../arm-none-eabi/lib/thumb/v7e-m+fp/hard\libc_nano.a(libc_a-lock.o)
                0x0800f9e0                __retarget_lock_acquire_recursive
 .text.__retarget_lock_release_recursive
                0x0800f9e2        0x2 C:/ST/STM32CubeIDE_1.13.2/STM32CubeIDE/plugins/com.st.stm32cube.ide.mcu.externaltools.gnu-tools-for-stm32.12.3.rel1.win32_1.0.200.202406191623/tools/bin/../lib/gcc/arm-none-eabi/12.3.1/../../../../arm-none-eabi/lib/thumb/v7e-m+fp/hard\libc_nano.a(libc_a-lock.o)
                0x0800f9e2                __retarget_lock_release_recursive
 .text.memcpy   0x0800f9e4       0x1c C:/ST/STM32CubeIDE_1.13.2/STM32CubeIDE/plugins/com.st.stm32cube.ide.mcu.externaltools.gnu-tools-for-stm32.12.3.rel1.win32_1.0.200.202406191623/tools/bin/../lib/gcc/arm-none-eabi/12.3.1/../../../../arm-none-eabi/lib/thumb/v7e-m+fp/hard\libc_nano.a(libc_a-memcpy-stub.o)
                0x0800f9e4                memcpy
 .text._free_r  0x0800fa00       0x94 C:/ST/STM32CubeIDE_1.13.2/STM32CubeIDE/plugins/com.st.stm32cube.ide.mcu.externaltools.gnu-tools-for-stm32.12.3.rel1.win32_1.0.200.202406191623/tools/bin/../lib/gcc/arm-none-eabi/12.3.1/../../../../arm-none-eabi/lib/thumb/v7e-m+fp/hard\libc_nano.a(libc_a-freer.o)
                0x0800fa00                _free_r
 .text.sbrk_aligned
                0x0800fa94       0x44 C:/ST/STM32CubeIDE_1.13.2/STM32CubeIDE/plugins/com.st.stm32cube.ide.mcu.externaltools.gnu-tools-for-stm32.12.3.rel1.win32_1.0.200.202406191623/tools/bin/../lib/gcc/arm-none-eabi/12.3.1/../../../../arm-none-eabi/lib/thumb/v7e-m+fp/hard\libc_nano.a(libc_a-mallocr.o)
 .text._malloc_r
                0x0800fad8      0x100 C:/ST/STM32CubeIDE_1.13.2/STM32CubeIDE/plugins/com.st.stm32cube.ide.mcu.externaltools.gnu-tools-for-stm32.12.3.rel1.win32_1.0.200.202406191623/tools/bin/../lib/gcc/arm-none-eabi/12.3.1/../../../../arm-none-eabi/lib/thumb/v7e-m+fp/hard\libc_nano.a(libc_a-mallocr.o)
                0x0800fad8                _malloc_r
 .text.__malloc_lock
                0x0800fbd8        0xc C:/ST/STM32CubeIDE_1.13.2/STM32CubeIDE/plugins/com.st.stm32cube.ide.mcu.externaltools.gnu-tools-for-stm32.12.3.rel1.win32_1.0.200.202406191623/tools/bin/../lib/gcc/arm-none-eabi/12.3.1/../../../../arm-none-eabi/lib/thumb/v7e-m+fp/hard\libc_nano.a(libc_a-mlock.o)
                0x0800fbd8                __malloc_lock
 .text.__malloc_unlock
                0x0800fbe4        0xc C:/ST/STM32CubeIDE_1.13.2/STM32CubeIDE/plugins/com.st.stm32cube.ide.mcu.externaltools.gnu-tools-for-stm32.12.3.rel1.win32_1.0.200.202406191623/tools/bin/../lib/gcc/arm-none-eabi/12.3.1/../../../../arm-none-eabi/lib/thumb/v7e-m+fp/hard\libc_nano.a(libc_a-mlock.o)
                0x0800fbe4                __malloc_unlock
 .text.__ssputs_r
                0x0800fbf0       0xb6 C:/ST/STM32CubeIDE_1.13.2/STM32CubeIDE/plugins/com.st.stm32cube.ide.mcu.externaltools.gnu-tools-for-stm32.12.3.rel1.win32_1.0.200.202406191623/tools/bin/../lib/gcc/arm-none-eabi/12.3.1/../../../../arm-none-eabi/lib/thumb/v7e-m+fp/hard\libc_nano.a(libc_a-nano-svfprintf.o)
                0x0800fbf0                __ssputs_r
 *fill*         0x0800fca6        0x2 
 .text._svfprintf_r
                0x0800fca8      0x1f8 C:/ST/STM32CubeIDE_1.13.2/STM32CubeIDE/plugins/com.st.stm32cube.ide.mcu.externaltools.gnu-tools-for-stm32.12.3.rel1.win32_1.0.200.202406191623/tools/bin/../lib/gcc/arm-none-eabi/12.3.1/../../../../arm-none-eabi/lib/thumb/v7e-m+fp/hard\libc_nano.a(libc_a-nano-svfprintf.o)
                0x0800fca8                _svfiprintf_r
                0x0800fca8                _svfprintf_r
 .text._printf_common
                0x0800fea0       0xda C:/ST/STM32CubeIDE_1.13.2/STM32CubeIDE/plugins/com.st.stm32cube.ide.mcu.externaltools.gnu-tools-for-stm32.12.3.rel1.win32_1.0.200.202406191623/tools/bin/../lib/gcc/arm-none-eabi/12.3.1/../../../../arm-none-eabi/lib/thumb/v7e-m+fp/hard\libc_nano.a(libc_a-nano-vfprintf_i.o)
                0x0800fea0                _printf_common
 *fill*         0x0800ff7a        0x2 
 .text._printf_i
                0x0800ff7c      0x240 C:/ST/STM32CubeIDE_1.13.2/STM32CubeIDE/plugins/com.st.stm32cube.ide.mcu.externaltools.gnu-tools-for-stm32.12.3.rel1.win32_1.0.200.202406191623/tools/bin/../lib/gcc/arm-none-eabi/12.3.1/../../../../arm-none-eabi/lib/thumb/v7e-m+fp/hard\libc_nano.a(libc_a-nano-vfprintf_i.o)
                0x0800ff7c                _printf_i
 .text.memmove  0x080101bc       0x34 C:/ST/STM32CubeIDE_1.13.2/STM32CubeIDE/plugins/com.st.stm32cube.ide.mcu.externaltools.gnu-tools-for-stm32.12.3.rel1.win32_1.0.200.202406191623/tools/bin/../lib/gcc/arm-none-eabi/12.3.1/../../../../arm-none-eabi/lib/thumb/v7e-m+fp/hard\libc_nano.a(libc_a-memmove.o)
                0x080101bc                memmove
 .text._sbrk_r  0x080101f0       0x20 C:/ST/STM32CubeIDE_1.13.2/STM32CubeIDE/plugins/com.st.stm32cube.ide.mcu.externaltools.gnu-tools-for-stm32.12.3.rel1.win32_1.0.200.202406191623/tools/bin/../lib/gcc/arm-none-eabi/12.3.1/../../../../arm-none-eabi/lib/thumb/v7e-m+fp/hard\libc_nano.a(libc_a-sbrkr.o)
                0x080101f0                _sbrk_r
 .text._realloc_r
                0x08010210       0x5c C:/ST/STM32CubeIDE_1.13.2/STM32CubeIDE/plugins/com.st.stm32cube.ide.mcu.externaltools.gnu-tools-for-stm32.12.3.rel1.win32_1.0.200.202406191623/tools/bin/../lib/gcc/arm-none-eabi/12.3.1/../../../../arm-none-eabi/lib/thumb/v7e-m+fp/hard\libc_nano.a(libc_a-reallocr.o)
                0x08010210                _realloc_r
 .text._malloc_usable_size_r
                0x0801026c       0x10 C:/ST/STM32CubeIDE_1.13.2/STM32CubeIDE/plugins/com.st.stm32cube.ide.mcu.externaltools.gnu-tools-for-stm32.12.3.rel1.win32_1.0.200.202406191623/tools/bin/../lib/gcc/arm-none-eabi/12.3.1/../../../../arm-none-eabi/lib/thumb/v7e-m+fp/hard\libc_nano.a(libc_a-msizer.o)
                0x0801026c                _malloc_usable_size_r
 *(.glue_7)
 .glue_7        0x0801027c        0x0 linker stubs
 *(.glue_7t)
 .glue_7t       0x0801027c        0x0 linker stubs
 *(.eh_frame)
 .eh_frame      0x0801027c        0x0 C:/ST/STM32CubeIDE_1.13.2/STM32CubeIDE/plugins/com.st.stm32cube.ide.mcu.externaltools.gnu-tools-for-stm32.12.3.rel1.win32_1.0.200.202406191623/tools/bin/../lib/gcc/arm-none-eabi/12.3.1/thumb/v7e-m+fp/hard/crtbegin.o
 *(.init)
 .init          0x0801027c        0x4 C:/ST/STM32CubeIDE_1.13.2/STM32CubeIDE/plugins/com.st.stm32cube.ide.mcu.externaltools.gnu-tools-for-stm32.12.3.rel1.win32_1.0.200.202406191623/tools/bin/../lib/gcc/arm-none-eabi/12.3.1/thumb/v7e-m+fp/hard/crti.o
                0x0801027c                _init
 .init          0x08010280        0x8 C:/ST/STM32CubeIDE_1.13.2/STM32CubeIDE/plugins/com.st.stm32cube.ide.mcu.externaltools.gnu-tools-for-stm32.12.3.rel1.win32_1.0.200.202406191623/tools/bin/../lib/gcc/arm-none-eabi/12.3.1/thumb/v7e-m+fp/hard/crtn.o
 *(.fini)
 .fini          0x08010288        0x4 C:/ST/STM32CubeIDE_1.13.2/STM32CubeIDE/plugins/com.st.stm32cube.ide.mcu.externaltools.gnu-tools-for-stm32.12.3.rel1.win32_1.0.200.202406191623/tools/bin/../lib/gcc/arm-none-eabi/12.3.1/thumb/v7e-m+fp/hard/crti.o
                0x08010288                _fini
 .fini          0x0801028c        0x8 C:/ST/STM32CubeIDE_1.13.2/STM32CubeIDE/plugins/com.st.stm32cube.ide.mcu.externaltools.gnu-tools-for-stm32.12.3.rel1.win32_1.0.200.202406191623/tools/bin/../lib/gcc/arm-none-eabi/12.3.1/thumb/v7e-m+fp/hard/crtn.o
                0x08010294                        . = ALIGN (0x4)
                0x08010294                        _etext = .

.vfp11_veneer   0x08010294        0x0
 .vfp11_veneer  0x08010294        0x0 linker stubs

.v4_bx          0x08010294        0x0
 .v4_bx         0x08010294        0x0 linker stubs

.iplt           0x08010294        0x0
 .iplt          0x08010294        0x0 C:/ST/STM32CubeIDE_1.13.2/STM32CubeIDE/plugins/com.st.stm32cube.ide.mcu.externaltools.gnu-tools-for-stm32.12.3.rel1.win32_1.0.200.202406191623/tools/bin/../lib/gcc/arm-none-eabi/12.3.1/thumb/v7e-m+fp/hard/crtbegin.o

.rodata         0x08010294      0x404
                0x08010294                        . = ALIGN (0x4)
 *(.rodata)
 .rodata        0x08010294      0x296 ./Core/Src/main.o
 *fill*         0x0801052a        0x2 
 .rodata        0x0801052c        0x5 ./Middlewares/Third_Party/FreeRTOS/Source/tasks.o
 *fill*         0x08010531        0x3 
 .rodata        0x08010534        0xd ./Middlewares/Third_Party/FreeRTOS/Source/timers.o
 *fill*         0x08010541        0x3 
 .rodata        0x08010544       0x46 ./USB_DEVICE/App/usbd_desc.o
 *(.rodata*)
 *fill*         0x0801058a        0x2 
 .rodata.defaultTask_attributes
                0x0801058c       0x24 ./Core/Src/main.o
                0x0801058c                defaultTask_attributes
 .rodata.motionTask_attributes
                0x080105b0       0x24 ./Core/Src/main.o
                0x080105b0                motionTask_attributes
 .rodata.captureTask_attributes
                0x080105d4       0x24 ./Core/Src/main.o
                0x080105d4                captureTask_attributes
 .rodata.alertTask_attributes
                0x080105f8       0x24 ./Core/Src/main.o
                0x080105f8                alertTask_attributes
 .rodata.alertTimer_attributes
                0x0801061c       0x10 ./Core/Src/main.o
                0x0801061c                alertTimer_attributes
 .rodata.motionSem_attributes
                0x0801062c       0x10 ./Core/Src/main.o
                0x0801062c                motionSem_attributes
 .rodata.alertSem_attributes
                0x0801063c       0x10 ./Core/Src/main.o
                0x0801063c                alertSem_attributes
 .rodata.AHBPrescTable
                0x0801064c       0x10 ./Core/Src/system_stm32f4xx.o
                0x0801064c                AHBPrescTable
 .rodata.APBPrescTable
                0x0801065c        0x8 ./Core/Src/system_stm32f4xx.o
                0x0801065c                APBPrescTable
 .rodata._svfprintf_r.str1.1
                0x08010664       0x11 C:/ST/STM32CubeIDE_1.13.2/STM32CubeIDE/plugins/com.st.stm32cube.ide.mcu.externaltools.gnu-tools-for-stm32.12.3.rel1.win32_1.0.200.202406191623/tools/bin/../lib/gcc/arm-none-eabi/12.3.1/../../../../arm-none-eabi/lib/thumb/v7e-m+fp/hard\libc_nano.a(libc_a-nano-svfprintf.o)
 .rodata._printf_i.str1.1
                0x08010675       0x22 C:/ST/STM32CubeIDE_1.13.2/STM32CubeIDE/plugins/com.st.stm32cube.ide.mcu.externaltools.gnu-tools-for-stm32.12.3.rel1.win32_1.0.200.202406191623/tools/bin/../lib/gcc/arm-none-eabi/12.3.1/../../../../arm-none-eabi/lib/thumb/v7e-m+fp/hard\libc_nano.a(libc_a-nano-vfprintf_i.o)
                0x08010698                        . = ALIGN (0x4)
 *fill*         0x08010697        0x1 

.ARM.extab      0x08010698        0x0
                0x08010698                        . = ALIGN (0x4)
 *(.ARM.extab* .gnu.linkonce.armextab.*)
                0x08010698                        . = ALIGN (0x4)

.ARM            0x08010698        0x8
                0x08010698                        . = ALIGN (0x4)
                0x08010698                        __exidx_start = .
 *(.ARM.exidx*)
 .ARM.exidx     0x08010698        0x8 C:/ST/STM32CubeIDE_1.13.2/STM32CubeIDE/plugins/com.st.stm32cube.ide.mcu.externaltools.gnu-tools-for-stm32.12.3.rel1.win32_1.0.200.202406191623/tools/bin/../lib/gcc/arm-none-eabi/12.3.1/../../../../arm-none-eabi/lib/thumb/v7e-m+fp/hard\libc_nano.a(libc_a-strlen.o)
 .ARM.exidx     0x080106a0        0x0 C:/ST/STM32CubeIDE_1.13.2/STM32CubeIDE/plugins/com.st.stm32cube.ide.mcu.externaltools.gnu-tools-for-stm32.12.3.rel1.win32_1.0.200.202406191623/tools/bin/../lib/gcc/arm-none-eabi/12.3.1/../../../../arm-none-eabi/lib/thumb/v7e-m+fp/hard\libc_nano.a(libc_a-memchr.o)
                                  0x8 (size before relaxing)
 .ARM.exidx     0x080106a0        0x0 C:/ST/STM32CubeIDE_1.13.2/STM32CubeIDE/plugins/com.st.stm32cube.ide.mcu.externaltools.gnu-tools-for-stm32.12.3.rel1.win32_1.0.200.202406191623/tools/bin/../lib/gcc/arm-none-eabi/12.3.1/thumb/v7e-m+fp/hard\libgcc.a(_udivmoddi4.o)
                                  0x8 (size before relaxing)
                0x080106a0                        __exidx_end = .
                0x080106a0                        . = ALIGN (0x4)

.preinit_array  0x080106a0        0x0
                0x080106a0                        . = ALIGN (0x4)
                0x080106a0                        PROVIDE (__preinit_array_start = .)
 *(.preinit_array*)
                0x080106a0                        PROVIDE (__preinit_array_end = .)
                0x080106a0                        . = ALIGN (0x4)

.init_array     0x080106a0        0x4
                0x080106a0                        . = ALIGN (0x4)
                0x080106a0                        PROVIDE (__init_array_start = .)
 *(SORT_BY_NAME(.init_array.*))
 *(.init_array*)
 .init_array    0x080106a0        0x4 C:/ST/STM32CubeIDE_1.13.2/STM32CubeIDE/plugins/com.st.stm32cube.ide.mcu.externaltools.gnu-tools-for-stm32.12.3.rel1.win32_1.0.200.202406191623/tools/bin/../lib/gcc/arm-none-eabi/12.3.1/thumb/v7e-m+fp/hard/crtbegin.o
                0x080106a4                        PROVIDE (__init_array_end = .)
                0x080106a4                        . = ALIGN (0x4)

.fini_array     0x080106a4        0x4
                0x080106a4                        . = ALIGN (0x4)
                [!provide]                        PROVIDE (__fini_array_start = .)
 *(SORT_BY_NAME(.fini_array.*))
 *(.fini_array*)
 .fini_array    0x080106a4        0x4 C:/ST/STM32CubeIDE_1.13.2/STM32CubeIDE/plugins/com.st.stm32cube.ide.mcu.externaltools.gnu-tools-for-stm32.12.3.rel1.win32_1.0.200.202406191623/tools/bin/../lib/gcc/arm-none-eabi/12.3.1/thumb/v7e-m+fp/hard/crtbegin.o
                [!provide]                        PROVIDE (__fini_array_end = .)
                0x080106a8                        . = ALIGN (0x4)
                0x080106a8                        _sidata = LOADADDR (.data)

.rel.dyn        0x080106a8        0x0
 .rel.iplt      0x080106a8        0x0 C:/ST/STM32CubeIDE_1.13.2/STM32CubeIDE/plugins/com.st.stm32cube.ide.mcu.externaltools.gnu-tools-for-stm32.12.3.rel1.win32_1.0.200.202406191623/tools/bin/../lib/gcc/arm-none-eabi/12.3.1/thumb/v7e-m+fp/hard/crtbegin.o

.data           0x20000000      0x150 load address 0x080106a8
                0x20000000                        . = ALIGN (0x4)
                0x20000000                        _sdata = .
 *(.data)
 *(.data*)
 .data.SystemCoreClock
                0x20000000        0x4 ./Core/Src/system_stm32f4xx.o
                0x20000000                SystemCoreClock
 .data.uwTickPrio
                0x20000004        0x4 ./Drivers/STM32F4xx_HAL_Driver/Src/stm32f4xx_hal.o
                0x20000004                uwTickPrio
 .data.uwTickFreq
                0x20000008        0x1 ./Drivers/STM32F4xx_HAL_Driver/Src/stm32f4xx_hal.o
                0x20000008                uwTickFreq
 *fill*         0x20000009        0x3 
 .data.USBD_CDC_DeviceQualifierDesc
                0x2000000c        0xa ./Middlewares/ST/STM32_USB_Device_Library/Class/CDC/Src/usbd_cdc.o
 *fill*         0x20000016        0x2 
 .data.USBD_CDC
                0x20000018       0x38 ./Middlewares/ST/STM32_USB_Device_Library/Class/CDC/Src/usbd_cdc.o
                0x20000018                USBD_CDC
 .data.USBD_CDC_CfgDesc
                0x20000050       0x43 ./Middlewares/ST/STM32_USB_Device_Library/Class/CDC/Src/usbd_cdc.o
 .data.CDCInEpAdd