../Core/Src/main.c:123:5:main	8	static
../Core/Src/main.c:233:6:SystemClock_Config	88	static
../Core/Src/main.c:276:13:MX_CRC_Init	8	static
../Core/Src/main.c:300:13:MX_DMA2D_Init	8	static
../Core/Src/main.c:334:13:MX_I2C3_Init	8	static
../Core/Src/main.c:379:13:MX_LTDC_Init	64	static
../Core/Src/main.c:438:13:MX_SPI4_Init	8	static
../Core/Src/main.c:474:13:MX_SPI5_Init	8	static
../Core/Src/main.c:510:13:MX_TIM1_Init	32	static
../Core/Src/main.c:553:13:MX_USART1_UART_Init	8	static
../Core/Src/main.c:580:13:MX_FMC_Init	40	static
../Core/Src/main.c:629:13:MX_GPIO_Init	64	static
../Core/Src/main.c:725:6:CDC_Print	16	static
../Core/Src/main.c:732:6:HAL_GPIO_EXTI_Callback	16	static
../Core/Src/main.c:760:6:ArduCAM_InitSPI	16	static
../Core/Src/main.c:770:6:ArduCAM_StartCapture	16	static
../Core/Src/main.c:780:10:ArduCAM_ReadFIFOLength	24	static
../Core/Src/main.c:797:19:ArduCAM_WriteI2C	32	static
../Core/Src/main.c:812:19:ArduCAM_ReadI2C	32	static
../Core/Src/main.c:831:19:ArduCAM_WriteSPI	24	static
../Core/Src/main.c:841:19:ArduCAM_ReadSPI	24	static
../Core/Src/main.c:855:6:ArduCAM_Init	80	static
../Core/Src/main.c:889:6:StartDefaultTask	88	static
../Core/Src/main.c:926:6:StartMotionTask	16	static
../Core/Src/main.c:959:6:StartCaptureTask	88	static
../Core/Src/main.c:1001:6:StartAlertTask	16	static
../Core/Src/main.c:1023:6:alertTimerCallback	16	static
../Core/Src/main.c:1040:6:HAL_TIM_PeriodElapsedCallback	16	static
../Core/Src/main.c:1056:6:Error_Handler	4	static,ignoring_inline_asm
